Archive member included to satisfy reference by file (symbol)

c:/program files (x86)/atmel/studio/7.0/toolchain/arm/arm-gnu-toolchain/bin/../lib/gcc/arm-none-eabi/6.3.1/../../../../arm-none-eabi/lib/thumb/v7-m\libm.a(lib_a-sf_cos.o)
                              src/DeltaKinematics.o (cosf)
c:/program files (x86)/atmel/studio/7.0/toolchain/arm/arm-gnu-toolchain/bin/../lib/gcc/arm-none-eabi/6.3.1/../../../../arm-none-eabi/lib/thumb/v7-m\libm.a(lib_a-sf_sin.o)
                              src/DeltaKinematics.o (sinf)
c:/program files (x86)/atmel/studio/7.0/toolchain/arm/arm-gnu-toolchain/bin/../lib/gcc/arm-none-eabi/6.3.1/../../../../arm-none-eabi/lib/thumb/v7-m\libm.a(lib_a-wf_atan2.o)
                              src/DeltaKinematics.o (atan2f)
c:/program files (x86)/atmel/studio/7.0/toolchain/arm/arm-gnu-toolchain/bin/../lib/gcc/arm-none-eabi/6.3.1/../../../../arm-none-eabi/lib/thumb/v7-m\libm.a(lib_a-wf_sqrt.o)
                              src/DeltaKinematics.o (sqrtf)
c:/program files (x86)/atmel/studio/7.0/toolchain/arm/arm-gnu-toolchain/bin/../lib/gcc/arm-none-eabi/6.3.1/../../../../arm-none-eabi/lib/thumb/v7-m\libm.a(lib_a-ef_atan2.o)
                              c:/program files (x86)/atmel/studio/7.0/toolchain/arm/arm-gnu-toolchain/bin/../lib/gcc/arm-none-eabi/6.3.1/../../../../arm-none-eabi/lib/thumb/v7-m\libm.a(lib_a-wf_atan2.o) (__ieee754_atan2f)
c:/program files (x86)/atmel/studio/7.0/toolchain/arm/arm-gnu-toolchain/bin/../lib/gcc/arm-none-eabi/6.3.1/../../../../arm-none-eabi/lib/thumb/v7-m\libm.a(lib_a-ef_rem_pio2.o)
                              c:/program files (x86)/atmel/studio/7.0/toolchain/arm/arm-gnu-toolchain/bin/../lib/gcc/arm-none-eabi/6.3.1/../../../../arm-none-eabi/lib/thumb/v7-m\libm.a(lib_a-sf_cos.o) (__ieee754_rem_pio2f)
c:/program files (x86)/atmel/studio/7.0/toolchain/arm/arm-gnu-toolchain/bin/../lib/gcc/arm-none-eabi/6.3.1/../../../../arm-none-eabi/lib/thumb/v7-m\libm.a(lib_a-ef_sqrt.o)
                              c:/program files (x86)/atmel/studio/7.0/toolchain/arm/arm-gnu-toolchain/bin/../lib/gcc/arm-none-eabi/6.3.1/../../../../arm-none-eabi/lib/thumb/v7-m\libm.a(lib_a-wf_sqrt.o) (__ieee754_sqrtf)
c:/program files (x86)/atmel/studio/7.0/toolchain/arm/arm-gnu-toolchain/bin/../lib/gcc/arm-none-eabi/6.3.1/../../../../arm-none-eabi/lib/thumb/v7-m\libm.a(lib_a-kf_cos.o)
                              c:/program files (x86)/atmel/studio/7.0/toolchain/arm/arm-gnu-toolchain/bin/../lib/gcc/arm-none-eabi/6.3.1/../../../../arm-none-eabi/lib/thumb/v7-m\libm.a(lib_a-sf_cos.o) (__kernel_cosf)
c:/program files (x86)/atmel/studio/7.0/toolchain/arm/arm-gnu-toolchain/bin/../lib/gcc/arm-none-eabi/6.3.1/../../../../arm-none-eabi/lib/thumb/v7-m\libm.a(lib_a-kf_rem_pio2.o)
                              c:/program files (x86)/atmel/studio/7.0/toolchain/arm/arm-gnu-toolchain/bin/../lib/gcc/arm-none-eabi/6.3.1/../../../../arm-none-eabi/lib/thumb/v7-m\libm.a(lib_a-ef_rem_pio2.o) (__kernel_rem_pio2f)
c:/program files (x86)/atmel/studio/7.0/toolchain/arm/arm-gnu-toolchain/bin/../lib/gcc/arm-none-eabi/6.3.1/../../../../arm-none-eabi/lib/thumb/v7-m\libm.a(lib_a-kf_sin.o)
                              c:/program files (x86)/atmel/studio/7.0/toolchain/arm/arm-gnu-toolchain/bin/../lib/gcc/arm-none-eabi/6.3.1/../../../../arm-none-eabi/lib/thumb/v7-m\libm.a(lib_a-sf_cos.o) (__kernel_sinf)
c:/program files (x86)/atmel/studio/7.0/toolchain/arm/arm-gnu-toolchain/bin/../lib/gcc/arm-none-eabi/6.3.1/../../../../arm-none-eabi/lib/thumb/v7-m\libm.a(lib_a-s_lib_ver.o)
                              c:/program files (x86)/atmel/studio/7.0/toolchain/arm/arm-gnu-toolchain/bin/../lib/gcc/arm-none-eabi/6.3.1/../../../../arm-none-eabi/lib/thumb/v7-m\libm.a(lib_a-wf_sqrt.o) (__fdlib_version)
c:/program files (x86)/atmel/studio/7.0/toolchain/arm/arm-gnu-toolchain/bin/../lib/gcc/arm-none-eabi/6.3.1/../../../../arm-none-eabi/lib/thumb/v7-m\libm.a(lib_a-s_matherr.o)
                              c:/program files (x86)/atmel/studio/7.0/toolchain/arm/arm-gnu-toolchain/bin/../lib/gcc/arm-none-eabi/6.3.1/../../../../arm-none-eabi/lib/thumb/v7-m\libm.a(lib_a-wf_sqrt.o) (matherr)
c:/program files (x86)/atmel/studio/7.0/toolchain/arm/arm-gnu-toolchain/bin/../lib/gcc/arm-none-eabi/6.3.1/../../../../arm-none-eabi/lib/thumb/v7-m\libm.a(lib_a-sf_atan.o)
                              c:/program files (x86)/atmel/studio/7.0/toolchain/arm/arm-gnu-toolchain/bin/../lib/gcc/arm-none-eabi/6.3.1/../../../../arm-none-eabi/lib/thumb/v7-m\libm.a(lib_a-ef_atan2.o) (atanf)
c:/program files (x86)/atmel/studio/7.0/toolchain/arm/arm-gnu-toolchain/bin/../lib/gcc/arm-none-eabi/6.3.1/../../../../arm-none-eabi/lib/thumb/v7-m\libm.a(lib_a-sf_fabs.o)
                              c:/program files (x86)/atmel/studio/7.0/toolchain/arm/arm-gnu-toolchain/bin/../lib/gcc/arm-none-eabi/6.3.1/../../../../arm-none-eabi/lib/thumb/v7-m\libm.a(lib_a-ef_atan2.o) (fabsf)
[...]
Memory Configuration

Name             Origin             Length             Attributes
rom              0x00080000         0x00080000         xr
sram0            0x20000000         0x00010000         xrw
sram1            0x20080000         0x00008000         xrw
ram              0x20070000         0x00018000         xrw
*default*        0x00000000         0xffffffff

Linker script and memory map

LOAD c:/program files (x86)/atmel/studio/7.0/toolchain/arm/arm-gnu-toolchain/bin/../lib/gcc/arm-none-eabi/6.3.1/thumb/v7-m/crti.o
LOAD c:/program files (x86)/atmel/studio/7.0/toolchain/arm/arm-gnu-toolchain/bin/../lib/gcc/arm-none-eabi/6.3.1/thumb/v7-m/crtbegin.o
LOAD c:/program files (x86)/atmel/studio/7.0/toolchain/arm/arm-gnu-toolchain/bin/../lib/gcc/arm-none-eabi/6.3.1/../../../../arm-none-eabi/lib/thumb/v7-m/crt0.o
LOAD src/ApplicationTasks.o
LOAD src/ControlTask.o
LOAD src/ASF/common/services/spi/sam_spi/spi_master.o
LOAD src/ButtonHandlerTask.o
LOAD src/MotorControl.o
LOAD src/VisualisationTask.o
LOAD src/MotionEngine.o
LOAD src/DeltaKinematics.o
LOAD src/QuadratureCounters.o
LOAD src/RTSWLibrary/ADCLib.o
LOAD src/RTSWLibrary/DAC4921Lib.o
LOAD src/RTSWLibrary/DeviceIOLib.o
LOAD src/RTSWLibrary/GyroFXASLib.o
LOAD src/RTSWLibrary/I2CLib.o
LOAD src/RTSWLibrary/InterruptLib.o
LOAD src/RTSWLibrary/LEDLib.o
LOAD src/RTSWLibrary/Map.o
LOAD src/RTSWLibrary/PortIOLib.o
LOAD src/RTSWLibrary/QC7366Lib.o
LOAD src/RTSWLibrary/SPILib.o
LOAD src/RTSWLibrary/StatusLED.o
LOAD src/RTSWLibrary/SwitchLib.o
LOAD src/RTSWLibrary/TaskSleep.o
LOAD src/ASF/common/services/delay/sam/cycle_counter.o
LOAD src/ASF/common/services/freertos/sam/freertos_peripheral_control.o
LOAD src/ASF/common/services/freertos/sam/freertos_twi_master.o
LOAD src/ASF/common/services/freertos/sam/freertos_uart_serial.o
LOAD src/ASF/sam/drivers/adc/adc.o
LOAD src/ASF/sam/drivers/adc/adc_sam3u.o
LOAD src/ASF/sam/drivers/spi/spi.o
LOAD src/ASF/sam/drivers/twi/twi.o
LOAD src/ASF/sam/drivers/usart/usart.o
LOAD src/ASF/thirdparty/freertos/freertos-10.4.6/source/croutine.o
LOAD src/ASF/thirdparty/freertos/freertos-10.4.6/source/event_groups.o
LOAD src/ASF/thirdparty/freertos/freertos-10.4.6/source/list.o
LOAD src/ASF/thirdparty/freertos/freertos-10.4.6/source/portable/GCC/ARM_CM3/port.o
LOAD src/ASF/thirdparty/freertos/freertos-10.4.6/source/portable/MemMang/heap_4.o
LOAD src/ASF/thirdparty/freertos/freertos-10.4.6/source/queue.o
LOAD src/ASF/thirdparty/freertos/freertos-10.4.6/source/stream_buffer.o
LOAD src/ASF/thirdparty/freertos/freertos-10.4.6/source/tasks.o
LOAD src/ASF/thirdparty/freertos/freertos-10.4.6/source/timers.o
LOAD src/CommandConsole/vPrintString.o
LOAD src/freertosCLI/CLI-commands.o
LOAD src/freertosCLI/FreeRTOS_CLI.o
LOAD src/main.o
LOAD src/CommandConsole/CommandConsole.o
LOAD src/CommandConsole/run-time-stats-utils.o
LOAD src/ASF/common/services/serial/usart_serial.o
LOAD src/ASF/sam/drivers/pdc/pdc.o
LOAD src/ASF/sam/drivers/rtt/rtt.o
LOAD src/ASF/sam/drivers/tc/tc.o
LOAD src/ASF/sam/drivers/uart/uart.o
LOAD src/ASF/common/services/clock/sam3x/sysclk.o
LOAD src/ASF/common/utils/interrupt/interrupt_sam_nvic.o
LOAD src/ASF/sam/boards/arduino_due_x/init.o
LOAD src/ASF/sam/drivers/pio/pio.o
LOAD src/ASF/sam/drivers/pio/pio_handler.o
LOAD src/ASF/sam/drivers/pmc/pmc.o
LOAD src/ASF/sam/drivers/pmc/sleep.o
LOAD src/ASF/sam/utils/cmsis/sam3x/source/templates/exceptions.o
LOAD src/ASF/sam/utils/cmsis/sam3x/source/templates/gcc/startup_sam3x.o
LOAD src/ASF/sam/utils/cmsis/sam3x/source/templates/system_sam3x.o
LOAD src/ASF/sam/utils/syscalls/gcc/syscalls.o
START GROUP
LOAD ../src/ASF/thirdparty/CMSIS/Lib/GCC\libarm_cortexM3l_math.a
LOAD c:/program files (x86)/atmel/studio/7.0/toolchain/arm/arm-gnu-toolchain/bin/../lib/gcc/arm-none-eabi/6.3.1/../../../../arm-none-eabi/lib/thumb/v7-m\libm.a
END GROUP
START GROUP
LOAD c:/program files (x86)/atmel/studio/7.0/toolchain/arm/arm-gnu-toolchain/bin/../lib/gcc/arm-none-eabi/6.3.1/thumb/v7-m\libgcc.a
LOAD c:/program files (x86)/atmel/studio/7.0/toolchain/arm/arm-gnu-toolchain/bin/../lib/gcc/arm-none-eabi/6.3.1/../../../../arm-none-eabi/lib/thumb/v7-m\libc.a
END GROUP
LOAD c:/program files (x86)/atmel/studio/7.0/toolchain/arm/arm-gnu-toolchain/bin/../lib/gcc/arm-none-eabi/6.3.1/thumb/v7-m/crtend.o
LOAD c:/program files (x86)/atmel/studio/7.0/toolchain/arm/arm-gnu-toolchain/bin/../lib/gcc/arm-none-eabi/6.3.1/thumb/v7-m/crtn.o
                0x00002000                __stack_size__ = DEFINED (__stack_size__)?__stack_size__:0x2000
                0x20087ffc                __ram_end__ = ((ORIGIN (ram) + LENGTH (ram)) - 0x4)

.text           0x00080000     0xe62c
                0x00080000                . = ALIGN (0x4)
                0x00080000                _sfixed = .
 *(.vectors .vectors.*)
 .vectors       0x00080000       0xf4 src/ASF/sam/utils/cmsis/sam3x/source/templates/gcc/startup_sam3x.o
                0x00080000                exception_table
 *(.text .text.* .gnu.linkonce.t.*)
 .text          0x000800f4       0x6c c:/program files (x86)/atmel/studio/7.0/toolchain/arm/arm-gnu-toolchain/bin/../lib/gcc/arm-none-eabi/6.3.1/thumb/v7-m/crtbegin.o
 .text.StartApplicationTasks
                0x00080160       0xb0 src/ApplicationTasks.o
                0x00080160                StartApplicationTasks
 .text.ClockInterruptHandler
                0x00080210       0x3c src/ControlTask.o
                0x00080210                ClockInterruptHandler
 .text.EmergencyInterruptHandler
                0x0008024c       0x44 src/ControlTask.o
                0x0008024c                EmergencyInterruptHandler
 .text.SetState
                0x00080290       0x2c src/ControlTask.o
 .text.ControlTask
                0x000802bc      0x22c src/ControlTask.o
                0x000802bc                ControlTask
 .text.spi_master_init
                0x000804e8       0x54 src/ASF/common/services/spi/sam_spi/spi_master.o
                0x000804e8                spi_master_init
 .text.spi_master_setup_device
                0x0008053c       0x80 src/ASF/common/services/spi/sam_spi/spi_master.o
                0x0008053c                spi_master_setup_device
 .text.spi_write_packet
                0x000805bc       0x34 src/ASF/common/services/spi/sam_spi/spi_master.o
                0x000805bc                spi_write_packet
 .text.spi_read_packet
                0x000805f0       0x54 src/ASF/common/services/spi/sam_spi/spi_master.o
                0x000805f0                spi_read_packet
 .text.ButtonHandlerTask
                0x00080644       0xec src/ButtonHandlerTask.o
                0x00080644                ButtonHandlerTask
 .text.motor_EnableESCONController
                0x00080730       0x10 src/MotorControl.o
                0x00080730                motor_EnableESCONController
 .text.motor_DisableESCONController
                0x00080740       0x10 src/MotorControl.o
                0x00080740                motor_DisableESCONController
 .text.motor_HasOverload
                0x00080750       0x10 src/MotorControl.o
                0x00080750                motor_HasOverload
 .text.homeAllMotors
                0x00080760      0x198 src/MotorControl.o
                0x00080760                homeAllMotors
 .text.port_AllLampsOff
                0x000808f8       0x1c src/VisualisationTask.o
                0x000808f8                port_AllLampsOff
 .text.port_SetLamp
                0x00080914       0x30 src/VisualisationTask.o
                0x00080914                port_SetLamp
 .text.VisualisationTask
                0x00080944      0x11c src/VisualisationTask.o
                0x00080944                VisualisationTask
 .text.CopyVector3
                0x00080a60        0xe src/MotionEngine.o
 *fill*         0x00080a6e        0x2 
 .text.FinishSegmentWithHold
                0x00080a70       0x54 src/MotionEngine.o
 .text.ReadUpperArmPositions
                0x00080ac4       0x84 src/MotionEngine.o
 .text.ZeroMotorOutputs
                0x00080b48       0x20 src/MotionEngine.o
 .text.MotionEngine_Init
                0x00080b68       0xb0 src/MotionEngine.o
                0x00080b68                MotionEngine_Init
 .text.MotionEngine_Disable
                0x00080c18       0x44 src/MotionEngine.o
                0x00080c18                MotionEngine_Disable
 .text.MotionEngine_RunTick
                0x00080c5c      0x400 src/MotionEngine.o
                0x00080c5c                MotionEngine_RunTick
 .text.MotionEngine_HoldPosition
                0x0008105c       0x5c src/MotionEngine.o
                0x0008105c                MotionEngine_HoldPosition
 .text.MotionEngine_HoldCurrentPosition
                0x000810b8       0x20 src/MotionEngine.o
                0x000810b8                MotionEngine_HoldCurrentPosition
 .text.MotionEngine_StartMoveToTcp
                0x000810d8       0xb4 src/MotionEngine.o
                0x000810d8                MotionEngine_StartMoveToTcp
 .text.MotionEngine_StartMoveToJoints
                0x0008118c       0x6c src/MotionEngine.o
                0x0008118c                MotionEngine_StartMoveToJoints
 .text.StartDemoMove
                0x000811f8       0x40 src/MotionEngine.o
 .text.MotionEngine_StartWait
                0x00081238       0x30 src/MotionEngine.o
                0x00081238                MotionEngine_StartWait
 .text.MotionEngine_ResetSequence
                0x00081268        0xc src/MotionEngine.o
                0x00081268                MotionEngine_ResetSequence
 .text.MotionEngine_IsBusy
                0x00081274       0x18 src/MotionEngine.o
                0x00081274                MotionEngine_IsBusy
 .text.MotionEngine_RunSequence
                0x0008128c       0xe8 src/MotionEngine.o
                0x0008128c                MotionEngine_RunSequence
 .text.GeometryIsValid
                0x00081374       0x4c src/DeltaKinematics.o
 .text.DeltaKinematics_CalcAngleYZ
                0x000813c0      0x1ac src/DeltaKinematics.o
 .text.DeltaKinematics_IsGeometryValid
                0x0008156c       0x14 src/DeltaKinematics.o
                0x0008156c                DeltaKinematics_IsGeometryValid
 .text.DeltaKinematics_Inverse
                0x00081580      0x120 src/DeltaKinematics.o
                0x00081580                DeltaKinematics_Inverse
 .text.DeltaKinematics_Forward
                0x000816a0      0x338 src/DeltaKinematics.o
                0x000816a0                DeltaKinematics_Forward
 .text.QCEncodersSetup
                0x000819d8       0x38 src/QuadratureCounters.o
                0x000819d8                QCEncodersSetup
 .text.adc_Init
                0x00081a10       0x58 src/RTSWLibrary/ADCLib.o
                0x00081a10                adc_Init
 .text.dac_SelectChannel
                0x00081a68       0x1c src/RTSWLibrary/DAC4921Lib.o
                0x00081a68                dac_SelectChannel
 .text.dac_DeselectChannel
                0x00081a84       0x1c src/RTSWLibrary/DAC4921Lib.o
                0x00081a84                dac_DeselectChannel
 .text.dac_Write
                0x00081aa0       0x38 src/RTSWLibrary/DAC4921Lib.o
                0x00081aa0                dac_Write
 .text.dac_Init
                0x00081ad8       0x54 src/RTSWLibrary/DAC4921Lib.o
                0x00081ad8                dac_Init
 .text.dac_SetOutputVoltage
                0x00081b2c       0x50 src/RTSWLibrary/DAC4921Lib.o
                0x00081b2c                dac_SetOutputVoltage
 .text.dio_Init
                0x00081b7c      0x17c src/RTSWLibrary/DeviceIOLib.o
                0x00081b7c                dio_Init
 .text.dio_SetPinDirection
                0x00081cf8       0x44 src/RTSWLibrary/DeviceIOLib.o
                0x00081cf8                dio_SetPinDirection
 .text.dio_SetPinMode
                0x00081d3c       0x68 src/RTSWLibrary/DeviceIOLib.o
                0x00081d3c                dio_SetPinMode
 .text.dio_TogglePin
                0x00081da4       0x34 src/RTSWLibrary/DeviceIOLib.o
                0x00081da4                dio_TogglePin
 .text.dio_SetPin
                0x00081dd8       0x38 src/RTSWLibrary/DeviceIOLib.o
                0x00081dd8                dio_SetPin
 .text.dio_GetPin
                0x00081e10       0x34 src/RTSWLibrary/DeviceIOLib.o
                0x00081e10                dio_GetPin
 .text.dio_GetIOPortPinNumber
                0x00081e44       0x14 src/RTSWLibrary/DeviceIOLib.o
                0x00081e44                dio_GetIOPortPinNumber
 .text.i2c_InitChannel
                0x00081e58       0xbc src/RTSWLibrary/I2CLib.o
                0x00081e58                i2c_InitChannel
 .text.i2c_ClearBus
                0x00081f14      0x19c src/RTSWLibrary/I2CLib.o
                0x00081f14                i2c_ClearBus
 .text.i2c_Init
                0x000820b0       0x78 src/RTSWLibrary/I2CLib.o
                0x000820b0                i2c_Init
 .text.pioEnableInterrupt
                0x00082128       0x28 src/RTSWLibrary/InterruptLib.o
                0x00082128                pioEnableInterrupt
 .text.pioDisableInterrupt
                0x00082150       0x28 src/RTSWLibrary/InterruptLib.o
                0x00082150                pioDisableInterrupt
 .text.pioSetInterruptHandlerOnPin
                0x00082178       0xcc src/RTSWLibrary/InterruptLib.o
                0x00082178                pioSetInterruptHandlerOnPin
 .text.interrupt_AttachHandler
                0x00082244       0x28 src/RTSWLibrary/InterruptLib.o
                0x00082244                interrupt_AttachHandler
 .text.led_Init
                0x0008226c       0x38 src/RTSWLibrary/LEDLib.o
                0x0008226c                led_Init
 .text.led_DisplayValue
                0x000822a4       0x28 src/RTSWLibrary/LEDLib.o
                0x000822a4                led_DisplayValue
 .text.fmap     0x000822cc       0x48 src/RTSWLibrary/Map.o
                0x000822cc                fmap
 .text.constrain
                0x00082314       0x2c src/RTSWLibrary/Map.o
                0x00082314                constrain
 .text.port_Init
                0x00082340       0x80 src/RTSWLibrary/PortIOLib.o
                0x00082340                port_Init
 .text.port_IsBitSet
                0x000823c0       0x1c src/RTSWLibrary/PortIOLib.o
                0x000823c0                port_IsBitSet
 .text.port_SetBit
                0x000823dc       0x1c src/RTSWLibrary/PortIOLib.o
                0x000823dc                port_SetBit
 .text.qc_SelectChannel
                0x000823f8       0x1c src/RTSWLibrary/QC7366Lib.o
                0x000823f8                qc_SelectChannel
 .text.qc_DeselectChannel
                0x00082414       0x1c src/RTSWLibrary/QC7366Lib.o
                0x00082414                qc_DeselectChannel
 .text.qc_WriteModeRegister
                0x00082430       0x3c src/RTSWLibrary/QC7366Lib.o
                0x00082430                qc_WriteModeRegister
 .text.qc_ReadModeRegister
                0x0008246c       0x50 src/RTSWLibrary/QC7366Lib.o
                0x0008246c                qc_ReadModeRegister
 .text.qc_ReadCountRegister
                0x000824bc       0x58 src/RTSWLibrary/QC7366Lib.o
                0x000824bc                qc_ReadCountRegister
 .text.qc_DisableCounter
                0x00082514       0x24 src/RTSWLibrary/QC7366Lib.o
                0x00082514                qc_DisableCounter
 .text.qc_EnableCounter
                0x00082538       0x20 src/RTSWLibrary/QC7366Lib.o
                0x00082538                qc_EnableCounter
 .text.qc_SendCommand
                0x00082558       0x2c src/RTSWLibrary/QC7366Lib.o
                0x00082558                qc_SendCommand
 .text.qc_ClearCountRegister
                0x00082584       0x10 src/RTSWLibrary/QC7366Lib.o
                0x00082584                qc_ClearCountRegister
 .text.qc_Init  0x00082594       0x64 src/RTSWLibrary/QC7366Lib.o
                0x00082594                qc_Init
 .text.spi_Init
                0x000825f8       0x48 src/RTSWLibrary/SPILib.o
                0x000825f8                spi_Init
 .text.spi_OperationCompleted
                0x00082640       0x10 src/RTSWLibrary/SPILib.o
                0x00082640                spi_OperationCompleted
 .text.spi_WritePacket
                0x00082650       0x28 src/RTSWLibrary/SPILib.o
                0x00082650                spi_WritePacket
 .text.spi_WriteByte
                0x00082678       0x1c src/RTSWLibrary/SPILib.o
                0x00082678                spi_WriteByte
 .text.spi_WriteWord
                0x00082694       0x20 src/RTSWLibrary/SPILib.o
                0x00082694                spi_WriteWord
 .text.spi_ReadPacket
                0x000826b4       0x18 src/RTSWLibrary/SPILib.o
                0x000826b4                spi_ReadPacket
 .text.spi_ReadByte
                0x000826cc       0x24 src/RTSWLibrary/SPILib.o
                0x000826cc                spi_ReadByte
 .text.stled_Init
                0x000826f0       0x1c src/RTSWLibrary/StatusLED.o
                0x000826f0                stled_Init
 .text.stled_Toggle
                0x0008270c       0x10 src/RTSWLibrary/StatusLED.o
                0x0008270c                stled_Toggle
 .text.switch_Init
                0x0008271c       0x38 src/RTSWLibrary/SwitchLib.o
                0x0008271c                switch_Init
 .text.switch_IsPressed
                0x00082754       0x24 src/RTSWLibrary/SwitchLib.o
                0x00082754                switch_IsPressed
 .text.taskSleep
                0x00082778        0xc src/RTSWLibrary/TaskSleep.o
                0x00082778                taskSleep
 .text.get_pdc_peripheral_details
                0x00082784       0x2a src/ASF/common/services/freertos/sam/freertos_peripheral_control.o
                0x00082784                get_pdc_peripheral_details
 .text.check_requested_operating_mode
                0x000827ae       0x36 src/ASF/common/services/freertos/sam/freertos_peripheral_control.o
                0x000827ae                check_requested_operating_mode
 .text.create_peripheral_control_semaphores
                0x000827e4       0xe0 src/ASF/common/services/freertos/sam/freertos_peripheral_control.o
                0x000827e4                create_peripheral_control_semaphores
 .text.configure_interrupt_controller
                0x000828c4       0x70 src/ASF/common/services/freertos/sam/freertos_peripheral_control.o
                0x000828c4                configure_interrupt_controller
 .text.freertos_copy_bytes_from_pdc_circular_buffer
                0x00082934       0x80 src/ASF/common/services/freertos/sam/freertos_peripheral_control.o
                0x00082934                freertos_copy_bytes_from_pdc_circular_buffer
 .text.freertos_obtain_peripheral_access_semphore
                0x000829b4       0x4c src/ASF/common/services/freertos/sam/freertos_peripheral_control.o
                0x000829b4                freertos_obtain_peripheral_access_semphore
 .text.freertos_start_pdc_transfer
                0x00082a00       0x7c src/ASF/common/services/freertos/sam/freertos_peripheral_control.o
                0x00082a00                freertos_start_pdc_transfer
 .text.freertos_optionally_wait_transfer_completion
                0x00082a7c       0x28 src/ASF/common/services/freertos/sam/freertos_peripheral_control.o
                0x00082a7c                freertos_optionally_wait_transfer_completion
 .text.local_twi_handler
                0x00082aa4      0x224 src/ASF/common/services/freertos/sam/freertos_twi_master.o
 .text.freertos_twi_master_init
                0x00082cc8      0x128 src/ASF/common/services/freertos/sam/freertos_twi_master.o
                0x00082cc8                freertos_twi_master_init
 .text.TWI0_Handler
                0x00082df0       0x10 src/ASF/common/services/freertos/sam/freertos_twi_master.o
                0x00082df0                TWI0_Handler
 .text.TWI1_Handler
                0x00082e00       0x10 src/ASF/common/services/freertos/sam/freertos_twi_master.o
                0x00082e00                TWI1_Handler
 .text.configure_rx_dma
                0x00082e10       0xe0 src/ASF/common/services/freertos/sam/freertos_uart_serial.o
 .text.freertos_uart_serial_init
                0x00082ef0      0x1d0 src/ASF/common/services/freertos/sam/freertos_uart_serial.o
                0x00082ef0                freertos_uart_serial_init
 .text.freertos_uart_write_packet_async
                0x000830c0       0x8c src/ASF/common/services/freertos/sam/freertos_uart_serial.o
                0x000830c0                freertos_uart_write_packet_async
 .text.freertos_uart_serial_read_packet
                0x0008314c      0x16c src/ASF/common/services/freertos/sam/freertos_uart_serial.o
                0x0008314c                freertos_uart_serial_read_packet
 .text.UART_Handler
                0x000832b8      0x118 src/ASF/common/services/freertos/sam/freertos_uart_serial.o
                0x000832b8                UART_Handler
 .text.adc_init
                0x000833d0       0x34 src/ASF/sam/drivers/adc/adc.o
                0x000833d0                adc_init
 .text.adc_set_resolution
                0x00083404       0x10 src/ASF/sam/drivers/adc/adc.o
                0x00083404                adc_set_resolution
 .text.adc_configure_trigger
                0x00083414        0xe src/ASF/sam/drivers/adc/adc.o
                0x00083414                adc_configure_trigger
 .text.adc_configure_timing
                0x00083422       0x1c src/ASF/sam/drivers/adc/adc.o
                0x00083422                adc_configure_timing
 *fill*         0x0008343e        0x2 
 .text.spi_enable_clock
                0x00083440       0x1c src/ASF/sam/drivers/spi/spi.o
                0x00083440                spi_enable_clock
 .text.spi_set_peripheral_chip_select_value
                0x0008345c       0x16 src/ASF/sam/drivers/spi/spi.o
                0x0008345c                spi_set_peripheral_chip_select_value
 .text.spi_set_delay_between_chip_select
                0x00083472       0x12 src/ASF/sam/drivers/spi/spi.o
                0x00083472                spi_set_delay_between_chip_select
 .text.spi_set_clock_polarity
                0x00083484       0x1e src/ASF/sam/drivers/spi/spi.o
                0x00083484                spi_set_clock_polarity
 .text.spi_set_clock_phase
                0x000834a2       0x1e src/ASF/sam/drivers/spi/spi.o
                0x000834a2                spi_set_clock_phase
 .text.spi_configure_cs_behavior
                0x000834c0       0x46 src/ASF/sam/drivers/spi/spi.o
                0x000834c0                spi_configure_cs_behavior
 .text.spi_set_bits_per_transfer
                0x00083506       0x14 src/ASF/sam/drivers/spi/spi.o
                0x00083506                spi_set_bits_per_transfer
 .text.spi_calc_baudrate_div
                0x0008351a       0x16 src/ASF/sam/drivers/spi/spi.o
                0x0008351a                spi_calc_baudrate_div
 .text.spi_set_baudrate_div
                0x00083530       0x26 src/ASF/sam/drivers/spi/spi.o
                0x00083530                spi_set_baudrate_div
 .text.spi_set_transfer_delay
                0x00083556       0x1c src/ASF/sam/drivers/spi/spi.o
                0x00083556                spi_set_transfer_delay
 .text.twi_enable_master_mode
                0x00083572        0xe src/ASF/sam/drivers/twi/twi.o
                0x00083572                twi_enable_master_mode
 .text.twi_set_speed
                0x00083580       0xb8 src/ASF/sam/drivers/twi/twi.o
                0x00083580                twi_set_speed
 .text.twi_enable_interrupt
                0x00083638        0x4 src/ASF/sam/drivers/twi/twi.o
                0x00083638                twi_enable_interrupt
 .text.twi_disable_interrupt
                0x0008363c        0x6 src/ASF/sam/drivers/twi/twi.o
                0x0008363c                twi_disable_interrupt
 .text.twi_get_interrupt_status
                0x00083642        0x4 src/ASF/sam/drivers/twi/twi.o
                0x00083642                twi_get_interrupt_status
 .text.twi_get_interrupt_mask
                0x00083646        0x4 src/ASF/sam/drivers/twi/twi.o
                0x00083646                twi_get_interrupt_mask
 .text.twi_reset
                0x0008364a        0x8 src/ASF/sam/drivers/twi/twi.o
                0x0008364a                twi_reset
 *fill*         0x00083652        0x2 
 .text.xEventGroupCreate
                0x00083654       0x24 src/ASF/thirdparty/freertos/freertos-10.4.6/source/event_groups.o
                0x00083654                xEventGroupCreate
 .text.xEventGroupWaitBits
                0x00083678      0x140 src/ASF/thirdparty/freertos/freertos-10.4.6/source/event_groups.o
                0x00083678                xEventGroupWaitBits
 .text.xEventGroupSetBits
                0x000837b8       0xb4 src/ASF/thirdparty/freertos/freertos-10.4.6/source/event_groups.o
                0x000837b8                xEventGroupSetBits
 .text.vListInitialise
                0x0008386c       0x16 src/ASF/thirdparty/freertos/freertos-10.4.6/source/list.o
                0x0008386c                vListInitialise
 .text.vListInitialiseItem
                0x00083882        0x6 src/ASF/thirdparty/freertos/freertos-10.4.6/source/list.o
                0x00083882                vListInitialiseItem
 .text.vListInsert
                0x00083888       0x34 src/ASF/thirdparty/freertos/freertos-10.4.6/source/list.o
                0x00083888                vListInsert
 .text.uxListRemove
                0x000838bc       0x26 src/ASF/thirdparty/freertos/freertos-10.4.6/source/list.o
                0x000838bc                uxListRemove
 *fill*         0x000838e2        0x2 
 .text.prvTaskExitError
                0x000838e4       0x40 src/ASF/thirdparty/freertos/freertos-10.4.6/source/portable/GCC/ARM_CM3/port.o
 .text.prvPortStartFirstTask
                0x00083924       0x20 src/ASF/thirdparty/freertos/freertos-10.4.6/source/portable/GCC/ARM_CM3/port.o
 .text.pxPortInitialiseStack
                0x00083944       0x24 src/ASF/thirdparty/freertos/freertos-10.4.6/source/portable/GCC/ARM_CM3/port.o
                0x00083944                pxPortInitialiseStack
 *fill*         0x00083968        0x8 
 .text.SVC_Handler
                0x00083970       0x24 src/ASF/thirdparty/freertos/freertos-10.4.6/source/portable/GCC/ARM_CM3/port.o
                0x00083970                SVC_Handler
 .text.vPortEnterCritical
                0x00083994       0x44 src/ASF/thirdparty/freertos/freertos-10.4.6/source/portable/GCC/ARM_CM3/port.o
                0x00083994                vPortEnterCritical
 .text.vPortExitCritical
                0x000839d8       0x2c src/ASF/thirdparty/freertos/freertos-10.4.6/source/portable/GCC/ARM_CM3/port.o
                0x000839d8                vPortExitCritical
 *fill*         0x00083a04        0xc 
 .text.PendSV_Handler
                0x00083a10       0x44 src/ASF/thirdparty/freertos/freertos-10.4.6/source/portable/GCC/ARM_CM3/port.o
                0x00083a10                PendSV_Handler
 .text.SysTick_Handler
                0x00083a54       0x30 src/ASF/thirdparty/freertos/freertos-10.4.6/source/portable/GCC/ARM_CM3/port.o
                0x00083a54                SysTick_Handler
 .text.vPortSetupTimerInterrupt
                0x00083a84       0x28 src/ASF/thirdparty/freertos/freertos-10.4.6/source/portable/GCC/ARM_CM3/port.o
                0x00083a84                vPortSetupTimerInterrupt
 .text.xPortStartScheduler
                0x00083aac       0xd0 src/ASF/thirdparty/freertos/freertos-10.4.6/source/portable/GCC/ARM_CM3/port.o
                0x00083aac                xPortStartScheduler
 .text.vPortValidateInterruptPriority
                0x00083b7c       0x5c src/ASF/thirdparty/freertos/freertos-10.4.6/source/portable/GCC/ARM_CM3/port.o
                0x00083b7c                vPortValidateInterruptPriority
 .text.prvInsertBlockIntoFreeList
                0x00083bd8       0x54 src/ASF/thirdparty/freertos/freertos-10.4.6/source/portable/MemMang/heap_4.o
 .text.pvPortMalloc
                0x00083c2c      0x164 src/ASF/thirdparty/freertos/freertos-10.4.6/source/portable/MemMang/heap_4.o
                0x00083c2c                pvPortMalloc
 .text.vPortFree
                0x00083d90       0x88 src/ASF/thirdparty/freertos/freertos-10.4.6/source/portable/MemMang/heap_4.o
                0x00083d90                vPortFree
 .text.prvIsQueueEmpty
                0x00083e18       0x20 src/ASF/thirdparty/freertos/freertos-10.4.6/source/queue.o
 .text.prvCopyDataToQueue
                0x00083e38       0x80 src/ASF/thirdparty/freertos/freertos-10.4.6/source/queue.o
 .text.prvNotifyQueueSetContainer
                0x00083eb8       0x9c src/ASF/thirdparty/freertos/freertos-10.4.6/source/queue.o
 .text.prvCopyDataFromQueue
                0x00083f54       0x28 src/ASF/thirdparty/freertos/freertos-10.4.6/source/queue.o
 .text.prvUnlockQueue
                0x00083f7c       0xa8 src/ASF/thirdparty/freertos/freertos-10.4.6/source/queue.o
 .text.xQueueGenericReset
                0x00084024       0xb4 src/ASF/thirdparty/freertos/freertos-10.4.6/source/queue.o
                0x00084024                xQueueGenericReset
 .text.xQueueGenericCreate
                0x000840d8       0x68 src/ASF/thirdparty/freertos/freertos-10.4.6/source/queue.o
                0x000840d8                xQueueGenericCreate
 .text.xQueueCreateCountingSemaphore
                0x00084140       0x34 src/ASF/thirdparty/freertos/freertos-10.4.6/source/queue.o
                0x00084140                xQueueCreateCountingSemaphore
 .text.xQueueGenericSend
                0x00084174      0x1fc src/ASF/thirdparty/freertos/freertos-10.4.6/source/queue.o
                0x00084174                xQueueGenericSend
 .text.xQueueCreateMutex
                0x00084370       0x2c src/ASF/thirdparty/freertos/freertos-10.4.6/source/queue.o
                0x00084370                xQueueCreateMutex
 .text.xQueueGiveFromISR
                0x0008439c       0xf0 src/ASF/thirdparty/freertos/freertos-10.4.6/source/queue.o
                0x0008439c                xQueueGiveFromISR
 .text.xQueueReceive
                0x0008448c      0x188 src/ASF/thirdparty/freertos/freertos-10.4.6/source/queue.o
                0x0008448c                xQueueReceive
 .text.xQueueSemaphoreTake
                0x00084614      0x1e0 src/ASF/thirdparty/freertos/freertos-10.4.6/source/queue.o
                0x00084614                xQueueSemaphoreTake
 .text.xQueuePeek
                0x000847f4      0x188 src/ASF/thirdparty/freertos/freertos-10.4.6/source/queue.o
                0x000847f4                xQueuePeek
 .text.vQueueAddToRegistry
                0x0008497c       0x60 src/ASF/thirdparty/freertos/freertos-10.4.6/source/queue.o
                0x0008497c                vQueueAddToRegistry
 .text.vQueueWaitForMessageRestricted
                0x000849dc       0x60 src/ASF/thirdparty/freertos/freertos-10.4.6/source/queue.o
                0x000849dc                vQueueWaitForMessageRestricted
 .text.prvResetNextTaskUnblockTime
                0x00084a3c       0x28 src/ASF/thirdparty/freertos/freertos-10.4.6/source/tasks.o
 .text.prvAddCurrentTaskToDelayedList
                0x00084a64       0xbc src/ASF/thirdparty/freertos/freertos-10.4.6/source/tasks.o
 .text.prvIdleTask
                0x00084b20       0x8c src/ASF/thirdparty/freertos/freertos-10.4.6/source/tasks.o
 .text.prvWriteNameToBuffer
                0x00084bac       0x34 src/ASF/thirdparty/freertos/freertos-10.4.6/source/tasks.o
 .text.xTaskCreate
                0x00084be0      0x228 src/ASF/thirdparty/freertos/freertos-10.4.6/source/tasks.o
                0x00084be0                xTaskCreate
 .text.eTaskGetState
                0x00084e08       0x94 src/ASF/thirdparty/freertos/freertos-10.4.6/source/tasks.o
                0x00084e08                eTaskGetState
 .text.vTaskStartScheduler
                0x00084e9c       0xa0 src/ASF/thirdparty/freertos/freertos-10.4.6/source/tasks.o
                0x00084e9c                vTaskStartScheduler
 .text.vTaskSuspendAll
                0x00084f3c       0x10 src/ASF/thirdparty/freertos/freertos-10.4.6/source/tasks.o
                0x00084f3c                vTaskSuspendAll
 .text.xTaskGetTickCount
                0x00084f4c        0xc src/ASF/thirdparty/freertos/freertos-10.4.6/source/tasks.o
                0x00084f4c                xTaskGetTickCount
 .text.xTaskGetTickCountFromISR
                0x00084f58       0x14 src/ASF/thirdparty/freertos/freertos-10.4.6/source/tasks.o
                0x00084f58                xTaskGetTickCountFromISR
 .text.xTaskIncrementTick
                0x00084f6c      0x1b4 src/ASF/thirdparty/freertos/freertos-10.4.6/source/tasks.o
                0x00084f6c                xTaskIncrementTick
 .text.xTaskResumeAll
                0x00085120      0x19c src/ASF/thirdparty/freertos/freertos-10.4.6/source/tasks.o
                0x00085120                xTaskResumeAll
 .text.vTaskDelay
                0x000852bc       0x58 src/ASF/thirdparty/freertos/freertos-10.4.6/source/tasks.o
                0x000852bc                vTaskDelay
 .text.vTaskSwitchContext
                0x00085314      0x100 src/ASF/thirdparty/freertos/freertos-10.4.6/source/tasks.o
                0x00085314                vTaskSwitchContext
 .text.vTaskPlaceOnEventList
                0x00085414       0x38 src/ASF/thirdparty/freertos/freertos-10.4.6/source/tasks.o
                0x00085414                vTaskPlaceOnEventList
 .text.vTaskPlaceOnUnorderedEventList
                0x0008544c       0x74 src/ASF/thirdparty/freertos/freertos-10.4.6/source/tasks.o
                0x0008544c                vTaskPlaceOnUnorderedEventList
 .text.vTaskPlaceOnEventListRestricted
                0x000854c0       0x5c src/ASF/thirdparty/freertos/freertos-10.4.6/source/tasks.o
                0x000854c0                vTaskPlaceOnEventListRestricted
 .text.xTaskRemoveFromEventList
                0x0008551c       0xf4 src/ASF/thirdparty/freertos/freertos-10.4.6/source/tasks.o
                0x0008551c                xTaskRemoveFromEventList
 .text.vTaskRemoveFromUnorderedEventList
                0x00085610       0xe4 src/ASF/thirdparty/freertos/freertos-10.4.6/source/tasks.o
                0x00085610                vTaskRemoveFromUnorderedEventList
 .text.vTaskSetTimeOutState
                0x000856f4       0x40 src/ASF/thirdparty/freertos/freertos-10.4.6/source/tasks.o
                0x000856f4                vTaskSetTimeOutState
 .text.vTaskInternalSetTimeOutState
                0x00085734       0x18 src/ASF/thirdparty/freertos/freertos-10.4.6/source/tasks.o
                0x00085734                vTaskInternalSetTimeOutState
 .text.xTaskCheckForTimeOut
                0x0008574c       0x90 src/ASF/thirdparty/freertos/freertos-10.4.6/source/tasks.o
                0x0008574c                xTaskCheckForTimeOut
 .text.vTaskMissedYield
                0x000857dc        0xc src/ASF/thirdparty/freertos/freertos-10.4.6/source/tasks.o
                0x000857dc                vTaskMissedYield
 .text.vTaskGetInfo
                0x000857e8       0x98 src/ASF/thirdparty/freertos/freertos-10.4.6/source/tasks.o
                0x000857e8                vTaskGetInfo
 .text.prvListTasksWithinSingleList
                0x00085880       0x68 src/ASF/thirdparty/freertos/freertos-10.4.6/source/tasks.o
 .text.uxTaskGetSystemState
                0x000858e8       0xc4 src/ASF/thirdparty/freertos/freertos-10.4.6/source/tasks.o
                0x000858e8                uxTaskGetSystemState
 .text.xTaskGetSchedulerState
                0x000859ac       0x20 src/ASF/thirdparty/freertos/freertos-10.4.6/source/tasks.o
                0x000859ac                xTaskGetSchedulerState
 .text.xTaskPriorityInherit
                0x000859cc       0xc8 src/ASF/thirdparty/freertos/freertos-10.4.6/source/tasks.o
                0x000859cc                xTaskPriorityInherit
 .text.xTaskPriorityDisinherit
                0x00085a94       0xc8 src/ASF/thirdparty/freertos/freertos-10.4.6/source/tasks.o
                0x00085a94                xTaskPriorityDisinherit
 .text.vTaskPriorityDisinheritAfterTimeout
                0x00085b5c       0xd4 src/ASF/thirdparty/freertos/freertos-10.4.6/source/tasks.o
                0x00085b5c                vTaskPriorityDisinheritAfterTimeout
 .text.vTaskList
                0x00085c30       0xd8 src/ASF/thirdparty/freertos/freertos-10.4.6/source/tasks.o
                0x00085c30                vTaskList
 .text.vTaskGetRunTimeStats
                0x00085d08       0xb8 src/ASF/thirdparty/freertos/freertos-10.4.6/source/tasks.o
                0x00085d08                vTaskGetRunTimeStats
 .text.uxTaskResetEventItemValue
                0x00085dc0       0x18 src/ASF/thirdparty/freertos/freertos-10.4.6/source/tasks.o
                0x00085dc0                uxTaskResetEventItemValue
 .text.pvTaskIncrementMutexHeldCount
                0x00085dd8       0x1c src/ASF/thirdparty/freertos/freertos-10.4.6/source/tasks.o
                0x00085dd8                pvTaskIncrementMutexHeldCount
 .text.ulTaskGenericNotifyTake
                0x00085df4       0x94 src/ASF/thirdparty/freertos/freertos-10.4.6/source/tasks.o
                0x00085df4                ulTaskGenericNotifyTake
 .text.vTaskGenericNotifyGiveFromISR
                0x00085e88      0x134 src/ASF/thirdparty/freertos/freertos-10.4.6/source/tasks.o
                0x00085e88                vTaskGenericNotifyGiveFromISR
 .text.prvInsertTimerInActiveList
                0x00085fbc       0x4c src/ASF/thirdparty/freertos/freertos-10.4.6/source/timers.o
 .text.prvReloadTimer
                0x00086008       0x2c src/ASF/thirdparty/freertos/freertos-10.4.6/source/timers.o
 .text.prvProcessExpiredTimer
                0x00086034       0x48 src/ASF/thirdparty/freertos/freertos-10.4.6/source/timers.o
 .text.prvSampleTimeNow
                0x0008607c       0x6c src/ASF/thirdparty/freertos/freertos-10.4.6/source/timers.o
 .text.prvTimerTask
                0x000860e8      0x1bc src/ASF/thirdparty/freertos/freertos-10.4.6/source/timers.o
 .text.prvCheckForValidListAndQueue
                0x000862a4       0x70 src/ASF/thirdparty/freertos/freertos-10.4.6/source/timers.o
 .text.xTimerCreateTimerTask
                0x00086314       0x54 src/ASF/thirdparty/freertos/freertos-10.4.6/source/timers.o
                0x00086314                xTimerCreateTimerTask
 .text.vPrintString
                0x00086368       0x7c src/CommandConsole/vPrintString.o
                0x00086368                vPrintString
 .text.run_time_stats_command
                0x000863e4       0x38 src/freertosCLI/CLI-commands.o
 .text.task_stats_command
                0x0008641c       0x38 src/freertosCLI/CLI-commands.o
 .text.vRegisterCLICommands
                0x00086454       0x1c src/freertosCLI/CLI-commands.o
                0x00086454                vRegisterCLICommands
 .text.prvHelpCommand
                0x00086470       0x38 src/freertosCLI/FreeRTOS_CLI.o
 .text.FreeRTOS_CLIRegisterCommand
                0x000864a8       0x60 src/freertosCLI/FreeRTOS_CLI.o
                0x000864a8                FreeRTOS_CLIRegisterCommand
 .text.FreeRTOS_CLIProcessCommand
                0x00086508       0xfc src/freertosCLI/FreeRTOS_CLI.o
                0x00086508                FreeRTOS_CLIProcessCommand
 .text.FreeRTOS_CLIGetOutputBuffer
                0x00086604        0x8 src/freertosCLI/FreeRTOS_CLI.o
                0x00086604                FreeRTOS_CLIGetOutputBuffer
 .text.HartbeatTask
                0x0008660c       0x28 src/main.o
                0x0008660c                HartbeatTask
 .text.StartHartbeatTask
                0x00086634       0x2c src/main.o
                0x00086634                StartHartbeatTask
 .text.vApplicationIdleHook
                0x00086660        0x2 src/main.o
                0x00086660                vApplicationIdleHook
 *fill*         0x00086662        0x2 
 .text.vApplicationStackOverflowHook
                0x00086664       0x2c src/main.o
                0x00086664                vApplicationStackOverflowHook
 .text.vApplicationMallocFailedHook
                0x00086690       0x2c src/main.o
                0x00086690                vApplicationMallocFailedHook
 .text.main     0x000866bc       0x94 src/main.o
                0x000866bc                main
 .text.PrintfTask
                0x00086750       0x58 src/CommandConsole/CommandConsole.o
                0x00086750                PrintfTask
 .text.CommandConsoleTask
                0x000867a8      0x174 src/CommandConsole/CommandConsole.o
                0x000867a8                CommandConsoleTask
 .text.StartCommandConsoleTask
                0x0008691c       0x64 src/CommandConsole/CommandConsole.o
                0x0008691c                StartCommandConsoleTask
 .text.configure_timer_for_run_time_stats
                0x00086980       0x10 src/CommandConsole/run-time-stats-utils.o
                0x00086980                configure_timer_for_run_time_stats
 .text.get_run_time_counter_value
                0x00086990       0x60 src/CommandConsole/run-time-stats-utils.o
                0x00086990                get_run_time_counter_value
 .text.pdc_tx_init
                0x000869f0       0x18 src/ASF/sam/drivers/pdc/pdc.o
                0x000869f0                pdc_tx_init
 .text.pdc_rx_init
                0x00086a08       0x18 src/ASF/sam/drivers/pdc/pdc.o
                0x00086a08                pdc_rx_init
 .text.pdc_enable_transfer
                0x00086a20        0xc src/ASF/sam/drivers/pdc/pdc.o
                0x00086a20                pdc_enable_transfer
 .text.pdc_disable_transfer
                0x00086a2c       0x10 src/ASF/sam/drivers/pdc/pdc.o
                0x00086a2c                pdc_disable_transfer
 .text.uart_init
                0x00086a3c       0x36 src/ASF/sam/drivers/uart/uart.o
                0x00086a3c                uart_init
 .text.uart_enable_tx
                0x00086a72        0x6 src/ASF/sam/drivers/uart/uart.o
                0x00086a72                uart_enable_tx
 .text.uart_disable_tx
                0x00086a78        0x6 src/ASF/sam/drivers/uart/uart.o
                0x00086a78                uart_disable_tx
 .text.uart_enable_rx
                0x00086a7e        0x6 src/ASF/sam/drivers/uart/uart.o
                0x00086a7e                uart_enable_rx
 .text.uart_disable_rx
                0x00086a84        0x6 src/ASF/sam/drivers/uart/uart.o
                0x00086a84                uart_disable_rx
 .text.uart_enable_interrupt
                0x00086a8a        0x4 src/ASF/sam/drivers/uart/uart.o
                0x00086a8a                uart_enable_interrupt
 .text.uart_disable_interrupt
                0x00086a8e        0x4 src/ASF/sam/drivers/uart/uart.o
                0x00086a8e                uart_disable_interrupt
 .text.uart_get_interrupt_mask
                0x00086a92        0x4 src/ASF/sam/drivers/uart/uart.o
                0x00086a92                uart_get_interrupt_mask
 .text.uart_get_status
                0x00086a96        0x4 src/ASF/sam/drivers/uart/uart.o
                0x00086a96                uart_get_status
 .text.uart_reset_status
                0x00086a9a        0x8 src/ASF/sam/drivers/uart/uart.o
                0x00086a9a                uart_reset_status
 *fill*         0x00086aa2        0x2 
 .text.sysclk_init
                0x00086aa4       0x64 src/ASF/common/services/clock/sam3x/sysclk.o
                0x00086aa4                sysclk_init
 .text.board_init
                0x00086b08       0xa8 src/ASF/sam/boards/arduino_due_x/init.o
                0x00086b08                board_init
 .text.pio_set_peripheral
                0x00086bb0       0x3e src/ASF/sam/drivers/pio/pio.o
                0x00086bb0                pio_set_peripheral
 .text.pio_set_input
                0x00086bee       0x32 src/ASF/sam/drivers/pio/pio.o
                0x00086bee                pio_set_input
 .text.pio_set_output
                0x00086c20       0x26 src/ASF/sam/drivers/pio/pio.o
                0x00086c20                pio_set_output
 .text.pio_configure_interrupt
                0x00086c46       0x2e src/ASF/sam/drivers/pio/pio.o
                0x00086c46                pio_configure_interrupt
 .text.pio_enable_interrupt
                0x00086c74        0x4 src/ASF/sam/drivers/pio/pio.o
                0x00086c74                pio_enable_interrupt
 .text.pio_disable_interrupt
                0x00086c78        0x4 src/ASF/sam/drivers/pio/pio.o
                0x00086c78                pio_disable_interrupt
 .text.pio_get_interrupt_status
                0x00086c7c        0x4 src/ASF/sam/drivers/pio/pio.o
                0x00086c7c                pio_get_interrupt_status
 .text.pio_get_interrupt_mask
                0x00086c80        0x4 src/ASF/sam/drivers/pio/pio.o
                0x00086c80                pio_get_interrupt_mask
 .text.pio_configure_pin
                0x00086c84       0xd0 src/ASF/sam/drivers/pio/pio.o
                0x00086c84                pio_configure_pin
 .text.pio_configure_pin_group
                0x00086d54       0x9c src/ASF/sam/drivers/pio/pio.o
                0x00086d54                pio_configure_pin_group
 .text.pio_handler_process
                0x00086df0       0x50 src/ASF/sam/drivers/pio/pio_handler.o
                0x00086df0                pio_handler_process
 .text.pio_handler_set
                0x00086e40       0x70 src/ASF/sam/drivers/pio/pio_handler.o
                0x00086e40                pio_handler_set
 .text.PIOA_Handler
                0x00086eb0       0x14 src/ASF/sam/drivers/pio/pio_handler.o
                0x00086eb0                PIOA_Handler
 .text.PIOB_Handler
                0x00086ec4       0x14 src/ASF/sam/drivers/pio/pio_handler.o
                0x00086ec4                PIOB_Handler
 .text.PIOC_Handler
                0x00086ed8       0x14 src/ASF/sam/drivers/pio/pio_handler.o
                0x00086ed8                PIOC_Handler
 .text.PIOD_Handler
                0x00086eec       0x14 src/ASF/sam/drivers/pio/pio_handler.o
                0x00086eec                PIOD_Handler
 .text.pmc_switch_mck_to_pllack
                0x00086f00       0x64 src/ASF/sam/drivers/pmc/pmc.o
                0x00086f00                pmc_switch_mck_to_pllack
 .text.pmc_switch_mainck_to_xtal
                0x00086f64       0x54 src/ASF/sam/drivers/pmc/pmc.o
                0x00086f64                pmc_switch_mainck_to_xtal
 .text.pmc_osc_is_ready_mainck
                0x00086fb8       0x10 src/ASF/sam/drivers/pmc/pmc.o
                0x00086fb8                pmc_osc_is_ready_mainck
 .text.pmc_disable_pllack
                0x00086fc8       0x10 src/ASF/sam/drivers/pmc/pmc.o
                0x00086fc8                pmc_disable_pllack
 .text.pmc_is_locked_pllack
                0x00086fd8       0x10 src/ASF/sam/drivers/pmc/pmc.o
                0x00086fd8                pmc_is_locked_pllack
 .text.pmc_enable_periph_clk
                0x00086fe8       0x20 src/ASF/sam/drivers/pmc/pmc.o
                0x00086fe8                pmc_enable_periph_clk
 .text.Dummy_Handler
                0x00087008        0x2 src/ASF/sam/utils/cmsis/sam3x/source/templates/exceptions.o
                0x00087008                DACC_Handler
                0x00087008                DebugMon_Handler
                0x00087008                DMAC_Handler
                0x00087008                TRNG_Handler
                0x00087008                HardFault_Handler
                0x00087008                TC2_Handler
                0x00087008                USART3_Handler
                0x00087008                NMI_Handler
                0x00087008                TC7_Handler
                0x00087008                ADC_Handler
                0x00087008                SMC_Handler
                0x00087008                USART0_Handler
                0x00087008                RTT_Handler
                0x00087008                EFC1_Handler
                0x00087008                RTC_Handler
                0x00087008                UsageFault_Handler
                0x00087008                TC6_Handler
                0x00087008                WDT_Handler
                0x00087008                CAN0_Handler
                0x00087008                TC4_Handler
                0x00087008                TC1_Handler
                0x00087008                HSMCI_Handler
                0x00087008                TC3_Handler
                0x00087008                Dummy_Handler
                0x00087008                USART1_Handler
                0x00087008                SSC_Handler
                0x00087008                EFC0_Handler
                0x00087008                PMC_Handler
                0x00087008                PWM_Handler
                0x00087008                CAN1_Handler
                0x00087008                MemManage_Handler
                0x00087008                SUPC_Handler
                0x00087008                TC8_Handler
                0x00087008                USART2_Handler
                0x00087008                EMAC_Handler
                0x00087008                BusFault_Handler
                0x00087008                RSTC_Handler
                0x00087008                TC0_Handler
                0x00087008                TC5_Handler
                0x00087008                UOTGHS_Handler
                0x00087008                SPI0_Handler
 *fill*         0x0008700a        0x2 
 .text.Reset_Handler
                0x0008700c       0x98 src/ASF/sam/utils/cmsis/sam3x/source/templates/gcc/startup_sam3x.o
                0x0008700c                Reset_Handler
 .text.SystemCoreClockUpdate
                0x000870a4      0x118 src/ASF/sam/utils/cmsis/sam3x/source/templates/system_sam3x.o
                0x000870a4                SystemCoreClockUpdate
 .text._sbrk    0x000871bc       0x38 src/ASF/sam/utils/syscalls/gcc/syscalls.o
                0x000871bc                _sbrk
 .text.cosf     0x000871f4       0x78 c:/program files (x86)/atmel/studio/7.0/toolchain/arm/arm-gnu-toolchain/bin/../lib/gcc/arm-none-eabi/6.3.1/../../../../arm-none-eabi/lib/thumb/v7-m\libm.a(lib_a-sf_cos.o)
                0x000871f4                cosf
 .text.sinf     0x0008726c       0x7c c:/program files (x86)/atmel/studio/7.0/toolchain/arm/arm-gnu-toolchain/bin/../lib/gcc/arm-none-eabi/6.3.1/../../../../arm-none-eabi/lib/thumb/v7-m\libm.a(lib_a-sf_sin.o)
                0x0008726c                sinf
 .text.atan2f   0x000872e8        0x4 c:/program files (x86)/atmel/studio/7.0/toolchain/arm/arm-gnu-toolchain/bin/../lib/gcc/arm-none-eabi/6.3.1/../../../../arm-none-eabi/lib/thumb/v7-m\libm.a(lib_a-wf_atan2.o)
                0x000872e8                atan2f
 .text.sqrtf    0x000872ec       0xa0 c:/program files (x86)/atmel/studio/7.0/toolchain/arm/arm-gnu-toolchain/bin/../lib/gcc/arm-none-eabi/6.3.1/../../../../arm-none-eabi/lib/thumb/v7-m\libm.a(lib_a-wf_sqrt.o)
                0x000872ec                sqrtf
 .text.__ieee754_atan2f
                0x0008738c      0x124 c:/program files (x86)/atmel/studio/7.0/toolchain/arm/arm-gnu-toolchain/bin/../lib/gcc/arm-none-eabi/6.3.1/../../../../arm-none-eabi/lib/thumb/v7-m\libm.a(lib_a-ef_atan2.o)
                0x0008738c                __ieee754_atan2f
 .text.__ieee754_rem_pio2f
                0x000874b0      0x2dc c:/program files (x86)/atmel/studio/7.0/toolchain/arm/arm-gnu-toolchain/bin/../lib/gcc/arm-none-eabi/6.3.1/../../../../arm-none-eabi/lib/thumb/v7-m\libm.a(lib_a-ef_rem_pio2.o)
                0x000874b0                __ieee754_rem_pio2f
 .text.__ieee754_sqrtf
                0x0008778c       0xa8 c:/program files (x86)/atmel/studio/7.0/toolchain/arm/arm-gnu-toolchain/bin/../lib/gcc/arm-none-eabi/6.3.1/../../../../arm-none-eabi/lib/thumb/v7-m\libm.a(lib_a-ef_sqrt.o)
                0x0008778c                __ieee754_sqrtf
 .text.__kernel_cosf
                0x00087834      0x188 c:/program files (x86)/atmel/studio/7.0/toolchain/arm/arm-gnu-toolchain/bin/../lib/gcc/arm-none-eabi/6.3.1/../../../../arm-none-eabi/lib/thumb/v7-m\libm.a(lib_a-kf_cos.o)
                0x00087834                __kernel_cosf
 .text.__kernel_rem_pio2f
                0x000879bc      0x708 c:/program files (x86)/atmel/studio/7.0/toolchain/arm/arm-gnu-toolchain/bin/../lib/gcc/arm-none-eabi/6.3.1/../../../../arm-none-eabi/lib/thumb/v7-m\libm.a(lib_a-kf_rem_pio2.o)
                0x000879bc                __kernel_rem_pio2f
 .text.__kernel_sinf
                0x000880c4       0xec c:/program files (x86)/atmel/studio/7.0/toolchain/arm/arm-gnu-toolchain/bin/../lib/gcc/arm-none-eabi/6.3.1/../../../../arm-none-eabi/lib/thumb/v7-m\libm.a(lib_a-kf_sin.o)
                0x000880c4                __kernel_sinf
 .text.matherr  0x000881b0        0x4 c:/program files (x86)/atmel/studio/7.0/toolchain/arm/arm-gnu-toolchain/bin/../lib/gcc/arm-none-eabi/6.3.1/../../../../arm-none-eabi/lib/thumb/v7-m\libm.a(lib_a-s_matherr.o)
                0x000881b0                matherr
 .text.atanf    0x000881b4      0x22c c:/program files (x86)/atmel/studio/7.0/toolchain/arm/arm-gnu-toolchain/bin/../lib/gcc/arm-none-eabi/6.3.1/../../../../arm-none-eabi/lib/thumb/v7-m\libm.a(lib_a-sf_atan.o)
                0x000881b4                atanf
 .text.fabsf    0x000883e0        0x8 c:/program files (x86)/atmel/studio/7.0/toolchain/arm/arm-gnu-toolchain/bin/../lib/gcc/arm-none-eabi/6.3.1/../../../../arm-none-eabi/lib/thumb/v7-m\libm.a(lib_a-sf_fabs.o)
                0x000883e0                fabsf
 .text.floorf   0x000883e8       0x8c c:/program files (x86)/atmel/studio/7.0/toolchain/arm/arm-gnu-toolchain/bin/../lib/gcc/arm-none-eabi/6.3.1/../../../../arm-none-eabi/lib/thumb/v7-m\libm.a(lib_a-sf_floor.o)
                0x000883e8                floorf
 .text.scalbnf  0x00088474       0xb0 c:/program files (x86)/atmel/studio/7.0/toolchain/arm/arm-gnu-toolchain/bin/../lib/gcc/arm-none-eabi/6.3.1/../../../../arm-none-eabi/lib/thumb/v7-m\libm.a(lib_a-sf_scalbn.o)
                0x00088474                scalbnf
 .text.copysignf
                0x00088524        0xc c:/program files (x86)/atmel/studio/7.0/toolchain/arm/arm-gnu-toolchain/bin/../lib/gcc/arm-none-eabi/6.3.1/../../../../arm-none-eabi/lib/thumb/v7-m\libm.a(lib_a-sf_copysign.o)
                0x00088524                copysignf
 .text          0x00088530      0x370 c:/program files (x86)/atmel/studio/7.0/toolchain/arm/arm-gnu-toolchain/bin/../lib/gcc/arm-none-eabi/6.3.1/thumb/v7-m\libgcc.a(_arm_addsubdf3.o)
                0x00088530                __aeabi_drsub
                0x00088538                __aeabi_dsub
                0x00088538                __subdf3
                0x0008853c                __aeabi_dadd
                0x0008853c                __adddf3
                0x000887b4                __floatunsidf
                0x000887b4                __aeabi_ui2d
                0x000887d4                __floatsidf
                0x000887d4                __aeabi_i2d
                0x000887f8                __aeabi_f2d
                0x000887f8                __extendsfdf2
                0x00088834                __floatundidf
                0x00088834                __aeabi_ul2d
                0x00088844                __floatdidf
                0x00088844                __aeabi_l2d
 .text          0x000888a0      0x424 c:/program files (x86)/atmel/studio/7.0/toolchain/arm/arm-gnu-toolchain/bin/../lib/gcc/arm-none-eabi/6.3.1/thumb/v7-m\libgcc.a(_arm_muldivdf3.o)
                0x000888a0                __aeabi_dmul
                0x000888a0                __muldf3
                0x00088af4                __divdf3
                0x00088af4                __aeabi_ddiv
 .text          0x00088cc4       0xa0 c:/program files (x86)/atmel/studio/7.0/toolchain/arm/arm-gnu-toolchain/bin/../lib/gcc/arm-none-eabi/6.3.1/thumb/v7-m\libgcc.a(_arm_truncdfsf2.o)
                0x00088cc4                __truncdfsf2
                0x00088cc4                __aeabi_d2f
 .text          0x00088d64      0x21c c:/program files (x86)/atmel/studio/7.0/toolchain/arm/arm-gnu-toolchain/bin/../lib/gcc/arm-none-eabi/6.3.1/thumb/v7-m\libgcc.a(_arm_addsubsf3.o)
                0x00088d64                __aeabi_frsub
                0x00088d6c                __subsf3
                0x00088d6c                __aeabi_fsub
                0x00088d70                __aeabi_fadd
                0x00088d70                __addsf3
                0x00088ed0                __aeabi_ui2f
                0x00088ed0                __floatunsisf
                0x00088ed8                __aeabi_i2f
                0x00088ed8                __floatsisf
                0x00088ef4                __aeabi_ul2f
                0x00088ef4                __floatundisf
                0x00088f04                __aeabi_l2f
                0x00088f04                __floatdisf
 .text          0x00088f80      0x2a0 c:/program files (x86)/atmel/studio/7.0/toolchain/arm/arm-gnu-toolchain/bin/../lib/gcc/arm-none-eabi/6.3.1/thumb/v7-m\libgcc.a(_arm_muldivsf3.o)
                0x00088f80                __mulsf3
                0x00088f80                __aeabi_fmul
                0x000890e8                __aeabi_fdiv
                0x000890e8                __divsf3
 .text          0x00089220       0xec c:/program files (x86)/atmel/studio/7.0/toolchain/arm/arm-gnu-toolchain/bin/../lib/gcc/arm-none-eabi/6.3.1/thumb/v7-m\libgcc.a(_arm_cmpsf2.o)
                0x00089220                __gesf2
                0x00089220                __gtsf2
                0x00089228                __lesf2
                0x00089228                __ltsf2
                0x00089230                __nesf2
                0x00089230                __eqsf2
                0x00089230                __cmpsf2
                0x00089290                __aeabi_cfrcmple
                0x00089298                __aeabi_cfcmpeq
                0x00089298                __aeabi_cfcmple
                0x000892a8                __aeabi_fcmpeq
                0x000892bc                __aeabi_fcmplt
                0x000892d0                __aeabi_fcmple
                0x000892e4                __aeabi_fcmpge
                0x000892f8                __aeabi_fcmpgt
 .text          0x0008930c       0x2c c:/program files (x86)/atmel/studio/7.0/toolchain/arm/arm-gnu-toolchain/bin/../lib/gcc/arm-none-eabi/6.3.1/thumb/v7-m\libgcc.a(_arm_unordsf2.o)
                0x0008930c                __unordsf2
                0x0008930c                __aeabi_fcmpun
 .text          0x00089338       0x4c c:/program files (x86)/atmel/studio/7.0/toolchain/arm/arm-gnu-toolchain/bin/../lib/gcc/arm-none-eabi/6.3.1/thumb/v7-m\libgcc.a(_arm_fixsfsi.o)
                0x00089338                __aeabi_f2iz
                0x00089338                __fixsfsi
 .text          0x00089384       0x40 c:/program files (x86)/atmel/studio/7.0/toolchain/arm/arm-gnu-toolchain/bin/../lib/gcc/arm-none-eabi/6.3.1/thumb/v7-m\libgcc.a(_arm_fixunssfsi.o)
                0x00089384                __fixunssfsi
                0x00089384                __aeabi_f2uiz
 .text.__errno  0x000893c4        0xc c:/program files (x86)/atmel/studio/7.0/toolchain/arm/arm-gnu-toolchain/bin/../lib/gcc/arm-none-eabi/6.3.1/../../../../arm-none-eabi/lib/thumb/v7-m\libc.a(lib_a-errno.o)
                0x000893c4                __errno
 .text.__libc_init_array
                0x000893d0       0x50 c:/program files (x86)/atmel/studio/7.0/toolchain/arm/arm-gnu-toolchain/bin/../lib/gcc/arm-none-eabi/6.3.1/../../../../arm-none-eabi/lib/thumb/v7-m\libc.a(lib_a-init.o)
                0x000893d0                __libc_init_array
 .text.malloc   0x00089420       0x10 c:/program files (x86)/atmel/studio/7.0/toolchain/arm/arm-gnu-toolchain/bin/../lib/gcc/arm-none-eabi/6.3.1/../../../../arm-none-eabi/lib/thumb/v7-m\libc.a(lib_a-malloc.o)
                0x00089420                malloc
 .text._malloc_r
                0x00089430      0x544 c:/program files (x86)/atmel/studio/7.0/toolchain/arm/arm-gnu-toolchain/bin/../lib/gcc/arm-none-eabi/6.3.1/../../../../arm-none-eabi/lib/thumb/v7-m\libc.a(lib_a-mallocr.o)
                0x00089430                _malloc_r
 .text.memcmp   0x00089974       0x60 c:/program files (x86)/atmel/studio/7.0/toolchain/arm/arm-gnu-toolchain/bin/../lib/gcc/arm-none-eabi/6.3.1/../../../../arm-none-eabi/lib/thumb/v7-m\libc.a(lib_a-memcmp.o)
                0x00089974                memcmp
 .text          0x000899d4       0xec c:/program files (x86)/atmel/studio/7.0/toolchain/arm/arm-gnu-toolchain/bin/../lib/gcc/arm-none-eabi/6.3.1/../../../../arm-none-eabi/lib/thumb/v7-m\libc.a(lib_a-memcpy.o)
                0x000899d4                memcpy
 .text.memset   0x00089ac0       0x9c c:/program files (x86)/atmel/studio/7.0/toolchain/arm/arm-gnu-toolchain/bin/../lib/gcc/arm-none-eabi/6.3.1/../../../../arm-none-eabi/lib/thumb/v7-m\libc.a(lib_a-memset.o)
                0x00089ac0                memset
 .text.__malloc_lock
                0x00089b5c        0xc c:/program files (x86)/atmel/studio/7.0/toolchain/arm/arm-gnu-toolchain/bin/../lib/gcc/arm-none-eabi/6.3.1/../../../../arm-none-eabi/lib/thumb/v7-m\libc.a(lib_a-mlock.o)
                0x00089b5c                __malloc_lock
 .text.__malloc_unlock
                0x00089b68        0xc c:/program files (x86)/atmel/studio/7.0/toolchain/arm/arm-gnu-toolchain/bin/../lib/gcc/arm-none-eabi/6.3.1/../../../../arm-none-eabi/lib/thumb/v7-m\libc.a(lib_a-mlock.o)
                0x00089b68                __malloc_unlock
 .text._sbrk_r  0x00089b74       0x24 c:/program files (x86)/atmel/studio/7.0/toolchain/arm/arm-gnu-toolchain/bin/../lib/gcc/arm-none-eabi/6.3.1/../../../../arm-none-eabi/lib/thumb/v7-m\libc.a(lib_a-sbrkr.o)
                0x00089b74                _sbrk_r
 .text.sprintf  0x00089b98       0x4c c:/program files (x86)/atmel/studio/7.0/toolchain/arm/arm-gnu-toolchain/bin/../lib/gcc/arm-none-eabi/6.3.1/../../../../arm-none-eabi/lib/thumb/v7-m\libc.a(lib_a-sprintf.o)
                0x00089b98                sprintf
 .text.strcpy   0x00089be4       0xbc c:/program files (x86)/atmel/studio/7.0/toolchain/arm/arm-gnu-toolchain/bin/../lib/gcc/arm-none-eabi/6.3.1/../../../../arm-none-eabi/lib/thumb/v7-m\libc.a(lib_a-strcpy.o)
                0x00089be4                strcpy
 .text.strlen   0x00089ca0       0x5c c:/program files (x86)/atmel/studio/7.0/toolchain/arm/arm-gnu-toolchain/bin/../lib/gcc/arm-none-eabi/6.3.1/../../../../arm-none-eabi/lib/thumb/v7-m\libc.a(lib_a-strlen-stub.o)
                0x00089ca0                strlen
 .text.strncmp  0x00089cfc       0xa0 c:/program files (x86)/atmel/studio/7.0/toolchain/arm/arm-gnu-toolchain/bin/../lib/gcc/arm-none-eabi/6.3.1/../../../../arm-none-eabi/lib/thumb/v7-m\libc.a(lib_a-strncmp.o)
                0x00089cfc                strncmp
 .text.strncpy  0x00089d9c       0x64 c:/program files (x86)/atmel/studio/7.0/toolchain/arm/arm-gnu-toolchain/bin/../lib/gcc/arm-none-eabi/6.3.1/../../../../arm-none-eabi/lib/thumb/v7-m\libc.a(lib_a-strncpy.o)
                0x00089d9c                strncpy
 .text._svfprintf_r
                0x00089e00     0x1500 c:/program files (x86)/atmel/studio/7.0/toolchain/arm/arm-gnu-toolchain/bin/../lib/gcc/arm-none-eabi/6.3.1/../../../../arm-none-eabi/lib/thumb/v7-m\libc.a(lib_a-svfprintf.o)
                0x00089e00                _svfprintf_r
 .text._vsprintf_r
                0x0008b300       0x34 c:/program files (x86)/atmel/studio/7.0/toolchain/arm/arm-gnu-toolchain/bin/../lib/gcc/arm-none-eabi/6.3.1/../../../../arm-none-eabi/lib/thumb/v7-m\libc.a(lib_a-vsprintf.o)
                0x0008b300                _vsprintf_r
 .text.vsprintf
                0x0008b334       0x18 c:/program files (x86)/atmel/studio/7.0/toolchain/arm/arm-gnu-toolchain/bin/../lib/gcc/arm-none-eabi/6.3.1/../../../../arm-none-eabi/lib/thumb/v7-m\libc.a(lib_a-vsprintf.o)
                0x0008b334                vsprintf
 .text.startup.register_fini
                0x0008b34c       0x14 c:/program files (x86)/atmel/studio/7.0/toolchain/arm/arm-gnu-toolchain/bin/../lib/gcc/arm-none-eabi/6.3.1/../../../../arm-none-eabi/lib/thumb/v7-m\libc.a(lib_a-__call_atexit.o)
 .text.atexit   0x0008b360        0xc c:/program files (x86)/atmel/studio/7.0/toolchain/arm/arm-gnu-toolchain/bin/../lib/gcc/arm-none-eabi/6.3.1/../../../../arm-none-eabi/lib/thumb/v7-m\libc.a(lib_a-atexit.o)
                0x0008b360                atexit
 .text.quorem   0x0008b36c      0x128 c:/program files (x86)/atmel/studio/7.0/toolchain/arm/arm-gnu-toolchain/bin/../lib/gcc/arm-none-eabi/6.3.1/../../../../arm-none-eabi/lib/thumb/v7-m\libc.a(lib_a-dtoa.o)
 *fill*         0x0008b494        0x4 
 .text._dtoa_r  0x0008b498      0xe44 c:/program files (x86)/atmel/studio/7.0/toolchain/arm/arm-gnu-toolchain/bin/../lib/gcc/arm-none-eabi/6.3.1/../../../../arm-none-eabi/lib/thumb/v7-m\libc.a(lib_a-dtoa.o)
                0x0008b498                _dtoa_r
 .text.__libc_fini_array
                0x0008c2dc       0x34 c:/program files (x86)/atmel/studio/7.0/toolchain/arm/arm-gnu-toolchain/bin/../lib/gcc/arm-none-eabi/6.3.1/../../../../arm-none-eabi/lib/thumb/v7-m\libc.a(lib_a-fini.o)
                0x0008c2dc                __libc_fini_array
 .text._malloc_trim_r
                0x0008c310       0xa0 c:/program files (x86)/atmel/studio/7.0/toolchain/arm/arm-gnu-toolchain/bin/../lib/gcc/arm-none-eabi/6.3.1/../../../../arm-none-eabi/lib/thumb/v7-m\libc.a(lib_a-freer.o)
                0x0008c310                _malloc_trim_r
 .text._free_r  0x0008c3b0      0x1cc c:/program files (x86)/atmel/studio/7.0/toolchain/arm/arm-gnu-toolchain/bin/../lib/gcc/arm-none-eabi/6.3.1/../../../../arm-none-eabi/lib/thumb/v7-m\libc.a(lib_a-freer.o)
                0x0008c3b0                _free_r
 .text._localeconv_r
                0x0008c57c       0x1c c:/program files (x86)/atmel/studio/7.0/toolchain/arm/arm-gnu-toolchain/bin/../lib/gcc/arm-none-eabi/6.3.1/../../../../arm-none-eabi/lib/thumb/v7-m\libc.a(lib_a-localeconv.o)
                0x0008c57c                _localeconv_r
 .text.__retarget_lock_acquire_recursive
                0x0008c598        0x4 c:/program files (x86)/atmel/studio/7.0/toolchain/arm/arm-gnu-toolchain/bin/../lib/gcc/arm-none-eabi/6.3.1/../../../../arm-none-eabi/lib/thumb/v7-m\libc.a(lib_a-lock.o)
                0x0008c598                __retarget_lock_acquire_recursive
 .text.__retarget_lock_release_recursive
                0x0008c59c        0x4 c:/program files (x86)/atmel/studio/7.0/toolchain/arm/arm-gnu-toolchain/bin/../lib/gcc/arm-none-eabi/6.3.1/../../../../arm-none-eabi/lib/thumb/v7-m\libc.a(lib_a-lock.o)
                0x0008c59c                __retarget_lock_release_recursive
 .text.__ascii_mbtowc
                0x0008c5a0       0x2c c:/program files (x86)/atmel/studio/7.0/toolchain/arm/arm-gnu-toolchain/bin/../lib/gcc/arm-none-eabi/6.3.1/../../../../arm-none-eabi/lib/thumb/v7-m\libc.a(lib_a-mbtowc_r.o)
                0x0008c5a0                __ascii_mbtowc
 .text.memchr   0x0008c5cc       0x8c c:/program files (x86)/atmel/studio/7.0/toolchain/arm/arm-gnu-toolchain/bin/../lib/gcc/arm-none-eabi/6.3.1/../../../../arm-none-eabi/lib/thumb/v7-m\libc.a(lib_a-memchr-stub.o)
                0x0008c5cc                memchr
 .text.memmove  0x0008c658       0xc8 c:/program files (x86)/atmel/studio/7.0/toolchain/arm/arm-gnu-toolchain/bin/../lib/gcc/arm-none-eabi/6.3.1/../../../../arm-none-eabi/lib/thumb/v7-m\libc.a(lib_a-memmove.o)
                0x0008c658                memmove
 .text._Balloc  0x0008c720       0x4c c:/program files (x86)/atmel/studio/7.0/toolchain/arm/arm-gnu-toolchain/bin/../lib/gcc/arm-none-eabi/6.3.1/../../../../arm-none-eabi/lib/thumb/v7-m\libc.a(lib_a-mprec.o)
                0x0008c720                _Balloc
 .text._Bfree   0x0008c76c       0x14 c:/program files (x86)/atmel/studio/7.0/toolchain/arm/arm-gnu-toolchain/bin/../lib/gcc/arm-none-eabi/6.3.1/../../../../arm-none-eabi/lib/thumb/v7-m\libc.a(lib_a-mprec.o)
                0x0008c76c                _Bfree
 .text.__multadd
                0x0008c780       0x84 c:/program files (x86)/atmel/studio/7.0/toolchain/arm/arm-gnu-toolchain/bin/../lib/gcc/arm-none-eabi/6.3.1/../../../../arm-none-eabi/lib/thumb/v7-m\libc.a(lib_a-mprec.o)
                0x0008c780                __multadd
 .text.__hi0bits
                0x0008c804       0x40 c:/program files (x86)/atmel/studio/7.0/toolchain/arm/arm-gnu-toolchain/bin/../lib/gcc/arm-none-eabi/6.3.1/../../../../arm-none-eabi/lib/thumb/v7-m\libc.a(lib_a-mprec.o)
                0x0008c804                __hi0bits
 .text.__lo0bits
                0x0008c844       0x60 c:/program files (x86)/atmel/studio/7.0/toolchain/arm/arm-gnu-toolchain/bin/../lib/gcc/arm-none-eabi/6.3.1/../../../../arm-none-eabi/lib/thumb/v7-m\libc.a(lib_a-mprec.o)
                0x0008c844                __lo0bits
 .text.__i2b    0x0008c8a4       0x14 c:/program files (x86)/atmel/studio/7.0/toolchain/arm/arm-gnu-toolchain/bin/../lib/gcc/arm-none-eabi/6.3.1/../../../../arm-none-eabi/lib/thumb/v7-m\libc.a(lib_a-mprec.o)
                0x0008c8a4                __i2b
 .text.__multiply
                0x0008c8b8      0x124 c:/program files (x86)/atmel/studio/7.0/toolchain/arm/arm-gnu-toolchain/bin/../lib/gcc/arm-none-eabi/6.3.1/../../../../arm-none-eabi/lib/thumb/v7-m\libc.a(lib_a-mprec.o)
                0x0008c8b8                __multiply
 .text.__pow5mult
                0x0008c9dc       0xa0 c:/program files (x86)/atmel/studio/7.0/toolchain/arm/arm-gnu-toolchain/bin/../lib/gcc/arm-none-eabi/6.3.1/../../../../arm-none-eabi/lib/thumb/v7-m\libc.a(lib_a-mprec.o)
                0x0008c9dc                __pow5mult
 .text.__lshift
                0x0008ca7c       0xa0 c:/program files (x86)/atmel/studio/7.0/toolchain/arm/arm-gnu-toolchain/bin/../lib/gcc/arm-none-eabi/6.3.1/../../../../arm-none-eabi/lib/thumb/v7-m\libc.a(lib_a-mprec.o)
                0x0008ca7c                __lshift
 .text.__mcmp   0x0008cb1c       0x38 c:/program files (x86)/atmel/studio/7.0/toolchain/arm/arm-gnu-toolchain/bin/../lib/gcc/arm-none-eabi/6.3.1/../../../../arm-none-eabi/lib/thumb/v7-m\libc.a(lib_a-mprec.o)
                0x0008cb1c                __mcmp
 .text.__mdiff  0x0008cb54      0x11c c:/program files (x86)/atmel/studio/7.0/toolchain/arm/arm-gnu-toolchain/bin/../lib/gcc/arm-none-eabi/6.3.1/../../../../arm-none-eabi/lib/thumb/v7-m\libc.a(lib_a-mprec.o)
                0x0008cb54                __mdiff
 .text.__d2b    0x0008cc70       0xa8 c:/program files (x86)/atmel/studio/7.0/toolchain/arm/arm-gnu-toolchain/bin/../lib/gcc/arm-none-eabi/6.3.1/../../../../arm-none-eabi/lib/thumb/v7-m\libc.a(lib_a-mprec.o)
                0x0008cc70                __d2b
 .text._realloc_r
                0x0008cd18      0x36c c:/program files (x86)/atmel/studio/7.0/toolchain/arm/arm-gnu-toolchain/bin/../lib/gcc/arm-none-eabi/6.3.1/../../../../arm-none-eabi/lib/thumb/v7-m\libc.a(lib_a-reallocr.o)
                0x0008cd18                _realloc_r
 .text.__ssprint_r
                0x0008d084       0xfc c:/program files (x86)/atmel/studio/7.0/toolchain/arm/arm-gnu-toolchain/bin/../lib/gcc/arm-none-eabi/6.3.1/../../../../arm-none-eabi/lib/thumb/v7-m\libc.a(lib_a-svfiprintf.o)
                0x0008d084                __ssprint_r
 .text.__ascii_wctomb
                0x0008d180       0x18 c:/program files (x86)/atmel/studio/7.0/toolchain/arm/arm-gnu-toolchain/bin/../lib/gcc/arm-none-eabi/6.3.1/../../../../arm-none-eabi/lib/thumb/v7-m\libc.a(lib_a-wctomb_r.o)
                0x0008d180                __ascii_wctomb
 .text.__register_exitproc
                0x0008d198       0xc4 c:/program files (x86)/atmel/studio/7.0/toolchain/arm/arm-gnu-toolchain/bin/../lib/gcc/arm-none-eabi/6.3.1/../../../../arm-none-eabi/lib/thumb/v7-m\libc.a(lib_a-__atexit.o)
                0x0008d198                __register_exitproc
 .text._calloc_r
                0x0008d25c       0x60 c:/program files (x86)/atmel/studio/7.0/toolchain/arm/arm-gnu-toolchain/bin/../lib/gcc/arm-none-eabi/6.3.1/../../../../arm-none-eabi/lib/thumb/v7-m\libc.a(lib_a-callocr.o)
                0x0008d25c                _calloc_r
 .text          0x0008d2bc      0x110 c:/program files (x86)/atmel/studio/7.0/toolchain/arm/arm-gnu-toolchain/bin/../lib/gcc/arm-none-eabi/6.3.1/thumb/v7-m\libgcc.a(_arm_cmpdf2.o)
                0x0008d2bc                __gtdf2
                0x0008d2bc                __gedf2
                0x0008d2c4                __ltdf2
                0x0008d2c4                __ledf2
                0x0008d2cc                __nedf2
                0x0008d2cc                __eqdf2
                0x0008d2cc                __cmpdf2
                0x0008d348                __aeabi_cdrcmple
                0x0008d358                __aeabi_cdcmpeq
                0x0008d358                __aeabi_cdcmple
                0x0008d368                __aeabi_dcmpeq
                0x0008d37c                __aeabi_dcmplt
                0x0008d390                __aeabi_dcmple
                0x0008d3a4                __aeabi_dcmpge
                0x0008d3b8                __aeabi_dcmpgt
 .text          0x0008d3cc       0x2c c:/program files (x86)/atmel/studio/7.0/toolchain/arm/arm-gnu-toolchain/bin/../lib/gcc/arm-none-eabi/6.3.1/thumb/v7-m\libgcc.a(_arm_unorddf2.o)
                0x0008d3cc                __unorddf2
                0x0008d3cc                __aeabi_dcmpun
 .text          0x0008d3f8       0x50 c:/program files (x86)/atmel/studio/7.0/toolchain/arm/arm-gnu-toolchain/bin/../lib/gcc/arm-none-eabi/6.3.1/thumb/v7-m\libgcc.a(_arm_fixdfsi.o)
                0x0008d3f8                __aeabi_d2iz
                0x0008d3f8                __fixdfsi
 .text          0x0008d448       0x30 c:/program files (x86)/atmel/studio/7.0/toolchain/arm/arm-gnu-toolchain/bin/../lib/gcc/arm-none-eabi/6.3.1/thumb/v7-m\libgcc.a(_aeabi_uldivmod.o)
                0x0008d448                __aeabi_uldivmod
 .text          0x0008d478      0x2dc c:/program files (x86)/atmel/studio/7.0/toolchain/arm/arm-gnu-toolchain/bin/../lib/gcc/arm-none-eabi/6.3.1/thumb/v7-m\libgcc.a(_udivmoddi4.o)
                0x0008d478                __udivmoddi4
 .text          0x0008d754        0x4 c:/program files (x86)/atmel/studio/7.0/toolchain/arm/arm-gnu-toolchain/bin/../lib/gcc/arm-none-eabi/6.3.1/thumb/v7-m\libgcc.a(_dvmd_tls.o)
                0x0008d754                __aeabi_idiv0
                0x0008d754                __aeabi_ldiv0
 *(.glue_7t)
 .glue_7t       0x0008d758        0x0 linker stubs
 *(.glue_7)
 .glue_7        0x0008d758        0x0 linker stubs
 *(.rodata .rodata* .gnu.linkonce.r.*)
 .rodata.StartApplicationTasks.str1.4
                0x0008d758       0x2a src/ApplicationTasks.o
 *fill*         0x0008d782        0x2 
 .rodata.ControlTask.str1.4
                0x0008d784      0x1ef src/ControlTask.o
 *fill*         0x0008d973        0x1 
 .rodata.ButtonHandlerTask.str1.4
                0x0008d974       0x7e src/ButtonHandlerTask.o
 *fill*         0x0008d9f2        0x2 
 .rodata.G_MotorDacChannel
                0x0008d9f4        0x3 src/MotorControl.o
 *fill*         0x0008d9f7        0x1 
 .rodata.G_MotorHoldVoltage
                0x0008d9f8        0xc src/MotorControl.o
 .rodata.G_MotorHomeLimitBit
                0x0008da04        0x3 src/MotorControl.o
 *fill*         0x0008da07        0x1 
 .rodata.G_MotorHomeVoltage
                0x0008da08        0xc src/MotorControl.o
 .rodata.G_MotorQcChannel
                0x0008da14        0x3 src/MotorControl.o
 *fill*         0x0008da17        0x1 
 .rodata.homeAllMotors.str1.4
                0x0008da18       0x34 src/MotorControl.o
 .rodata.VisualisationTask.str1.4
                0x0008da4c       0x1e src/VisualisationTask.o
 *fill*         0x0008da6a        0x2 
 .rodata.G_EncoderSign
                0x0008da6c        0xc src/MotionEngine.o
 .rodata.G_MotorDacChannel
                0x0008da78        0x3 src/MotionEngine.o
 *fill*         0x0008da7b        0x1 
 .rodata.G_MotorQcChannel
                0x0008da7c        0x3 src/MotionEngine.o
 *fill*         0x0008da7f        0x1 
 .rodata.G_OutputSign
                0x0008da80        0xc src/MotionEngine.o
 .rodata.demoJointTargetsRad.10547
                0x0008da8c       0x30 src/MotionEngine.o
 .rodata.demoTcpTargetsMm.10546
                0x0008dabc       0x30 src/MotionEngine.o
 .rodata.RobotGeometry
                0x0008daec       0x10 src/DeltaKinematics.o
 .rodata.G_DACSelectPins
                0x0008dafc        0x4 src/RTSWLibrary/DAC4921Lib.o
 .rodata.G_LEDPins
                0x0008db00        0x4 src/RTSWLibrary/LEDLib.o
 .rodata.G_InputPins
                0x0008db04        0x8 src/RTSWLibrary/PortIOLib.o
 .rodata.G_OutputPins
                0x0008db0c        0x8 src/RTSWLibrary/PortIOLib.o
 .rodata.G_QCSelectPins
                0x0008db14        0x2 src/RTSWLibrary/QC7366Lib.o
 *fill*         0x0008db16        0x2 
 .rodata.G_SwitchPins
                0x0008db18        0x4 src/RTSWLibrary/SwitchLib.o
 .rodata.all_twi_definitions
                0x0008db1c       0x20 src/ASF/common/services/freertos/sam/freertos_twi_master.o
 .rodata.null_dma_control
                0x0008db3c        0x8 src/ASF/common/services/freertos/sam/freertos_twi_master.o
 .rodata.all_uart_definitions
                0x0008db44       0x10 src/ASF/common/services/freertos/sam/freertos_uart_serial.o
 .rodata.vTaskGetRunTimeStats.str1.4
                0x0008db54       0x18 src/ASF/thirdparty/freertos/freertos-10.4.6/source/tasks.o
 .rodata.vTaskList.str1.4
                0x0008db6c        0xf src/ASF/thirdparty/freertos/freertos-10.4.6/source/tasks.o
 *fill*         0x0008db7b        0x1 
 .rodata.vTaskStartScheduler.str1.4
                0x0008db7c        0x9 src/ASF/thirdparty/freertos/freertos-10.4.6/source/tasks.o
 *fill*         0x0008db85        0x3 
 .rodata.prvCheckForValidListAndQueue.str1.4
                0x0008db88        0x5 src/ASF/thirdparty/freertos/freertos-10.4.6/source/timers.o
 *fill*         0x0008db8d        0x3 
 .rodata.xTimerCreateTimerTask.str1.4
                0x0008db90        0xb src/ASF/thirdparty/freertos/freertos-10.4.6/source/timers.o
 *fill*         0x0008db9b        0x1 
 .rodata.run_time_stats_command.str1.4
                0x0008db9c       0x51 src/freertosCLI/CLI-commands.o
 *fill*         0x0008dbed        0x3 
 .rodata.run_time_stats_command_definition
                0x0008dbf0       0x10 src/freertosCLI/CLI-commands.o
 .rodata.str1.4
                0x0008dc00       0xc4 src/freertosCLI/CLI-commands.o
 .rodata.task_stats_command.str1.4
                0x0008dcc4       0x5b src/freertosCLI/CLI-commands.o
 *fill*         0x0008dd1f        0x1 
 .rodata.task_stats_command_definition
                0x0008dd20       0x10 src/freertosCLI/CLI-commands.o
 .rodata.FreeRTOS_CLIProcessCommand.str1.4
                0x0008dd30       0xa8 src/freertosCLI/FreeRTOS_CLI.o
 .rodata.str1.4
                0x0008ddd8       0x38 src/freertosCLI/FreeRTOS_CLI.o
 .rodata.xHelpCommand
                0x0008de10       0x10 src/freertosCLI/FreeRTOS_CLI.o
 .rodata.HartbeatTask.str1.4
                0x0008de20       0x37 src/main.o
 *fill*         0x0008de57        0x1 
 .rodata.StartHartbeatTask.str1.4
                0x0008de58        0xd src/main.o
 *fill*         0x0008de65        0x3 
 .rodata.CommandConsoleTask.str1.4
                0x0008de68       0xfc src/CommandConsole/CommandConsole.o
                                0x100 (size before relaxing)
 .rodata.StartCommandConsoleTask.str1.4
                0x0008df64       0x1f src/CommandConsole/CommandConsole.o
 *fill*         0x0008df83        0x1 
 .rodata.sqrtf.str1.4
                0x0008df84        0x6 c:/program files (x86)/atmel/studio/7.0/toolchain/arm/arm-gnu-toolchain/bin/../lib/gcc/arm-none-eabi/6.3.1/../../../../arm-none-eabi/lib/thumb/v7-m\libm.a(lib_a-wf_sqrt.o)
 *fill*         0x0008df8a        0x2 
 .rodata.npio2_hw
                0x0008df8c       0x80 c:/program files (x86)/atmel/studio/7.0/toolchain/arm/arm-gnu-toolchain/bin/../lib/gcc/arm-none-eabi/6.3.1/../../../../arm-none-eabi/lib/thumb/v7-m\libm.a(lib_a-ef_rem_pio2.o)
 .rodata.two_over_pi
                0x0008e00c      0x318 c:/program files (x86)/atmel/studio/7.0/toolchain/arm/arm-gnu-toolchain/bin/../lib/gcc/arm-none-eabi/6.3.1/../../../../arm-none-eabi/lib/thumb/v7-m\libm.a(lib_a-ef_rem_pio2.o)
 .rodata.PIo2   0x0008e324       0x2c c:/program files (x86)/atmel/studio/7.0/toolchain/arm/arm-gnu-toolchain/bin/../lib/gcc/arm-none-eabi/6.3.1/../../../../arm-none-eabi/lib/thumb/v7-m\libm.a(lib_a-kf_rem_pio2.o)
 .rodata.init_jk
                0x0008e350        0xc c:/program files (x86)/atmel/studio/7.0/toolchain/arm/arm-gnu-toolchain/bin/../lib/gcc/arm-none-eabi/6.3.1/../../../../arm-none-eabi/lib/thumb/v7-m\libm.a(lib_a-kf_rem_pio2.o)
 .rodata.atanhi
                0x0008e35c       0x10 c:/program files (x86)/atmel/studio/7.0/toolchain/arm/arm-gnu-toolchain/bin/../lib/gcc/arm-none-eabi/6.3.1/../../../../arm-none-eabi/lib/thumb/v7-m\libm.a(lib_a-sf_atan.o)
 .rodata.atanlo
                0x0008e36c       0x10 c:/program files (x86)/atmel/studio/7.0/toolchain/arm/arm-gnu-toolchain/bin/../lib/gcc/arm-none-eabi/6.3.1/../../../../arm-none-eabi/lib/thumb/v7-m\libm.a(lib_a-sf_atan.o)
 .rodata._global_impure_ptr
                0x0008e37c        0x4 c:/program files (x86)/atmel/studio/7.0/toolchain/arm/arm-gnu-toolchain/bin/../lib/gcc/arm-none-eabi/6.3.1/../../../../arm-none-eabi/lib/thumb/v7-m\libc.a(lib_a-impure.o)
                0x0008e37c                _global_impure_ptr
 .rodata._svfprintf_r.str1.4
                0x0008e380       0x42 c:/program files (x86)/atmel/studio/7.0/toolchain/arm/arm-gnu-toolchain/bin/../lib/gcc/arm-none-eabi/6.3.1/../../../../arm-none-eabi/lib/thumb/v7-m\libc.a(lib_a-svfprintf.o)
 *fill*         0x0008e3c2        0x2 
 .rodata.blanks.7223
                0x0008e3c4       0x10 c:/program files (x86)/atmel/studio/7.0/toolchain/arm/arm-gnu-toolchain/bin/../lib/gcc/arm-none-eabi/6.3.1/../../../../arm-none-eabi/lib/thumb/v7-m\libc.a(lib_a-svfprintf.o)
 .rodata.zeroes.7224
                0x0008e3d4       0x10 c:/program files (x86)/atmel/studio/7.0/toolchain/arm/arm-gnu-toolchain/bin/../lib/gcc/arm-none-eabi/6.3.1/../../../../arm-none-eabi/lib/thumb/v7-m\libc.a(lib_a-svfprintf.o)
 .rodata._dtoa_r.str1.4
                0x0008e3e4       0x10 c:/program files (x86)/atmel/studio/7.0/toolchain/arm/arm-gnu-toolchain/bin/../lib/gcc/arm-none-eabi/6.3.1/../../../../arm-none-eabi/lib/thumb/v7-m\libc.a(lib_a-dtoa.o)
                                 0x12 (size before relaxing)
 .rodata._setlocale_r.str1.4
                0x0008e3f4        0xa c:/program files (x86)/atmel/studio/7.0/toolchain/arm/arm-gnu-toolchain/bin/../lib/gcc/arm-none-eabi/6.3.1/../../../../arm-none-eabi/lib/thumb/v7-m\libc.a(lib_a-locale.o)
                                  0xd (size before relaxing)
 *fill*         0x0008e3fe        0x2 
 .rodata.str1.4
                0x0008e400        0x4 c:/program files (x86)/atmel/studio/7.0/toolchain/arm/arm-gnu-toolchain/bin/../lib/gcc/arm-none-eabi/6.3.1/../../../../arm-none-eabi/lib/thumb/v7-m\libc.a(lib_a-locale.o)
                                  0x2 (size before relaxing)
 *fill*         0x0008e404        0x4 
 .rodata.__mprec_bigtens
                0x0008e408       0x28 c:/program files (x86)/atmel/studio/7.0/toolchain/arm/arm-gnu-toolchain/bin/../lib/gcc/arm-none-eabi/6.3.1/../../../../arm-none-eabi/lib/thumb/v7-m\libc.a(lib_a-mprec.o)
                0x0008e408                __mprec_bigtens
 .rodata.__mprec_tens
                0x0008e430       0xc8 c:/program files (x86)/atmel/studio/7.0/toolchain/arm/arm-gnu-toolchain/bin/../lib/gcc/arm-none-eabi/6.3.1/../../../../arm-none-eabi/lib/thumb/v7-m\libc.a(lib_a-mprec.o)
                0x0008e430                __mprec_tens
 .rodata.p05.6055
                0x0008e4f8        0xc c:/program files (x86)/atmel/studio/7.0/toolchain/arm/arm-gnu-toolchain/bin/../lib/gcc/arm-none-eabi/6.3.1/../../../../arm-none-eabi/lib/thumb/v7-m\libc.a(lib_a-mprec.o)
 .rodata._ctype_
                0x0008e504      0x101 c:/program files (x86)/atmel/studio/7.0/toolchain/arm/arm-gnu-toolchain/bin/../lib/gcc/arm-none-eabi/6.3.1/../../../../arm-none-eabi/lib/thumb/v7-m\libc.a(lib_a-ctype_.o)
                0x0008e504                _ctype_
 *(.ARM.extab* .gnu.linkonce.armextab.*)
                0x0008e608                . = ALIGN (0x4)
 *fill*         0x0008e605        0x3 
 *(.init)
 .init          0x0008e608        0x4 c:/program files (x86)/atmel/studio/7.0/toolchain/arm/arm-gnu-toolchain/bin/../lib/gcc/arm-none-eabi/6.3.1/thumb/v7-m/crti.o
                0x0008e608                _init
 .init          0x0008e60c        0x8 c:/program files (x86)/atmel/studio/7.0/toolchain/arm/arm-gnu-toolchain/bin/../lib/gcc/arm-none-eabi/6.3.1/thumb/v7-m/crtn.o
                0x0008e614                . = ALIGN (0x4)
                0x0008e614                __preinit_array_start = .
 *(.preinit_array)
                0x0008e614                __preinit_array_end = .
                0x0008e614                . = ALIGN (0x4)
                0x0008e614                __init_array_start = .
 *(SORT(.init_array.*))
 .init_array.00000
                0x0008e614        0x4 c:/program files (x86)/atmel/studio/7.0/toolchain/arm/arm-gnu-toolchain/bin/../lib/gcc/arm-none-eabi/6.3.1/../../../../arm-none-eabi/lib/thumb/v7-m\libc.a(lib_a-__call_atexit.o)
 *(.init_array)
 .init_array    0x0008e618        0x4 c:/program files (x86)/atmel/studio/7.0/toolchain/arm/arm-gnu-toolchain/bin/../lib/gcc/arm-none-eabi/6.3.1/thumb/v7-m/crtbegin.o
                0x0008e61c                __init_array_end = .
                0x0008e61c                . = ALIGN (0x4)
 *crtbegin.o(.ctors)
 *(EXCLUDE_FILE(*crtend.o) .ctors)
 *(SORT(.ctors.*))
 *crtend.o(.ctors)
                0x0008e61c                . = ALIGN (0x4)
 *(.fini)
 .fini          0x0008e61c        0x4 c:/program files (x86)/atmel/studio/7.0/toolchain/arm/arm-gnu-toolchain/bin/../lib/gcc/arm-none-eabi/6.3.1/thumb/v7-m/crti.o
                0x0008e61c                _fini
 .fini          0x0008e620        0x8 c:/program files (x86)/atmel/studio/7.0/toolchain/arm/arm-gnu-toolchain/bin/../lib/gcc/arm-none-eabi/6.3.1/thumb/v7-m/crtn.o
                0x0008e628                . = ALIGN (0x4)
                0x0008e628                __fini_array_start = .
 *(.fini_array)
 .fini_array    0x0008e628        0x4 c:/program files (x86)/atmel/studio/7.0/toolchain/arm/arm-gnu-toolchain/bin/../lib/gcc/arm-none-eabi/6.3.1/thumb/v7-m/crtbegin.o
 *(SORT(.fini_array.*))
                0x0008e62c                __fini_array_end = .
 *crtbegin.o(.dtors)
 *(EXCLUDE_FILE(*crtend.o) .dtors)
 *(SORT(.dtors.*))
 *crtend.o(.dtors)
                0x0008e62c                . = ALIGN (0x4)
                0x0008e62c                _efixed = .
                [!provide]                PROVIDE (__exidx_start, .)

.vfp11_veneer   0x0008e62c        0x0
 .vfp11_veneer  0x0008e62c        0x0 linker stubs

.v4_bx          0x0008e62c        0x0
 .v4_bx         0x0008e62c        0x0 linker stubs

.iplt           0x0008e62c        0x0
 .iplt          0x0008e62c        0x0 c:/program files (x86)/atmel/studio/7.0/toolchain/arm/arm-gnu-toolchain/bin/../lib/gcc/arm-none-eabi/6.3.1/thumb/v7-m/crtbegin.o

.ARM.exidx      0x0008e62c        0x8
 *(.ARM.exidx* .gnu.linkonce.armexidx.*)
 .ARM.exidx     0x0008e62c        0x8 c:/program files (x86)/atmel/studio/7.0/toolchain/arm/arm-gnu-toolchain/bin/../lib/gcc/arm-none-eabi/6.3.1/thumb/v7-m\libgcc.a(_udivmoddi4.o)
                [!provide]                PROVIDE (__exidx_end, .)

.eh_frame       0x0008e634        0x0
 .eh_frame      0x0008e634        0x0 c:/program files (x86)/atmel/studio/7.0/toolchain/arm/arm-gnu-toolchain/bin/../lib/gcc/arm-none-eabi/6.3.1/thumb/v7-m/crtbegin.o

.rel.dyn        0x0008e634        0x0
 .rel.iplt      0x0008e634        0x0 c:/program files (x86)/atmel/studio/7.0/toolchain/arm/arm-gnu-toolchain/bin/../lib/gcc/arm-none-eabi/6.3.1/thumb/v7-m/crtbegin.o

.jcr            0x0008e634        0x0
 .jcr           0x0008e634        0x0 c:/program files (x86)/atmel/studio/7.0/toolchain/arm/arm-gnu-toolchain/bin/../lib/gcc/arm-none-eabi/6.3.1/thumb/v7-m/crtbegin.o

.igot.plt       0x0008e634        0x0
 .igot.plt      0x0008e634        0x0 c:/program files (x86)/atmel/studio/7.0/toolchain/arm/arm-gnu-toolchain/bin/../lib/gcc/arm-none-eabi/6.3.1/thumb/v7-m/crtbegin.o
                0x0008e634                . = ALIGN (0x4)
                0x0008e634                _etext = .

.relocate       0x20070000      0xb28 load address 0x0008e634
                0x20070000                . = ALIGN (0x4)
                0x20070000                _srelocate = .
 *(.ramfunc .ramfunc.*)
 .ramfunc       0x20070000        0xa src/ASF/common/services/delay/sam/cycle_counter.o
                0x20070000                portable_delay_cycles
 *fill*         0x2007000a        0x2 
 .ramfunc       0x2007000c      0x12c src/ASF/sam/utils/cmsis/sam3x/source/templates/system_sam3x.o
                0x2007000c                SystemInit
                0x200700b0                system_init_flash
 *(.data .data.*)
 .data.G_C2     0x20070138        0x4 src/MotionEngine.o
 .data.G_Kp     0x2007013c        0x4 src/MotionEngine.o
 .data.G_LargeErrorThresholdRad
                0x20070140        0x4 src/MotionEngine.o
 .data.G_MaxControlVoltage
                0x20070144        0x4 src/MotionEngine.o
 .data.G_SlowApproachVoltage
                0x20070148        0x4 src/MotionEngine.o
 .data.uxCriticalNesting
                0x2007014c        0x4 src/ASF/thirdparty/freertos/freertos-10.4.6/source/portable/GCC/ARM_CM3/port.o
 .data.uxTopUsedPriority
                0x20070150        0x4 src/ASF/thirdparty/freertos/freertos-10.4.6/source/tasks.o
                0x20070150                uxTopUsedPriority
 .data.pxLastCommandInList.8060
                0x20070154        0x4 src/freertosCLI/FreeRTOS_CLI.o
 .data.xRegisteredCommands
                0x20070158        0x8 src/freertosCLI/FreeRTOS_CLI.o
 .data.uart_driver_parameters
                0x20070160       0x10 src/CommandConsole/CommandConsole.o
                0x20070160                uart_driver_parameters
 .data.SystemCoreClock
                0x20070170        0x4 src/ASF/sam/utils/cmsis/sam3x/source/templates/system_sam3x.o
                0x20070170                SystemCoreClock
 .data.__fdlib_version
                0x20070174        0x1 c:/program files (x86)/atmel/studio/7.0/toolchain/arm/arm-gnu-toolchain/bin/../lib/gcc/arm-none-eabi/6.3.1/../../../../arm-none-eabi/lib/thumb/v7-m\libm.a(lib_a-s_lib_ver.o)
                0x20070174                __fdlib_version
 *fill*         0x20070175        0x3 
 .data._impure_ptr
                0x20070178        0x4 c:/program files (x86)/atmel/studio/7.0/toolchain/arm/arm-gnu-toolchain/bin/../lib/gcc/arm-none-eabi/6.3.1/../../../../arm-none-eabi/lib/thumb/v7-m\libc.a(lib_a-impure.o)
                0x20070178                _impure_ptr
 *fill*         0x2007017c        0x4 
 .data.impure_data
                0x20070180      0x428 c:/program files (x86)/atmel/studio/7.0/toolchain/arm/arm-gnu-toolchain/bin/../lib/gcc/arm-none-eabi/6.3.1/../../../../arm-none-eabi/lib/thumb/v7-m\libc.a(lib_a-impure.o)
 .data.__malloc_av_
                0x200705a8      0x408 c:/program files (x86)/atmel/studio/7.0/toolchain/arm/arm-gnu-toolchain/bin/../lib/gcc/arm-none-eabi/6.3.1/../../../../arm-none-eabi/lib/thumb/v7-m\libc.a(lib_a-mallocr.o)
                0x200705a8                __malloc_av_
 .data.__malloc_sbrk_base
                0x200709b0        0x4 c:/program files (x86)/atmel/studio/7.0/toolchain/arm/arm-gnu-toolchain/bin/../lib/gcc/arm-none-eabi/6.3.1/../../../../arm-none-eabi/lib/thumb/v7-m\libc.a(lib_a-mallocr.o)
                0x200709b0                __malloc_sbrk_base
 .data.__malloc_trim_threshold
                0x200709b4        0x4 c:/program files (x86)/atmel/studio/7.0/toolchain/arm/arm-gnu-toolchain/bin/../lib/gcc/arm-none-eabi/6.3.1/../../../../arm-none-eabi/lib/thumb/v7-m\libc.a(lib_a-mallocr.o)
                0x200709b4                __malloc_trim_threshold
 .data.__atexit_recursive_mutex
                0x200709b8        0x4 c:/program files (x86)/atmel/studio/7.0/toolchain/arm/arm-gnu-toolchain/bin/../lib/gcc/arm-none-eabi/6.3.1/../../../../arm-none-eabi/lib/thumb/v7-m\libc.a(lib_a-__call_atexit.o)
                0x200709b8                __atexit_recursive_mutex
 .data.__global_locale
                0x200709bc      0x16c c:/program files (x86)/atmel/studio/7.0/toolchain/arm/arm-gnu-toolchain/bin/../lib/gcc/arm-none-eabi/6.3.1/../../../../arm-none-eabi/lib/thumb/v7-m\libc.a(lib_a-locale.o)
                0x200709bc                __global_locale
                0x20070b28                . = ALIGN (0x4)
                0x20070b28                _erelocate = .

.bss            0x20070b28     0xb248 load address 0x0008f15c
                0x20070b28                . = ALIGN (0x4)
                0x20070b28                _sbss = .
                0x20070b28                _szero = .
 *(.bss .bss.*)
 .bss           0x20070b28       0x1c c:/program files (x86)/atmel/studio/7.0/toolchain/arm/arm-gnu-toolchain/bin/../lib/gcc/arm-none-eabi/6.3.1/thumb/v7-m/crtbegin.o
 .bss.handle_ButtonEventGroup
                0x20070b44        0x4 src/ApplicationTasks.o
                0x20070b44                handle_ButtonEventGroup
 .bss.handle_ButtonHandlerTask
                0x20070b48        0x4 src/ApplicationTasks.o
 .bss.handle_ControlTask
                0x20070b4c        0x4 src/ApplicationTasks.o
                0x20070b4c                handle_ControlTask
 .bss.handle_EmergencySemaphore
                0x20070b50        0x4 src/ApplicationTasks.o
                0x20070b50                handle_EmergencySemaphore
 .bss.handle_StateQueue
                0x20070b54        0x4 src/ApplicationTasks.o
                0x20070b54                handle_StateQueue
 .bss.handle_ThreadEventGroup
                0x20070b58        0x4 src/ApplicationTasks.o
                0x20070b58                handle_ThreadEventGroup
 .bss.handle_VisualisationTask
                0x20070b5c        0x4 src/ApplicationTasks.o