Archive member included to satisfy reference by file (symbol)

c:/program files (x86)/atmel/studio/7.0/toolchain/arm/arm-gnu-toolchain/bin/../lib/gcc/arm-none-eabi/6.3.1/../../../../arm-none-eabi/lib/thumb/v7-m\libm.a(lib_a-w_pow.o)
                              src/PositionControllerLoad.o (pow)
c:/program files (x86)/atmel/studio/7.0/toolchain/arm/arm-gnu-toolchain/bin/../lib/gcc/arm-none-eabi/6.3.1/../../../../arm-none-eabi/lib/thumb/v7-m\libm.a(lib_a-w_sqrt.o)
                              src/PositionControllerLoad.o (sqrt)
c:/program files (x86)/atmel/studio/7.0/toolchain/arm/arm-gnu-toolchain/bin/../lib/gcc/arm-none-eabi/6.3.1/../../../../arm-none-eabi/lib/thumb/v7-m\libm.a(lib_a-e_pow.o)
                              c:/program files (x86)/atmel/studio/7.0/toolchain/arm/arm-gnu-toolchain/bin/../lib/gcc/arm-none-eabi/6.3.1/../../../../arm-none-eabi/lib/thumb/v7-m\libm.a(lib_a-w_pow.o) (__ieee754_pow)
c:/program files (x86)/atmel/studio/7.0/toolchain/arm/arm-gnu-toolchain/bin/../lib/gcc/arm-none-eabi/6.3.1/../../../../arm-none-eabi/lib/thumb/v7-m\libm.a(lib_a-e_sqrt.o)
                              c:/program files (x86)/atmel/studio/7.0/toolchain/arm/arm-gnu-toolchain/bin/../lib/gcc/arm-none-eabi/6.3.1/../../../../arm-none-eabi/lib/thumb/v7-m\libm.a(lib_a-w_sqrt.o) (__ieee754_sqrt)
c:/program files (x86)/atmel/studio/7.0/toolchain/arm/arm-gnu-toolchain/bin/../lib/gcc/arm-none-eabi/6.3.1/../../../../arm-none-eabi/lib/thumb/v7-m\libm.a(lib_a-s_fabs.o)
                              c:/program files (x86)/atmel/studio/7.0/toolchain/arm/arm-gnu-toolchain/bin/../lib/gcc/arm-none-eabi/6.3.1/../../../../arm-none-eabi/lib/thumb/v7-m\libm.a(lib_a-e_pow.o) (fabs)
c:/program files (x86)/atmel/studio/7.0/toolchain/arm/arm-gnu-toolchain/bin/../lib/gcc/arm-none-eabi/6.3.1/../../../../arm-none-eabi/lib/thumb/v7-m\libm.a(lib_a-s_finite.o)
                              c:/program files (x86)/atmel/studio/7.0/toolchain/arm/arm-gnu-toolchain/bin/../lib/gcc/arm-none-eabi/6.3.1/../../../../arm-none-eabi/lib/thumb/v7-m\libm.a(lib_a-w_pow.o) (finite)
c:/program files (x86)/atmel/studio/7.0/toolchain/arm/arm-gnu-toolchain/bin/../lib/gcc/arm-none-eabi/6.3.1/../../../../arm-none-eabi/lib/thumb/v7-m\libm.a(lib_a-s_lib_ver.o)
                              c:/program files (x86)/atmel/studio/7.0/toolchain/arm/arm-gnu-toolchain/bin/../lib/gcc/arm-none-eabi/6.3.1/../../../../arm-none-eabi/lib/thumb/v7-m\libm.a(lib_a-w_pow.o) (__fdlib_version)
c:/program files (x86)/atmel/studio/7.0/toolchain/arm/arm-gnu-toolchain/bin/../lib/gcc/arm-none-eabi/6.3.1/../../../../arm-none-eabi/lib/thumb/v7-m\libm.a(lib_a-s_matherr.o)
                              c:/program files (x86)/atmel/studio/7.0/toolchain/arm/arm-gnu-toolchain/bin/../lib/gcc/arm-none-eabi/6.3.1/../../../../arm-none-eabi/lib/thumb/v7-m\libm.a(lib_a-w_pow.o) (matherr)
c:/program files (x86)/atmel/studio/7.0/toolchain/arm/arm-gnu-toolchain/bin/../lib/gcc/arm-none-eabi/6.3.1/../../../../arm-none-eabi/lib/thumb/v7-m\libm.a(lib_a-s_nan.o)
                              c:/program files (x86)/atmel/studio/7.0/toolchain/arm/arm-gnu-toolchain/bin/../lib/gcc/arm-none-eabi/6.3.1/../../../../arm-none-eabi/lib/thumb/v7-m\libm.a(lib_a-e_pow.o) (nan)
c:/program files (x86)/atmel/studio/7.0/toolchain/arm/arm-gnu-toolchain/bin/../lib/gcc/arm-none-eabi/6.3.1/../../../../arm-none-eabi/lib/thumb/v7-m\libm.a(lib_a-s_rint.o)
                              c:/program files (x86)/atmel/studio/7.0/toolchain/arm/arm-gnu-toolchain/bin/../lib/gcc/arm-none-eabi/6.3.1/../../../../arm-none-eabi/lib/thumb/v7-m\libm.a(lib_a-w_pow.o) (rint)
c:/program files (x86)/atmel/studio/7.0/toolchain/arm/arm-gnu-toolchain/bin/../lib/gcc/arm-none-eabi/6.3.1/../../../../arm-none-eabi/lib/thumb/v7-m\libm.a(lib_a-s_scalbn.o)
                              c:/program files (x86)/atmel/studio/7.0/toolchain/arm/arm-gnu-toolchain/bin/../lib/gcc/arm-none-eabi/6.3.1/../../../../arm-none-eabi/lib/thumb/v7-m\libm.a(lib_a-e_pow.o) (scalbn)
c:/program files (x86)/atmel/studio/7.0/toolchain/arm/arm-gnu-toolchain/bin/../lib/gcc/arm-none-eabi/6.3.1/../../../../arm-none-eabi/lib/thumb/v7-m\libm.a(lib_a-s_copysign.o)
                              c:/program files (x86)/atmel/studio/7.0/toolchain/arm/arm-gnu-toolchain/bin/../lib/gcc/arm-none-eabi/6.3.1/../../../../arm-none-eabi/lib/thumb/v7-m\libm.a(lib_a-s_scalbn.o) (copysign)
c:/program files (x86)/atmel/studio/7.0/toolchain/arm/arm-gnu-toolchain/bin/../lib/gcc/arm-none-eabi/6.3.1/thumb/v7-m\libgcc.a(_arm_addsubdf3.o)
                              src/ParameterSettingTask.o (__aeabi_dsub)
c:/program files (x86)/atmel/studio/7.0/toolchain/arm/arm-gnu-toolchain/bin/../lib/gcc/arm-none-eabi/6.3.1/thumb/v7-m\libgcc.a(_arm_muldivdf3.o)
                              src/PositionControllerLoad.o (__aeabi_dmul)
c:/program files (x86)/atmel/studio/7.0/toolchain/arm/arm-gnu-toolchain/bin/../lib/gcc/arm-none-eabi/6.3.1/thumb/v7-m\libgcc.a(_arm_cmpdf2.o)
[...]
Memory Configuration

Name             Origin             Length             Attributes
rom              0x00080000         0x00080000         xr
sram0            0x20000000         0x00010000         xrw
sram1            0x20080000         0x00008000         xrw
ram              0x20070000         0x00018000         xrw
*default*        0x00000000         0xffffffff

Linker script and memory map

LOAD c:/program files (x86)/atmel/studio/7.0/toolchain/arm/arm-gnu-toolchain/bin/../lib/gcc/arm-none-eabi/6.3.1/thumb/v7-m/crti.o
LOAD c:/program files (x86)/atmel/studio/7.0/toolchain/arm/arm-gnu-toolchain/bin/../lib/gcc/arm-none-eabi/6.3.1/thumb/v7-m/crtbegin.o
LOAD c:/program files (x86)/atmel/studio/7.0/toolchain/arm/arm-gnu-toolchain/bin/../lib/gcc/arm-none-eabi/6.3.1/../../../../arm-none-eabi/lib/thumb/v7-m/crt0.o
LOAD src/ApplicationTasks.o
LOAD src/ControlTask.o
LOAD src/ASF/common/services/spi/sam_spi/spi_master.o
LOAD src/ButtonHandlerTask.o
LOAD src/MotorControl.o
LOAD src/ParameterSettingTask.o
LOAD src/PositionControllerLoad.o
LOAD src/QuadratureCounters.o
LOAD src/RTSWLibrary/ADCLib.o
LOAD src/RTSWLibrary/DAC4921Lib.o
LOAD src/RTSWLibrary/DeviceIOLib.o
LOAD src/RTSWLibrary/GyroFXASLib.o
LOAD src/RTSWLibrary/I2CLib.o
LOAD src/RTSWLibrary/InterruptLib.o
LOAD src/RTSWLibrary/LEDLib.o
LOAD src/RTSWLibrary/Map.o
LOAD src/RTSWLibrary/PortIOLib.o
LOAD src/RTSWLibrary/QC7366Lib.o
LOAD src/RTSWLibrary/SPILib.o
LOAD src/RTSWLibrary/StatusLED.o
LOAD src/RTSWLibrary/SwitchLib.o
LOAD src/RTSWLibrary/TaskSleep.o
LOAD src/ASF/common/services/delay/sam/cycle_counter.o
LOAD src/ASF/common/services/freertos/sam/freertos_peripheral_control.o
LOAD src/ASF/common/services/freertos/sam/freertos_twi_master.o
LOAD src/ASF/common/services/freertos/sam/freertos_uart_serial.o
LOAD src/ASF/sam/drivers/adc/adc.o
LOAD src/ASF/sam/drivers/adc/adc_sam3u.o
LOAD src/ASF/sam/drivers/spi/spi.o
LOAD src/ASF/sam/drivers/twi/twi.o
LOAD src/ASF/sam/drivers/usart/usart.o
LOAD src/ASF/thirdparty/freertos/freertos-10.4.6/source/croutine.o
LOAD src/ASF/thirdparty/freertos/freertos-10.4.6/source/event_groups.o
LOAD src/ASF/thirdparty/freertos/freertos-10.4.6/source/list.o
LOAD src/ASF/thirdparty/freertos/freertos-10.4.6/source/portable/GCC/ARM_CM3/port.o
LOAD src/ASF/thirdparty/freertos/freertos-10.4.6/source/portable/MemMang/heap_4.o
LOAD src/ASF/thirdparty/freertos/freertos-10.4.6/source/queue.o
LOAD src/ASF/thirdparty/freertos/freertos-10.4.6/source/stream_buffer.o
LOAD src/ASF/thirdparty/freertos/freertos-10.4.6/source/tasks.o
LOAD src/ASF/thirdparty/freertos/freertos-10.4.6/source/timers.o
LOAD src/CommandConsole/vPrintString.o
LOAD src/freertosCLI/CLI-commands.o
LOAD src/freertosCLI/FreeRTOS_CLI.o
LOAD src/main.o
LOAD src/CommandConsole/CommandConsole.o
LOAD src/CommandConsole/run-time-stats-utils.o
LOAD src/ASF/common/services/serial/usart_serial.o
LOAD src/ASF/sam/drivers/pdc/pdc.o
LOAD src/ASF/sam/drivers/rtt/rtt.o
LOAD src/ASF/sam/drivers/tc/tc.o
LOAD src/ASF/sam/drivers/uart/uart.o
LOAD src/ASF/common/services/clock/sam3x/sysclk.o
LOAD src/ASF/common/utils/interrupt/interrupt_sam_nvic.o
LOAD src/ASF/sam/boards/arduino_due_x/init.o
LOAD src/ASF/sam/drivers/pio/pio.o
LOAD src/ASF/sam/drivers/pio/pio_handler.o
LOAD src/ASF/sam/drivers/pmc/pmc.o
LOAD src/ASF/sam/drivers/pmc/sleep.o
LOAD src/ASF/sam/utils/cmsis/sam3x/source/templates/exceptions.o
LOAD src/ASF/sam/utils/cmsis/sam3x/source/templates/gcc/startup_sam3x.o
LOAD src/ASF/sam/utils/cmsis/sam3x/source/templates/system_sam3x.o
LOAD src/ASF/sam/utils/syscalls/gcc/syscalls.o
START GROUP
LOAD ../src/ASF/thirdparty/CMSIS/Lib/GCC\libarm_cortexM3l_math.a
LOAD c:/program files (x86)/atmel/studio/7.0/toolchain/arm/arm-gnu-toolchain/bin/../lib/gcc/arm-none-eabi/6.3.1/../../../../arm-none-eabi/lib/thumb/v7-m\libm.a
END GROUP
START GROUP
LOAD c:/program files (x86)/atmel/studio/7.0/toolchain/arm/arm-gnu-toolchain/bin/../lib/gcc/arm-none-eabi/6.3.1/thumb/v7-m\libgcc.a
LOAD c:/program files (x86)/atmel/studio/7.0/toolchain/arm/arm-gnu-toolchain/bin/../lib/gcc/arm-none-eabi/6.3.1/../../../../arm-none-eabi/lib/thumb/v7-m\libc.a
END GROUP
LOAD c:/program files (x86)/atmel/studio/7.0/toolchain/arm/arm-gnu-toolchain/bin/../lib/gcc/arm-none-eabi/6.3.1/thumb/v7-m/crtend.o
LOAD c:/program files (x86)/atmel/studio/7.0/toolchain/arm/arm-gnu-toolchain/bin/../lib/gcc/arm-none-eabi/6.3.1/thumb/v7-m/crtn.o
                0x00002000                __stack_size__ = DEFINED (__stack_size__)?__stack_size__:0x2000
                0x20087ffc                __ram_end__ = ((ORIGIN (ram) + LENGTH (ram)) - 0x4)

.text           0x00080000     0xd8c4
                0x00080000                . = ALIGN (0x4)
                0x00080000                _sfixed = .
 *(.vectors .vectors.*)
 .vectors       0x00080000       0xf4 src/ASF/sam/utils/cmsis/sam3x/source/templates/gcc/startup_sam3x.o
                0x00080000                exception_table
 *(.text .text.* .gnu.linkonce.t.*)
 .text          0x000800f4       0x6c c:/program files (x86)/atmel/studio/7.0/toolchain/arm/arm-gnu-toolchain/bin/../lib/gcc/arm-none-eabi/6.3.1/thumb/v7-m/crtbegin.o
 .text.StartApplicationTasks
                0x00080160       0xa0 src/ApplicationTasks.o
                0x00080160                StartApplicationTasks
 .text.ClockInterruptHandler
                0x00080200       0x18 src/ControlTask.o
                0x00080200                ClockInterruptHandler
 .text.ControlLoop
                0x00080218       0x5c src/ControlTask.o
                0x00080218                ControlLoop
 .text.ControlTask
                0x00080274      0x118 src/ControlTask.o
                0x00080274                ControlTask
 .text.spi_master_init
                0x0008038c       0x54 src/ASF/common/services/spi/sam_spi/spi_master.o
                0x0008038c                spi_master_init
 .text.spi_master_setup_device
                0x000803e0       0x80 src/ASF/common/services/spi/sam_spi/spi_master.o
                0x000803e0                spi_master_setup_device
 .text.spi_write_packet
                0x00080460       0x34 src/ASF/common/services/spi/sam_spi/spi_master.o
                0x00080460                spi_write_packet
 .text.spi_read_packet
                0x00080494       0x54 src/ASF/common/services/spi/sam_spi/spi_master.o
                0x00080494                spi_read_packet
 .text.ButtonHandlerTask
                0x000804e8       0x6c src/ButtonHandlerTask.o
                0x000804e8                ButtonHandlerTask
 .text.motor_IsAtLimit
                0x00080554       0x30 src/MotorControl.o
                0x00080554                motor_IsAtLimit
 .text.motor_Stop
                0x00080584       0x1c src/MotorControl.o
                0x00080584                motor_Stop
 .text.motor_Move
                0x000805a0       0x5c src/MotorControl.o
                0x000805a0                motor_Move
 .text.motor_GotoHomePosition
                0x000805fc       0x30 src/MotorControl.o
                0x000805fc                motor_GotoHomePosition
 .text.motor_EnableESCONController
                0x0008062c       0x10 src/MotorControl.o
                0x0008062c                motor_EnableESCONController
 .text.motor_DisableESCONController
                0x0008063c       0x10 src/MotorControl.o
                0x0008063c                motor_DisableESCONController
 *fill*         0x0008064c        0x4 
 .text.ParameterSettingTask
                0x00080650      0x134 src/ParameterSettingTask.o
                0x00080650                ParameterSettingTask
 *fill*         0x00080784        0x4 
 .text.posctrlLoad_InitParameters
                0x00080788      0x430 src/PositionControllerLoad.o
                0x00080788                posctrlLoad_InitParameters
 .text.posctrlLoad_RunController
                0x00080bb8      0x820 src/PositionControllerLoad.o
                0x00080bb8                posctrlLoad_RunController
 .text.QCEncodersSetup
                0x000813d8       0x38 src/QuadratureCounters.o
                0x000813d8                QCEncodersSetup
 .text.QCEncodersShowCount
                0x00081410       0x34 src/QuadratureCounters.o
                0x00081410                QCEncodersShowCount
 .text.QCEncodersClearCount
                0x00081444       0x14 src/QuadratureCounters.o
                0x00081444                QCEncodersClearCount
 .text.adc_EnableChannel
                0x00081458       0x20 src/RTSWLibrary/ADCLib.o
                0x00081458                adc_EnableChannel
 .text.adc_StartConversion
                0x00081478       0x14 src/RTSWLibrary/ADCLib.o
                0x00081478                adc_StartConversion
 .text.adc_IsConversionReady
                0x0008148c       0x2c src/RTSWLibrary/ADCLib.o
                0x0008148c                adc_IsConversionReady
 .text.adc_ReadData
                0x000814b8       0x20 src/RTSWLibrary/ADCLib.o
                0x000814b8                adc_ReadData
 .text.adc_Init
                0x000814d8       0x58 src/RTSWLibrary/ADCLib.o
                0x000814d8                adc_Init
 .text.dac_SelectChannel
                0x00081530       0x1c src/RTSWLibrary/DAC4921Lib.o
                0x00081530                dac_SelectChannel
 .text.dac_DeselectChannel
                0x0008154c       0x1c src/RTSWLibrary/DAC4921Lib.o
                0x0008154c                dac_DeselectChannel
 .text.dac_Write
                0x00081568       0x38 src/RTSWLibrary/DAC4921Lib.o
                0x00081568                dac_Write
 .text.dac_Init
                0x000815a0       0x54 src/RTSWLibrary/DAC4921Lib.o
                0x000815a0                dac_Init
 .text.dac_SetOutputVoltage
                0x000815f4       0x50 src/RTSWLibrary/DAC4921Lib.o
                0x000815f4                dac_SetOutputVoltage
 .text.dio_Init
                0x00081644      0x17c src/RTSWLibrary/DeviceIOLib.o
                0x00081644                dio_Init
 .text.dio_SetPinDirection
                0x000817c0       0x44 src/RTSWLibrary/DeviceIOLib.o
                0x000817c0                dio_SetPinDirection
 .text.dio_SetPinMode
                0x00081804       0x68 src/RTSWLibrary/DeviceIOLib.o
                0x00081804                dio_SetPinMode
 .text.dio_TogglePin
                0x0008186c       0x34 src/RTSWLibrary/DeviceIOLib.o
                0x0008186c                dio_TogglePin
 .text.dio_SetPin
                0x000818a0       0x38 src/RTSWLibrary/DeviceIOLib.o
                0x000818a0                dio_SetPin
 .text.dio_GetPin
                0x000818d8       0x34 src/RTSWLibrary/DeviceIOLib.o
                0x000818d8                dio_GetPin
 .text.dio_GetIOPortPinNumber
                0x0008190c       0x14 src/RTSWLibrary/DeviceIOLib.o
                0x0008190c                dio_GetIOPortPinNumber
 .text.i2c_InitChannel
                0x00081920       0xbc src/RTSWLibrary/I2CLib.o
                0x00081920                i2c_InitChannel
 .text.i2c_ClearBus
                0x000819dc      0x19c src/RTSWLibrary/I2CLib.o
                0x000819dc                i2c_ClearBus
 .text.i2c_Init
                0x00081b78       0x78 src/RTSWLibrary/I2CLib.o
                0x00081b78                i2c_Init
 .text.pioEnableInterrupt
                0x00081bf0       0x28 src/RTSWLibrary/InterruptLib.o
                0x00081bf0                pioEnableInterrupt
 .text.pioDisableInterrupt
                0x00081c18       0x28 src/RTSWLibrary/InterruptLib.o
                0x00081c18                pioDisableInterrupt
 .text.pioSetInterruptHandlerOnPin
                0x00081c40       0xcc src/RTSWLibrary/InterruptLib.o
                0x00081c40                pioSetInterruptHandlerOnPin
 .text.interrupt_AttachHandler
                0x00081d0c       0x28 src/RTSWLibrary/InterruptLib.o
                0x00081d0c                interrupt_AttachHandler
 .text.led_Init
                0x00081d34       0x38 src/RTSWLibrary/LEDLib.o
                0x00081d34                led_Init
 .text.led_DisplayValue
                0x00081d6c       0x28 src/RTSWLibrary/LEDLib.o
                0x00081d6c                led_DisplayValue
 .text.fmap     0x00081d94       0x48 src/RTSWLibrary/Map.o
                0x00081d94                fmap
 .text.constrain
                0x00081ddc       0x2c src/RTSWLibrary/Map.o
                0x00081ddc                constrain
 .text.port_Init
                0x00081e08       0x80 src/RTSWLibrary/PortIOLib.o
                0x00081e08                port_Init
 .text.port_IsBitSet
                0x00081e88       0x1c src/RTSWLibrary/PortIOLib.o
                0x00081e88                port_IsBitSet
 .text.port_SetBit
                0x00081ea4       0x1c src/RTSWLibrary/PortIOLib.o
                0x00081ea4                port_SetBit
 .text.qc_SelectChannel
                0x00081ec0       0x1c src/RTSWLibrary/QC7366Lib.o
                0x00081ec0                qc_SelectChannel
 .text.qc_DeselectChannel
                0x00081edc       0x1c src/RTSWLibrary/QC7366Lib.o
                0x00081edc                qc_DeselectChannel
 .text.qc_WriteModeRegister
                0x00081ef8       0x3c src/RTSWLibrary/QC7366Lib.o
                0x00081ef8                qc_WriteModeRegister
 .text.qc_ReadModeRegister
                0x00081f34       0x50 src/RTSWLibrary/QC7366Lib.o
                0x00081f34                qc_ReadModeRegister
 .text.qc_ReadCountRegister
                0x00081f84       0x58 src/RTSWLibrary/QC7366Lib.o
                0x00081f84                qc_ReadCountRegister
 .text.qc_DisableCounter
                0x00081fdc       0x24 src/RTSWLibrary/QC7366Lib.o
                0x00081fdc                qc_DisableCounter
 .text.qc_EnableCounter
                0x00082000       0x20 src/RTSWLibrary/QC7366Lib.o
                0x00082000                qc_EnableCounter
 .text.qc_SendCommand
                0x00082020       0x2c src/RTSWLibrary/QC7366Lib.o
                0x00082020                qc_SendCommand
 .text.qc_ClearCountRegister
                0x0008204c       0x10 src/RTSWLibrary/QC7366Lib.o
                0x0008204c                qc_ClearCountRegister
 .text.qc_Init  0x0008205c       0x64 src/RTSWLibrary/QC7366Lib.o
                0x0008205c                qc_Init
 .text.spi_Init
                0x000820c0       0x48 src/RTSWLibrary/SPILib.o
                0x000820c0                spi_Init
 .text.spi_OperationCompleted
                0x00082108       0x10 src/RTSWLibrary/SPILib.o
                0x00082108                spi_OperationCompleted
 .text.spi_WritePacket
                0x00082118       0x28 src/RTSWLibrary/SPILib.o
                0x00082118                spi_WritePacket
 .text.spi_WriteByte
                0x00082140       0x1c src/RTSWLibrary/SPILib.o
                0x00082140                spi_WriteByte
 .text.spi_WriteWord
                0x0008215c       0x20 src/RTSWLibrary/SPILib.o
                0x0008215c                spi_WriteWord
 .text.spi_ReadPacket
                0x0008217c       0x18 src/RTSWLibrary/SPILib.o
                0x0008217c                spi_ReadPacket
 .text.spi_ReadByte
                0x00082194       0x24 src/RTSWLibrary/SPILib.o
                0x00082194                spi_ReadByte
 .text.stled_Init
                0x000821b8       0x1c src/RTSWLibrary/StatusLED.o
                0x000821b8                stled_Init
 .text.stled_Toggle
                0x000821d4       0x10 src/RTSWLibrary/StatusLED.o
                0x000821d4                stled_Toggle
 .text.switch_Init
                0x000821e4       0x38 src/RTSWLibrary/SwitchLib.o
                0x000821e4                switch_Init
 .text.switch_IsPressed
                0x0008221c       0x24 src/RTSWLibrary/SwitchLib.o
                0x0008221c                switch_IsPressed
 .text.taskSleep
                0x00082240        0xc src/RTSWLibrary/TaskSleep.o
                0x00082240                taskSleep
 .text.get_pdc_peripheral_details
                0x0008224c       0x2a src/ASF/common/services/freertos/sam/freertos_peripheral_control.o
                0x0008224c                get_pdc_peripheral_details
 .text.check_requested_operating_mode
                0x00082276       0x36 src/ASF/common/services/freertos/sam/freertos_peripheral_control.o
                0x00082276                check_requested_operating_mode
 .text.create_peripheral_control_semaphores
                0x000822ac       0xe0 src/ASF/common/services/freertos/sam/freertos_peripheral_control.o
                0x000822ac                create_peripheral_control_semaphores
 .text.configure_interrupt_controller
                0x0008238c       0x70 src/ASF/common/services/freertos/sam/freertos_peripheral_control.o
                0x0008238c                configure_interrupt_controller
 .text.freertos_copy_bytes_from_pdc_circular_buffer
                0x000823fc       0x80 src/ASF/common/services/freertos/sam/freertos_peripheral_control.o
                0x000823fc                freertos_copy_bytes_from_pdc_circular_buffer
 .text.freertos_obtain_peripheral_access_semphore
                0x0008247c       0x4c src/ASF/common/services/freertos/sam/freertos_peripheral_control.o
                0x0008247c                freertos_obtain_peripheral_access_semphore
 .text.freertos_start_pdc_transfer
                0x000824c8       0x7c src/ASF/common/services/freertos/sam/freertos_peripheral_control.o
                0x000824c8                freertos_start_pdc_transfer
 .text.freertos_optionally_wait_transfer_completion
                0x00082544       0x28 src/ASF/common/services/freertos/sam/freertos_peripheral_control.o
                0x00082544                freertos_optionally_wait_transfer_completion
 .text.local_twi_handler
                0x0008256c      0x224 src/ASF/common/services/freertos/sam/freertos_twi_master.o
 .text.freertos_twi_master_init
                0x00082790      0x128 src/ASF/common/services/freertos/sam/freertos_twi_master.o
                0x00082790                freertos_twi_master_init
 .text.TWI0_Handler
                0x000828b8       0x10 src/ASF/common/services/freertos/sam/freertos_twi_master.o
                0x000828b8                TWI0_Handler
 .text.TWI1_Handler
                0x000828c8       0x10 src/ASF/common/services/freertos/sam/freertos_twi_master.o
                0x000828c8                TWI1_Handler
 .text.configure_rx_dma
                0x000828d8       0xe0 src/ASF/common/services/freertos/sam/freertos_uart_serial.o
 .text.freertos_uart_serial_init
                0x000829b8      0x1d0 src/ASF/common/services/freertos/sam/freertos_uart_serial.o
                0x000829b8                freertos_uart_serial_init
 .text.freertos_uart_write_packet_async
                0x00082b88       0x8c src/ASF/common/services/freertos/sam/freertos_uart_serial.o
                0x00082b88                freertos_uart_write_packet_async
 .text.freertos_uart_serial_read_packet
                0x00082c14      0x16c src/ASF/common/services/freertos/sam/freertos_uart_serial.o
                0x00082c14                freertos_uart_serial_read_packet
 .text.UART_Handler
                0x00082d80      0x118 src/ASF/common/services/freertos/sam/freertos_uart_serial.o
                0x00082d80                UART_Handler
 .text.adc_init
                0x00082e98       0x34 src/ASF/sam/drivers/adc/adc.o
                0x00082e98                adc_init
 .text.adc_set_resolution
                0x00082ecc       0x10 src/ASF/sam/drivers/adc/adc.o
                0x00082ecc                adc_set_resolution
 .text.adc_configure_trigger
                0x00082edc        0xe src/ASF/sam/drivers/adc/adc.o
                0x00082edc                adc_configure_trigger
 .text.adc_configure_timing
                0x00082eea       0x1c src/ASF/sam/drivers/adc/adc.o
                0x00082eea                adc_configure_timing
 .text.adc_start
                0x00082f06        0x6 src/ASF/sam/drivers/adc/adc.o
                0x00082f06                adc_start
 .text.adc_enable_channel
                0x00082f0c        0xa src/ASF/sam/drivers/adc/adc.o
                0x00082f0c                adc_enable_channel
 .text.adc_get_channel_value
                0x00082f16        0xe src/ASF/sam/drivers/adc/adc.o
                0x00082f16                adc_get_channel_value
 .text.adc_get_status
                0x00082f24        0x4 src/ASF/sam/drivers/adc/adc.o
                0x00082f24                adc_get_status
 .text.spi_enable_clock
                0x00082f28       0x1c src/ASF/sam/drivers/spi/spi.o
                0x00082f28                spi_enable_clock
 .text.spi_set_peripheral_chip_select_value
                0x00082f44       0x16 src/ASF/sam/drivers/spi/spi.o
                0x00082f44                spi_set_peripheral_chip_select_value
 .text.spi_set_delay_between_chip_select
                0x00082f5a       0x12 src/ASF/sam/drivers/spi/spi.o
                0x00082f5a                spi_set_delay_between_chip_select
 .text.spi_set_clock_polarity
                0x00082f6c       0x1e src/ASF/sam/drivers/spi/spi.o
                0x00082f6c                spi_set_clock_polarity
 .text.spi_set_clock_phase
                0x00082f8a       0x1e src/ASF/sam/drivers/spi/spi.o
                0x00082f8a                spi_set_clock_phase
 .text.spi_configure_cs_behavior
                0x00082fa8       0x46 src/ASF/sam/drivers/spi/spi.o
                0x00082fa8                spi_configure_cs_behavior
 .text.spi_set_bits_per_transfer
                0x00082fee       0x14 src/ASF/sam/drivers/spi/spi.o
                0x00082fee                spi_set_bits_per_transfer
 .text.spi_calc_baudrate_div
                0x00083002       0x16 src/ASF/sam/drivers/spi/spi.o
                0x00083002                spi_calc_baudrate_div
 .text.spi_set_baudrate_div
                0x00083018       0x26 src/ASF/sam/drivers/spi/spi.o
                0x00083018                spi_set_baudrate_div
 .text.spi_set_transfer_delay
                0x0008303e       0x1c src/ASF/sam/drivers/spi/spi.o
                0x0008303e                spi_set_transfer_delay
 .text.twi_enable_master_mode
                0x0008305a        0xe src/ASF/sam/drivers/twi/twi.o
                0x0008305a                twi_enable_master_mode
 .text.twi_set_speed
                0x00083068       0xb8 src/ASF/sam/drivers/twi/twi.o
                0x00083068                twi_set_speed
 .text.twi_enable_interrupt
                0x00083120        0x4 src/ASF/sam/drivers/twi/twi.o
                0x00083120                twi_enable_interrupt
 .text.twi_disable_interrupt
                0x00083124        0x6 src/ASF/sam/drivers/twi/twi.o
                0x00083124                twi_disable_interrupt
 .text.twi_get_interrupt_status
                0x0008312a        0x4 src/ASF/sam/drivers/twi/twi.o
                0x0008312a                twi_get_interrupt_status
 .text.twi_get_interrupt_mask
                0x0008312e        0x4 src/ASF/sam/drivers/twi/twi.o
                0x0008312e                twi_get_interrupt_mask
 .text.twi_reset
                0x00083132        0x8 src/ASF/sam/drivers/twi/twi.o
                0x00083132                twi_reset
 *fill*         0x0008313a        0x2 
 .text.xEventGroupCreate
                0x0008313c       0x24 src/ASF/thirdparty/freertos/freertos-10.4.6/source/event_groups.o
                0x0008313c                xEventGroupCreate
 .text.xEventGroupWaitBits
                0x00083160      0x140 src/ASF/thirdparty/freertos/freertos-10.4.6/source/event_groups.o
                0x00083160                xEventGroupWaitBits
 .text.xEventGroupSetBits
                0x000832a0       0xb4 src/ASF/thirdparty/freertos/freertos-10.4.6/source/event_groups.o
                0x000832a0                xEventGroupSetBits
 .text.vListInitialise
                0x00083354       0x16 src/ASF/thirdparty/freertos/freertos-10.4.6/source/list.o
                0x00083354                vListInitialise
 .text.vListInitialiseItem
                0x0008336a        0x6 src/ASF/thirdparty/freertos/freertos-10.4.6/source/list.o
                0x0008336a                vListInitialiseItem
 .text.vListInsert
                0x00083370       0x34 src/ASF/thirdparty/freertos/freertos-10.4.6/source/list.o
                0x00083370                vListInsert
 .text.uxListRemove
                0x000833a4       0x26 src/ASF/thirdparty/freertos/freertos-10.4.6/source/list.o
                0x000833a4                uxListRemove
 *fill*         0x000833ca        0x2 
 .text.prvTaskExitError
                0x000833cc       0x40 src/ASF/thirdparty/freertos/freertos-10.4.6/source/portable/GCC/ARM_CM3/port.o
 .text.prvPortStartFirstTask
                0x0008340c       0x20 src/ASF/thirdparty/freertos/freertos-10.4.6/source/portable/GCC/ARM_CM3/port.o
 .text.pxPortInitialiseStack
                0x0008342c       0x24 src/ASF/thirdparty/freertos/freertos-10.4.6/source/portable/GCC/ARM_CM3/port.o
                0x0008342c                pxPortInitialiseStack
 .text.SVC_Handler
                0x00083450       0x24 src/ASF/thirdparty/freertos/freertos-10.4.6/source/portable/GCC/ARM_CM3/port.o
                0x00083450                SVC_Handler
 .text.vPortEnterCritical
                0x00083474       0x44 src/ASF/thirdparty/freertos/freertos-10.4.6/source/portable/GCC/ARM_CM3/port.o
                0x00083474                vPortEnterCritical
 .text.vPortExitCritical
                0x000834b8       0x2c src/ASF/thirdparty/freertos/freertos-10.4.6/source/portable/GCC/ARM_CM3/port.o
                0x000834b8                vPortExitCritical
 *fill*         0x000834e4        0xc 
 .text.PendSV_Handler
                0x000834f0       0x44 src/ASF/thirdparty/freertos/freertos-10.4.6/source/portable/GCC/ARM_CM3/port.o
                0x000834f0                PendSV_Handler
 .text.SysTick_Handler
                0x00083534       0x30 src/ASF/thirdparty/freertos/freertos-10.4.6/source/portable/GCC/ARM_CM3/port.o
                0x00083534                SysTick_Handler
 .text.vPortSetupTimerInterrupt
                0x00083564       0x28 src/ASF/thirdparty/freertos/freertos-10.4.6/source/portable/GCC/ARM_CM3/port.o
                0x00083564                vPortSetupTimerInterrupt
 .text.xPortStartScheduler
                0x0008358c       0xd0 src/ASF/thirdparty/freertos/freertos-10.4.6/source/portable/GCC/ARM_CM3/port.o
                0x0008358c                xPortStartScheduler
 .text.vPortValidateInterruptPriority
                0x0008365c       0x5c src/ASF/thirdparty/freertos/freertos-10.4.6/source/portable/GCC/ARM_CM3/port.o
                0x0008365c                vPortValidateInterruptPriority
 .text.prvInsertBlockIntoFreeList
                0x000836b8       0x54 src/ASF/thirdparty/freertos/freertos-10.4.6/source/portable/MemMang/heap_4.o
 .text.pvPortMalloc
                0x0008370c      0x164 src/ASF/thirdparty/freertos/freertos-10.4.6/source/portable/MemMang/heap_4.o
                0x0008370c                pvPortMalloc
 .text.vPortFree
                0x00083870       0x88 src/ASF/thirdparty/freertos/freertos-10.4.6/source/portable/MemMang/heap_4.o
                0x00083870                vPortFree
 .text.prvIsQueueEmpty
                0x000838f8       0x20 src/ASF/thirdparty/freertos/freertos-10.4.6/source/queue.o
 .text.prvCopyDataToQueue
                0x00083918       0x80 src/ASF/thirdparty/freertos/freertos-10.4.6/source/queue.o
 .text.prvNotifyQueueSetContainer
                0x00083998       0x9c src/ASF/thirdparty/freertos/freertos-10.4.6/source/queue.o
 .text.prvCopyDataFromQueue
                0x00083a34       0x28 src/ASF/thirdparty/freertos/freertos-10.4.6/source/queue.o
 .text.prvUnlockQueue
                0x00083a5c       0xa8 src/ASF/thirdparty/freertos/freertos-10.4.6/source/queue.o
 .text.xQueueGenericReset
                0x00083b04       0xb4 src/ASF/thirdparty/freertos/freertos-10.4.6/source/queue.o
                0x00083b04                xQueueGenericReset
 .text.xQueueGenericCreate
                0x00083bb8       0x68 src/ASF/thirdparty/freertos/freertos-10.4.6/source/queue.o
                0x00083bb8                xQueueGenericCreate
 .text.xQueueCreateCountingSemaphore
                0x00083c20       0x34 src/ASF/thirdparty/freertos/freertos-10.4.6/source/queue.o
                0x00083c20                xQueueCreateCountingSemaphore
 .text.xQueueGenericSend
                0x00083c54      0x1fc src/ASF/thirdparty/freertos/freertos-10.4.6/source/queue.o
                0x00083c54                xQueueGenericSend
 .text.xQueueCreateMutex
                0x00083e50       0x2c src/ASF/thirdparty/freertos/freertos-10.4.6/source/queue.o
                0x00083e50                xQueueCreateMutex
 .text.xQueueGiveFromISR
                0x00083e7c       0xf0 src/ASF/thirdparty/freertos/freertos-10.4.6/source/queue.o
                0x00083e7c                xQueueGiveFromISR
 .text.xQueueReceive
                0x00083f6c      0x188 src/ASF/thirdparty/freertos/freertos-10.4.6/source/queue.o
                0x00083f6c                xQueueReceive
 .text.xQueueSemaphoreTake
                0x000840f4      0x1e0 src/ASF/thirdparty/freertos/freertos-10.4.6/source/queue.o
                0x000840f4                xQueueSemaphoreTake
 .text.xQueuePeek
                0x000842d4      0x188 src/ASF/thirdparty/freertos/freertos-10.4.6/source/queue.o
                0x000842d4                xQueuePeek
 .text.vQueueAddToRegistry
                0x0008445c       0x60 src/ASF/thirdparty/freertos/freertos-10.4.6/source/queue.o
                0x0008445c                vQueueAddToRegistry
 .text.vQueueWaitForMessageRestricted
                0x000844bc       0x60 src/ASF/thirdparty/freertos/freertos-10.4.6/source/queue.o
                0x000844bc                vQueueWaitForMessageRestricted
 .text.prvResetNextTaskUnblockTime
                0x0008451c       0x28 src/ASF/thirdparty/freertos/freertos-10.4.6/source/tasks.o
 .text.prvAddCurrentTaskToDelayedList
                0x00084544       0xbc src/ASF/thirdparty/freertos/freertos-10.4.6/source/tasks.o
 .text.prvIdleTask
                0x00084600       0x8c src/ASF/thirdparty/freertos/freertos-10.4.6/source/tasks.o
 .text.prvWriteNameToBuffer
                0x0008468c       0x34 src/ASF/thirdparty/freertos/freertos-10.4.6/source/tasks.o
 .text.xTaskCreate
                0x000846c0      0x228 src/ASF/thirdparty/freertos/freertos-10.4.6/source/tasks.o
                0x000846c0                xTaskCreate
 .text.eTaskGetState
                0x000848e8       0x94 src/ASF/thirdparty/freertos/freertos-10.4.6/source/tasks.o
                0x000848e8                eTaskGetState
 .text.vTaskStartScheduler
                0x0008497c       0xa0 src/ASF/thirdparty/freertos/freertos-10.4.6/source/tasks.o
                0x0008497c                vTaskStartScheduler
 .text.vTaskSuspendAll
                0x00084a1c       0x10 src/ASF/thirdparty/freertos/freertos-10.4.6/source/tasks.o
                0x00084a1c                vTaskSuspendAll
 .text.xTaskGetTickCount
                0x00084a2c        0xc src/ASF/thirdparty/freertos/freertos-10.4.6/source/tasks.o
                0x00084a2c                xTaskGetTickCount
 .text.xTaskGetTickCountFromISR
                0x00084a38       0x14 src/ASF/thirdparty/freertos/freertos-10.4.6/source/tasks.o
                0x00084a38                xTaskGetTickCountFromISR
 .text.xTaskIncrementTick
                0x00084a4c      0x1b4 src/ASF/thirdparty/freertos/freertos-10.4.6/source/tasks.o
                0x00084a4c                xTaskIncrementTick
 .text.xTaskResumeAll
                0x00084c00      0x19c src/ASF/thirdparty/freertos/freertos-10.4.6/source/tasks.o
                0x00084c00                xTaskResumeAll
 .text.vTaskDelay
                0x00084d9c       0x58 src/ASF/thirdparty/freertos/freertos-10.4.6/source/tasks.o
                0x00084d9c                vTaskDelay
 .text.vTaskSwitchContext
                0x00084df4      0x100 src/ASF/thirdparty/freertos/freertos-10.4.6/source/tasks.o
                0x00084df4                vTaskSwitchContext
 .text.vTaskPlaceOnEventList
                0x00084ef4       0x38 src/ASF/thirdparty/freertos/freertos-10.4.6/source/tasks.o
                0x00084ef4                vTaskPlaceOnEventList
 .text.vTaskPlaceOnUnorderedEventList
                0x00084f2c       0x74 src/ASF/thirdparty/freertos/freertos-10.4.6/source/tasks.o
                0x00084f2c                vTaskPlaceOnUnorderedEventList
 .text.vTaskPlaceOnEventListRestricted
                0x00084fa0       0x5c src/ASF/thirdparty/freertos/freertos-10.4.6/source/tasks.o
                0x00084fa0                vTaskPlaceOnEventListRestricted
 .text.xTaskRemoveFromEventList
                0x00084ffc       0xf4 src/ASF/thirdparty/freertos/freertos-10.4.6/source/tasks.o
                0x00084ffc                xTaskRemoveFromEventList
 .text.vTaskRemoveFromUnorderedEventList
                0x000850f0       0xe4 src/ASF/thirdparty/freertos/freertos-10.4.6/source/tasks.o
                0x000850f0                vTaskRemoveFromUnorderedEventList
 .text.vTaskSetTimeOutState
                0x000851d4       0x40 src/ASF/thirdparty/freertos/freertos-10.4.6/source/tasks.o
                0x000851d4                vTaskSetTimeOutState
 .text.vTaskInternalSetTimeOutState
                0x00085214       0x18 src/ASF/thirdparty/freertos/freertos-10.4.6/source/tasks.o
                0x00085214                vTaskInternalSetTimeOutState
 .text.xTaskCheckForTimeOut
                0x0008522c       0x90 src/ASF/thirdparty/freertos/freertos-10.4.6/source/tasks.o
                0x0008522c                xTaskCheckForTimeOut
 .text.vTaskMissedYield
                0x000852bc        0xc src/ASF/thirdparty/freertos/freertos-10.4.6/source/tasks.o
                0x000852bc                vTaskMissedYield
 .text.vTaskGetInfo
                0x000852c8       0x98 src/ASF/thirdparty/freertos/freertos-10.4.6/source/tasks.o
                0x000852c8                vTaskGetInfo
 .text.prvListTasksWithinSingleList
                0x00085360       0x68 src/ASF/thirdparty/freertos/freertos-10.4.6/source/tasks.o
 .text.uxTaskGetSystemState
                0x000853c8       0xc4 src/ASF/thirdparty/freertos/freertos-10.4.6/source/tasks.o
                0x000853c8                uxTaskGetSystemState
 .text.xTaskGetSchedulerState
                0x0008548c       0x20 src/ASF/thirdparty/freertos/freertos-10.4.6/source/tasks.o
                0x0008548c                xTaskGetSchedulerState
 .text.xTaskPriorityInherit
                0x000854ac       0xc8 src/ASF/thirdparty/freertos/freertos-10.4.6/source/tasks.o
                0x000854ac                xTaskPriorityInherit
 .text.xTaskPriorityDisinherit
                0x00085574       0xc8 src/ASF/thirdparty/freertos/freertos-10.4.6/source/tasks.o
                0x00085574                xTaskPriorityDisinherit
 .text.vTaskPriorityDisinheritAfterTimeout
                0x0008563c       0xd4 src/ASF/thirdparty/freertos/freertos-10.4.6/source/tasks.o
                0x0008563c                vTaskPriorityDisinheritAfterTimeout
 .text.vTaskList
                0x00085710       0xd8 src/ASF/thirdparty/freertos/freertos-10.4.6/source/tasks.o
                0x00085710                vTaskList
 .text.vTaskGetRunTimeStats
                0x000857e8       0xb8 src/ASF/thirdparty/freertos/freertos-10.4.6/source/tasks.o
                0x000857e8                vTaskGetRunTimeStats
 .text.uxTaskResetEventItemValue
                0x000858a0       0x18 src/ASF/thirdparty/freertos/freertos-10.4.6/source/tasks.o
                0x000858a0                uxTaskResetEventItemValue
 .text.pvTaskIncrementMutexHeldCount
                0x000858b8       0x1c src/ASF/thirdparty/freertos/freertos-10.4.6/source/tasks.o
                0x000858b8                pvTaskIncrementMutexHeldCount
 .text.prvInsertTimerInActiveList
                0x000858d4       0x4c src/ASF/thirdparty/freertos/freertos-10.4.6/source/timers.o
 .text.prvReloadTimer
                0x00085920       0x2c src/ASF/thirdparty/freertos/freertos-10.4.6/source/timers.o
 .text.prvProcessExpiredTimer
                0x0008594c       0x48 src/ASF/thirdparty/freertos/freertos-10.4.6/source/timers.o
 .text.prvSampleTimeNow
                0x00085994       0x6c src/ASF/thirdparty/freertos/freertos-10.4.6/source/timers.o
 .text.prvTimerTask
                0x00085a00      0x1bc src/ASF/thirdparty/freertos/freertos-10.4.6/source/timers.o
 .text.prvCheckForValidListAndQueue
                0x00085bbc       0x70 src/ASF/thirdparty/freertos/freertos-10.4.6/source/timers.o
 .text.xTimerCreateTimerTask
                0x00085c2c       0x54 src/ASF/thirdparty/freertos/freertos-10.4.6/source/timers.o
                0x00085c2c                xTimerCreateTimerTask
 .text.vPrintString
                0x00085c80       0x7c src/CommandConsole/vPrintString.o
                0x00085c80                vPrintString
 .text.run_time_stats_command
                0x00085cfc       0x38 src/freertosCLI/CLI-commands.o
 .text.task_stats_command
                0x00085d34       0x38 src/freertosCLI/CLI-commands.o
 .text.vRegisterCLICommands
                0x00085d6c       0x1c src/freertosCLI/CLI-commands.o
                0x00085d6c                vRegisterCLICommands
 .text.prvHelpCommand
                0x00085d88       0x38 src/freertosCLI/FreeRTOS_CLI.o
 .text.FreeRTOS_CLIRegisterCommand
                0x00085dc0       0x60 src/freertosCLI/FreeRTOS_CLI.o
                0x00085dc0                FreeRTOS_CLIRegisterCommand
 .text.FreeRTOS_CLIProcessCommand
                0x00085e20       0xfc src/freertosCLI/FreeRTOS_CLI.o
                0x00085e20                FreeRTOS_CLIProcessCommand
 .text.FreeRTOS_CLIGetOutputBuffer
                0x00085f1c        0x8 src/freertosCLI/FreeRTOS_CLI.o
                0x00085f1c                FreeRTOS_CLIGetOutputBuffer
 .text.HartbeatTask
                0x00085f24       0x28 src/main.o
                0x00085f24                HartbeatTask
 .text.StartHartbeatTask
                0x00085f4c       0x2c src/main.o
                0x00085f4c                StartHartbeatTask
 .text.vApplicationIdleHook
                0x00085f78        0x2 src/main.o
                0x00085f78                vApplicationIdleHook
 *fill*         0x00085f7a        0x2 
 .text.vApplicationStackOverflowHook
                0x00085f7c       0x2c src/main.o
                0x00085f7c                vApplicationStackOverflowHook
 .text.vApplicationMallocFailedHook
                0x00085fa8       0x2c src/main.o
                0x00085fa8                vApplicationMallocFailedHook
 .text.main     0x00085fd4       0x94 src/main.o
                0x00085fd4                main
 .text.PrintfTask
                0x00086068       0x58 src/CommandConsole/CommandConsole.o
                0x00086068                PrintfTask
 .text.CommandConsoleTask
                0x000860c0      0x174 src/CommandConsole/CommandConsole.o
                0x000860c0                CommandConsoleTask
 .text.StartCommandConsoleTask
                0x00086234       0x64 src/CommandConsole/CommandConsole.o
                0x00086234                StartCommandConsoleTask
 .text.configure_timer_for_run_time_stats
                0x00086298       0x10 src/CommandConsole/run-time-stats-utils.o
                0x00086298                configure_timer_for_run_time_stats
 .text.get_run_time_counter_value
                0x000862a8       0x60 src/CommandConsole/run-time-stats-utils.o
                0x000862a8                get_run_time_counter_value
 .text.pdc_tx_init
                0x00086308       0x18 src/ASF/sam/drivers/pdc/pdc.o
                0x00086308                pdc_tx_init
 .text.pdc_rx_init
                0x00086320       0x18 src/ASF/sam/drivers/pdc/pdc.o
                0x00086320                pdc_rx_init
 .text.pdc_enable_transfer
                0x00086338        0xc src/ASF/sam/drivers/pdc/pdc.o
                0x00086338                pdc_enable_transfer
 .text.pdc_disable_transfer
                0x00086344       0x10 src/ASF/sam/drivers/pdc/pdc.o
                0x00086344                pdc_disable_transfer
 .text.uart_init
                0x00086354       0x36 src/ASF/sam/drivers/uart/uart.o
                0x00086354                uart_init
 .text.uart_enable_tx
                0x0008638a        0x6 src/ASF/sam/drivers/uart/uart.o
                0x0008638a                uart_enable_tx
 .text.uart_disable_tx
                0x00086390        0x6 src/ASF/sam/drivers/uart/uart.o
                0x00086390                uart_disable_tx
 .text.uart_enable_rx
                0x00086396        0x6 src/ASF/sam/drivers/uart/uart.o
                0x00086396                uart_enable_rx
 .text.uart_disable_rx
                0x0008639c        0x6 src/ASF/sam/drivers/uart/uart.o
                0x0008639c                uart_disable_rx
 .text.uart_enable_interrupt
                0x000863a2        0x4 src/ASF/sam/drivers/uart/uart.o
                0x000863a2                uart_enable_interrupt
 .text.uart_disable_interrupt
                0x000863a6        0x4 src/ASF/sam/drivers/uart/uart.o
                0x000863a6                uart_disable_interrupt
 .text.uart_get_interrupt_mask
                0x000863aa        0x4 src/ASF/sam/drivers/uart/uart.o
                0x000863aa                uart_get_interrupt_mask
 .text.uart_get_status
                0x000863ae        0x4 src/ASF/sam/drivers/uart/uart.o
                0x000863ae                uart_get_status
 .text.uart_reset_status
                0x000863b2        0x8 src/ASF/sam/drivers/uart/uart.o
                0x000863b2                uart_reset_status
 *fill*         0x000863ba        0x2 
 .text.sysclk_init
                0x000863bc       0x64 src/ASF/common/services/clock/sam3x/sysclk.o
                0x000863bc                sysclk_init
 .text.board_init
                0x00086420       0xa8 src/ASF/sam/boards/arduino_due_x/init.o
                0x00086420                board_init
 .text.pio_set_peripheral
                0x000864c8       0x3e src/ASF/sam/drivers/pio/pio.o
                0x000864c8                pio_set_peripheral
 .text.pio_set_input
                0x00086506       0x32 src/ASF/sam/drivers/pio/pio.o
                0x00086506                pio_set_input
 .text.pio_set_output
                0x00086538       0x26 src/ASF/sam/drivers/pio/pio.o
                0x00086538                pio_set_output
 .text.pio_configure_interrupt
                0x0008655e       0x2e src/ASF/sam/drivers/pio/pio.o
                0x0008655e                pio_configure_interrupt
 .text.pio_enable_interrupt
                0x0008658c        0x4 src/ASF/sam/drivers/pio/pio.o
                0x0008658c                pio_enable_interrupt
 .text.pio_disable_interrupt
                0x00086590        0x4 src/ASF/sam/drivers/pio/pio.o
                0x00086590                pio_disable_interrupt
 .text.pio_get_interrupt_status
                0x00086594        0x4 src/ASF/sam/drivers/pio/pio.o
                0x00086594                pio_get_interrupt_status
 .text.pio_get_interrupt_mask
                0x00086598        0x4 src/ASF/sam/drivers/pio/pio.o
                0x00086598                pio_get_interrupt_mask
 .text.pio_configure_pin
                0x0008659c       0xd0 src/ASF/sam/drivers/pio/pio.o
                0x0008659c                pio_configure_pin
 .text.pio_configure_pin_group
                0x0008666c       0x9c src/ASF/sam/drivers/pio/pio.o
                0x0008666c                pio_configure_pin_group
 .text.pio_handler_process
                0x00086708       0x50 src/ASF/sam/drivers/pio/pio_handler.o
                0x00086708                pio_handler_process
 .text.pio_handler_set
                0x00086758       0x70 src/ASF/sam/drivers/pio/pio_handler.o
                0x00086758                pio_handler_set
 .text.PIOA_Handler
                0x000867c8       0x14 src/ASF/sam/drivers/pio/pio_handler.o
                0x000867c8                PIOA_Handler
 .text.PIOB_Handler
                0x000867dc       0x14 src/ASF/sam/drivers/pio/pio_handler.o
                0x000867dc                PIOB_Handler
 .text.PIOC_Handler
                0x000867f0       0x14 src/ASF/sam/drivers/pio/pio_handler.o
                0x000867f0                PIOC_Handler
 .text.PIOD_Handler
                0x00086804       0x14 src/ASF/sam/drivers/pio/pio_handler.o
                0x00086804                PIOD_Handler
 .text.pmc_switch_mck_to_pllack
                0x00086818       0x64 src/ASF/sam/drivers/pmc/pmc.o
                0x00086818                pmc_switch_mck_to_pllack
 .text.pmc_switch_mainck_to_xtal
                0x0008687c       0x54 src/ASF/sam/drivers/pmc/pmc.o
                0x0008687c                pmc_switch_mainck_to_xtal
 .text.pmc_osc_is_ready_mainck
                0x000868d0       0x10 src/ASF/sam/drivers/pmc/pmc.o
                0x000868d0                pmc_osc_is_ready_mainck
 .text.pmc_disable_pllack
                0x000868e0       0x10 src/ASF/sam/drivers/pmc/pmc.o
                0x000868e0                pmc_disable_pllack
 .text.pmc_is_locked_pllack
                0x000868f0       0x10 src/ASF/sam/drivers/pmc/pmc.o
                0x000868f0                pmc_is_locked_pllack
 .text.pmc_enable_periph_clk
                0x00086900       0x20 src/ASF/sam/drivers/pmc/pmc.o
                0x00086900                pmc_enable_periph_clk
 .text.Dummy_Handler
                0x00086920        0x2 src/ASF/sam/utils/cmsis/sam3x/source/templates/exceptions.o
                0x00086920                DACC_Handler
                0x00086920                DebugMon_Handler
                0x00086920                DMAC_Handler
                0x00086920                TRNG_Handler
                0x00086920                HardFault_Handler
                0x00086920                TC2_Handler
                0x00086920                USART3_Handler
                0x00086920                NMI_Handler
                0x00086920                TC7_Handler
                0x00086920                ADC_Handler
                0x00086920                SMC_Handler
                0x00086920                USART0_Handler
                0x00086920                RTT_Handler
                0x00086920                EFC1_Handler
                0x00086920                RTC_Handler
                0x00086920                UsageFault_Handler
                0x00086920                TC6_Handler
                0x00086920                WDT_Handler
                0x00086920                CAN0_Handler
                0x00086920                TC4_Handler
                0x00086920                TC1_Handler
                0x00086920                HSMCI_Handler
                0x00086920                TC3_Handler
                0x00086920                Dummy_Handler
                0x00086920                USART1_Handler
                0x00086920                SSC_Handler
                0x00086920                EFC0_Handler
                0x00086920                PMC_Handler
                0x00086920                PWM_Handler
                0x00086920                CAN1_Handler
                0x00086920                MemManage_Handler
                0x00086920                SUPC_Handler
                0x00086920                TC8_Handler
                0x00086920                USART2_Handler
                0x00086920                EMAC_Handler
                0x00086920                BusFault_Handler
                0x00086920                RSTC_Handler
                0x00086920                TC0_Handler
                0x00086920                TC5_Handler
                0x00086920                UOTGHS_Handler
                0x00086920                SPI0_Handler
 *fill*         0x00086922        0x2 
 .text.Reset_Handler
                0x00086924       0x98 src/ASF/sam/utils/cmsis/sam3x/source/templates/gcc/startup_sam3x.o
                0x00086924                Reset_Handler
 .text.SystemCoreClockUpdate
                0x000869bc      0x118 src/ASF/sam/utils/cmsis/sam3x/source/templates/system_sam3x.o
                0x000869bc                SystemCoreClockUpdate
 .text._sbrk    0x00086ad4       0x38 src/ASF/sam/utils/syscalls/gcc/syscalls.o
                0x00086ad4                _sbrk
 .text.pow      0x00086b0c      0x340 c:/program files (x86)/atmel/studio/7.0/toolchain/arm/arm-gnu-toolchain/bin/../lib/gcc/arm-none-eabi/6.3.1/../../../../arm-none-eabi/lib/thumb/v7-m\libm.a(lib_a-w_pow.o)
                0x00086b0c                pow
 .text.sqrt     0x00086e4c       0xbc c:/program files (x86)/atmel/studio/7.0/toolchain/arm/arm-gnu-toolchain/bin/../lib/gcc/arm-none-eabi/6.3.1/../../../../arm-none-eabi/lib/thumb/v7-m\libm.a(lib_a-w_sqrt.o)
                0x00086e4c                sqrt
 .text.__ieee754_pow
                0x00086f08      0xaac c:/program files (x86)/atmel/studio/7.0/toolchain/arm/arm-gnu-toolchain/bin/../lib/gcc/arm-none-eabi/6.3.1/../../../../arm-none-eabi/lib/thumb/v7-m\libm.a(lib_a-e_pow.o)
                0x00086f08                __ieee754_pow
 .text.__ieee754_sqrt
                0x000879b4      0x178 c:/program files (x86)/atmel/studio/7.0/toolchain/arm/arm-gnu-toolchain/bin/../lib/gcc/arm-none-eabi/6.3.1/../../../../arm-none-eabi/lib/thumb/v7-m\libm.a(lib_a-e_sqrt.o)
                0x000879b4                __ieee754_sqrt
 .text.fabs     0x00087b2c        0x8 c:/program files (x86)/atmel/studio/7.0/toolchain/arm/arm-gnu-toolchain/bin/../lib/gcc/arm-none-eabi/6.3.1/../../../../arm-none-eabi/lib/thumb/v7-m\libm.a(lib_a-s_fabs.o)
                0x00087b2c                fabs
 .text.finite   0x00087b34        0xc c:/program files (x86)/atmel/studio/7.0/toolchain/arm/arm-gnu-toolchain/bin/../lib/gcc/arm-none-eabi/6.3.1/../../../../arm-none-eabi/lib/thumb/v7-m\libm.a(lib_a-s_finite.o)
                0x00087b34                finite
 .text.matherr  0x00087b40        0x4 c:/program files (x86)/atmel/studio/7.0/toolchain/arm/arm-gnu-toolchain/bin/../lib/gcc/arm-none-eabi/6.3.1/../../../../arm-none-eabi/lib/thumb/v7-m\libm.a(lib_a-s_matherr.o)
                0x00087b40                matherr
 .text.nan      0x00087b44        0xc c:/program files (x86)/atmel/studio/7.0/toolchain/arm/arm-gnu-toolchain/bin/../lib/gcc/arm-none-eabi/6.3.1/../../../../arm-none-eabi/lib/thumb/v7-m\libm.a(lib_a-s_nan.o)
                0x00087b44                nan
 .text.rint     0x00087b50      0x11c c:/program files (x86)/atmel/studio/7.0/toolchain/arm/arm-gnu-toolchain/bin/../lib/gcc/arm-none-eabi/6.3.1/../../../../arm-none-eabi/lib/thumb/v7-m\libm.a(lib_a-s_rint.o)
                0x00087b50                rint
 *fill*         0x00087c6c        0x4 
 .text.scalbn   0x00087c70       0xe4 c:/program files (x86)/atmel/studio/7.0/toolchain/arm/arm-gnu-toolchain/bin/../lib/gcc/arm-none-eabi/6.3.1/../../../../arm-none-eabi/lib/thumb/v7-m\libm.a(lib_a-s_scalbn.o)
                0x00087c70                scalbn
 .text.copysign
                0x00087d54       0x10 c:/program files (x86)/atmel/studio/7.0/toolchain/arm/arm-gnu-toolchain/bin/../lib/gcc/arm-none-eabi/6.3.1/../../../../arm-none-eabi/lib/thumb/v7-m\libm.a(lib_a-s_copysign.o)
                0x00087d54                copysign
 .text          0x00087d64      0x370 c:/program files (x86)/atmel/studio/7.0/toolchain/arm/arm-gnu-toolchain/bin/../lib/gcc/arm-none-eabi/6.3.1/thumb/v7-m\libgcc.a(_arm_addsubdf3.o)
                0x00087d64                __aeabi_drsub
                0x00087d6c                __aeabi_dsub
                0x00087d6c                __subdf3
                0x00087d70                __aeabi_dadd
                0x00087d70                __adddf3
                0x00087fe8                __floatunsidf
                0x00087fe8                __aeabi_ui2d
                0x00088008                __floatsidf
                0x00088008                __aeabi_i2d
                0x0008802c                __aeabi_f2d
                0x0008802c                __extendsfdf2
                0x00088068                __floatundidf
                0x00088068                __aeabi_ul2d
                0x00088078                __floatdidf
                0x00088078                __aeabi_l2d
 .text          0x000880d4      0x424 c:/program files (x86)/atmel/studio/7.0/toolchain/arm/arm-gnu-toolchain/bin/../lib/gcc/arm-none-eabi/6.3.1/thumb/v7-m\libgcc.a(_arm_muldivdf3.o)
                0x000880d4                __aeabi_dmul
                0x000880d4                __muldf3
                0x00088328                __divdf3
                0x00088328                __aeabi_ddiv
 .text          0x000884f8      0x110 c:/program files (x86)/atmel/studio/7.0/toolchain/arm/arm-gnu-toolchain/bin/../lib/gcc/arm-none-eabi/6.3.1/thumb/v7-m\libgcc.a(_arm_cmpdf2.o)
                0x000884f8                __gtdf2
                0x000884f8                __gedf2
                0x00088500                __ltdf2
                0x00088500                __ledf2
                0x00088508                __nedf2
                0x00088508                __eqdf2
                0x00088508                __cmpdf2
                0x00088584                __aeabi_cdrcmple
                0x00088594                __aeabi_cdcmpeq
                0x00088594                __aeabi_cdcmple
                0x000885a4                __aeabi_dcmpeq
                0x000885b8                __aeabi_dcmplt
                0x000885cc                __aeabi_dcmple
                0x000885e0                __aeabi_dcmpge
                0x000885f4                __aeabi_dcmpgt
 .text          0x00088608       0x2c c:/program files (x86)/atmel/studio/7.0/toolchain/arm/arm-gnu-toolchain/bin/../lib/gcc/arm-none-eabi/6.3.1/thumb/v7-m\libgcc.a(_arm_unorddf2.o)
                0x00088608                __unorddf2
                0x00088608                __aeabi_dcmpun
 .text          0x00088634       0xa0 c:/program files (x86)/atmel/studio/7.0/toolchain/arm/arm-gnu-toolchain/bin/../lib/gcc/arm-none-eabi/6.3.1/thumb/v7-m\libgcc.a(_arm_truncdfsf2.o)
                0x00088634                __truncdfsf2
                0x00088634                __aeabi_d2f
 .text          0x000886d4      0x21c c:/program files (x86)/atmel/studio/7.0/toolchain/arm/arm-gnu-toolchain/bin/../lib/gcc/arm-none-eabi/6.3.1/thumb/v7-m\libgcc.a(_arm_addsubsf3.o)
                0x000886d4                __aeabi_frsub
                0x000886dc                __subsf3
                0x000886dc                __aeabi_fsub
                0x000886e0                __aeabi_fadd
                0x000886e0                __addsf3
                0x00088840                __aeabi_ui2f
                0x00088840                __floatunsisf
                0x00088848                __aeabi_i2f
                0x00088848                __floatsisf
                0x00088864                __aeabi_ul2f
                0x00088864                __floatundisf
                0x00088874                __aeabi_l2f
                0x00088874                __floatdisf
 .text          0x000888f0      0x2a0 c:/program files (x86)/atmel/studio/7.0/toolchain/arm/arm-gnu-toolchain/bin/../lib/gcc/arm-none-eabi/6.3.1/thumb/v7-m\libgcc.a(_arm_muldivsf3.o)
                0x000888f0                __mulsf3
                0x000888f0                __aeabi_fmul
                0x00088a58                __aeabi_fdiv
                0x00088a58                __divsf3
 .text          0x00088b90       0xec c:/program files (x86)/atmel/studio/7.0/toolchain/arm/arm-gnu-toolchain/bin/../lib/gcc/arm-none-eabi/6.3.1/thumb/v7-m\libgcc.a(_arm_cmpsf2.o)
                0x00088b90                __gesf2
                0x00088b90                __gtsf2
                0x00088b98                __lesf2
                0x00088b98                __ltsf2
                0x00088ba0                __nesf2
                0x00088ba0                __eqsf2
                0x00088ba0                __cmpsf2
                0x00088c00                __aeabi_cfrcmple
                0x00088c08                __aeabi_cfcmpeq
                0x00088c08                __aeabi_cfcmple
                0x00088c18                __aeabi_fcmpeq
                0x00088c2c                __aeabi_fcmplt
                0x00088c40                __aeabi_fcmple
                0x00088c54                __aeabi_fcmpge
                0x00088c68                __aeabi_fcmpgt
 .text          0x00088c7c       0x40 c:/program files (x86)/atmel/studio/7.0/toolchain/arm/arm-gnu-toolchain/bin/../lib/gcc/arm-none-eabi/6.3.1/thumb/v7-m\libgcc.a(_arm_fixunssfsi.o)
                0x00088c7c                __fixunssfsi
                0x00088c7c                __aeabi_f2uiz
 .text          0x00088cbc       0x30 c:/program files (x86)/atmel/studio/7.0/toolchain/arm/arm-gnu-toolchain/bin/../lib/gcc/arm-none-eabi/6.3.1/thumb/v7-m\libgcc.a(_aeabi_uldivmod.o)
                0x00088cbc                __aeabi_uldivmod
 .text          0x00088cec      0x2dc c:/program files (x86)/atmel/studio/7.0/toolchain/arm/arm-gnu-toolchain/bin/../lib/gcc/arm-none-eabi/6.3.1/thumb/v7-m\libgcc.a(_udivmoddi4.o)
                0x00088cec                __udivmoddi4
 .text          0x00088fc8        0x4 c:/program files (x86)/atmel/studio/7.0/toolchain/arm/arm-gnu-toolchain/bin/../lib/gcc/arm-none-eabi/6.3.1/thumb/v7-m\libgcc.a(_dvmd_tls.o)
                0x00088fc8                __aeabi_idiv0
                0x00088fc8                __aeabi_ldiv0
 .text.__errno  0x00088fcc        0xc c:/program files (x86)/atmel/studio/7.0/toolchain/arm/arm-gnu-toolchain/bin/../lib/gcc/arm-none-eabi/6.3.1/../../../../arm-none-eabi/lib/thumb/v7-m\libc.a(lib_a-errno.o)
                0x00088fcc                __errno
 .text.__libc_init_array
                0x00088fd8       0x50 c:/program files (x86)/atmel/studio/7.0/toolchain/arm/arm-gnu-toolchain/bin/../lib/gcc/arm-none-eabi/6.3.1/../../../../arm-none-eabi/lib/thumb/v7-m\libc.a(lib_a-init.o)
                0x00088fd8                __libc_init_array
 .text.malloc   0x00089028       0x10 c:/program files (x86)/atmel/studio/7.0/toolchain/arm/arm-gnu-toolchain/bin/../lib/gcc/arm-none-eabi/6.3.1/../../../../arm-none-eabi/lib/thumb/v7-m\libc.a(lib_a-malloc.o)
                0x00089028                malloc
 .text._malloc_r
                0x00089038      0x544 c:/program files (x86)/atmel/studio/7.0/toolchain/arm/arm-gnu-toolchain/bin/../lib/gcc/arm-none-eabi/6.3.1/../../../../arm-none-eabi/lib/thumb/v7-m\libc.a(lib_a-mallocr.o)
                0x00089038                _malloc_r
 .text.memcmp   0x0008957c       0x60 c:/program files (x86)/atmel/studio/7.0/toolchain/arm/arm-gnu-toolchain/bin/../lib/gcc/arm-none-eabi/6.3.1/../../../../arm-none-eabi/lib/thumb/v7-m\libc.a(lib_a-memcmp.o)
                0x0008957c                memcmp
 .text          0x000895dc       0xec c:/program files (x86)/atmel/studio/7.0/toolchain/arm/arm-gnu-toolchain/bin/../lib/gcc/arm-none-eabi/6.3.1/../../../../arm-none-eabi/lib/thumb/v7-m\libc.a(lib_a-memcpy.o)
                0x000895dc                memcpy
 .text.memset   0x000896c8       0x9c c:/program files (x86)/atmel/studio/7.0/toolchain/arm/arm-gnu-toolchain/bin/../lib/gcc/arm-none-eabi/6.3.1/../../../../arm-none-eabi/lib/thumb/v7-m\libc.a(lib_a-memset.o)
                0x000896c8                memset
 .text.__malloc_lock
                0x00089764        0xc c:/program files (x86)/atmel/studio/7.0/toolchain/arm/arm-gnu-toolchain/bin/../lib/gcc/arm-none-eabi/6.3.1/../../../../arm-none-eabi/lib/thumb/v7-m\libc.a(lib_a-mlock.o)
                0x00089764                __malloc_lock
 .text.__malloc_unlock
                0x00089770        0xc c:/program files (x86)/atmel/studio/7.0/toolchain/arm/arm-gnu-toolchain/bin/../lib/gcc/arm-none-eabi/6.3.1/../../../../arm-none-eabi/lib/thumb/v7-m\libc.a(lib_a-mlock.o)
                0x00089770                __malloc_unlock
 .text._sbrk_r  0x0008977c       0x24 c:/program files (x86)/atmel/studio/7.0/toolchain/arm/arm-gnu-toolchain/bin/../lib/gcc/arm-none-eabi/6.3.1/../../../../arm-none-eabi/lib/thumb/v7-m\libc.a(lib_a-sbrkr.o)
                0x0008977c                _sbrk_r
 .text.sprintf  0x000897a0       0x4c c:/program files (x86)/atmel/studio/7.0/toolchain/arm/arm-gnu-toolchain/bin/../lib/gcc/arm-none-eabi/6.3.1/../../../../arm-none-eabi/lib/thumb/v7-m\libc.a(lib_a-sprintf.o)
                0x000897a0                sprintf
 .text.strcpy   0x000897ec       0xbc c:/program files (x86)/atmel/studio/7.0/toolchain/arm/arm-gnu-toolchain/bin/../lib/gcc/arm-none-eabi/6.3.1/../../../../arm-none-eabi/lib/thumb/v7-m\libc.a(lib_a-strcpy.o)
                0x000897ec                strcpy
 .text.strlen   0x000898a8       0x5c c:/program files (x86)/atmel/studio/7.0/toolchain/arm/arm-gnu-toolchain/bin/../lib/gcc/arm-none-eabi/6.3.1/../../../../arm-none-eabi/lib/thumb/v7-m\libc.a(lib_a-strlen-stub.o)
                0x000898a8                strlen
 .text.strncmp  0x00089904       0xa0 c:/program files (x86)/atmel/studio/7.0/toolchain/arm/arm-gnu-toolchain/bin/../lib/gcc/arm-none-eabi/6.3.1/../../../../arm-none-eabi/lib/thumb/v7-m\libc.a(lib_a-strncmp.o)
                0x00089904                strncmp
 .text.strncpy  0x000899a4       0x64 c:/program files (x86)/atmel/studio/7.0/toolchain/arm/arm-gnu-toolchain/bin/../lib/gcc/arm-none-eabi/6.3.1/../../../../arm-none-eabi/lib/thumb/v7-m\libc.a(lib_a-strncpy.o)
                0x000899a4                strncpy
 .text._svfprintf_r
                0x00089a08     0x1500 c:/program files (x86)/atmel/studio/7.0/toolchain/arm/arm-gnu-toolchain/bin/../lib/gcc/arm-none-eabi/6.3.1/../../../../arm-none-eabi/lib/thumb/v7-m\libc.a(lib_a-svfprintf.o)
                0x00089a08                _svfprintf_r
 .text._vsprintf_r
                0x0008af08       0x34 c:/program files (x86)/atmel/studio/7.0/toolchain/arm/arm-gnu-toolchain/bin/../lib/gcc/arm-none-eabi/6.3.1/../../../../arm-none-eabi/lib/thumb/v7-m\libc.a(lib_a-vsprintf.o)
                0x0008af08                _vsprintf_r
 .text.vsprintf
                0x0008af3c       0x18 c:/program files (x86)/atmel/studio/7.0/toolchain/arm/arm-gnu-toolchain/bin/../lib/gcc/arm-none-eabi/6.3.1/../../../../arm-none-eabi/lib/thumb/v7-m\libc.a(lib_a-vsprintf.o)
                0x0008af3c                vsprintf
 .text.startup.register_fini
                0x0008af54       0x14 c:/program files (x86)/atmel/studio/7.0/toolchain/arm/arm-gnu-toolchain/bin/../lib/gcc/arm-none-eabi/6.3.1/../../../../arm-none-eabi/lib/thumb/v7-m\libc.a(lib_a-__call_atexit.o)
 .text.atexit   0x0008af68        0xc c:/program files (x86)/atmel/studio/7.0/toolchain/arm/arm-gnu-toolchain/bin/../lib/gcc/arm-none-eabi/6.3.1/../../../../arm-none-eabi/lib/thumb/v7-m\libc.a(lib_a-atexit.o)
                0x0008af68                atexit
 .text.quorem   0x0008af74      0x128 c:/program files (x86)/atmel/studio/7.0/toolchain/arm/arm-gnu-toolchain/bin/../lib/gcc/arm-none-eabi/6.3.1/../../../../arm-none-eabi/lib/thumb/v7-m\libc.a(lib_a-dtoa.o)
 *fill*         0x0008b09c        0x4 
 .text._dtoa_r  0x0008b0a0      0xe44 c:/program files (x86)/atmel/studio/7.0/toolchain/arm/arm-gnu-toolchain/bin/../lib/gcc/arm-none-eabi/6.3.1/../../../../arm-none-eabi/lib/thumb/v7-m\libc.a(lib_a-dtoa.o)
                0x0008b0a0                _dtoa_r
 .text.__libc_fini_array
                0x0008bee4       0x34 c:/program files (x86)/atmel/studio/7.0/toolchain/arm/arm-gnu-toolchain/bin/../lib/gcc/arm-none-eabi/6.3.1/../../../../arm-none-eabi/lib/thumb/v7-m\libc.a(lib_a-fini.o)
                0x0008bee4                __libc_fini_array
 .text._malloc_trim_r
                0x0008bf18       0xa0 c:/program files (x86)/atmel/studio/7.0/toolchain/arm/arm-gnu-toolchain/bin/../lib/gcc/arm-none-eabi/6.3.1/../../../../arm-none-eabi/lib/thumb/v7-m\libc.a(lib_a-freer.o)
                0x0008bf18                _malloc_trim_r
 .text._free_r  0x0008bfb8      0x1cc c:/program files (x86)/atmel/studio/7.0/toolchain/arm/arm-gnu-toolchain/bin/../lib/gcc/arm-none-eabi/6.3.1/../../../../arm-none-eabi/lib/thumb/v7-m\libc.a(lib_a-freer.o)
                0x0008bfb8                _free_r
 .text._localeconv_r
                0x0008c184       0x1c c:/program files (x86)/atmel/studio/7.0/toolchain/arm/arm-gnu-toolchain/bin/../lib/gcc/arm-none-eabi/6.3.1/../../../../arm-none-eabi/lib/thumb/v7-m\libc.a(lib_a-localeconv.o)
                0x0008c184                _localeconv_r
 .text.__retarget_lock_acquire_recursive
                0x0008c1a0        0x4 c:/program files (x86)/atmel/studio/7.0/toolchain/arm/arm-gnu-toolchain/bin/../lib/gcc/arm-none-eabi/6.3.1/../../../../arm-none-eabi/lib/thumb/v7-m\libc.a(lib_a-lock.o)
                0x0008c1a0                __retarget_lock_acquire_recursive
 .text.__retarget_lock_release_recursive
                0x0008c1a4        0x4 c:/program files (x86)/atmel/studio/7.0/toolchain/arm/arm-gnu-toolchain/bin/../lib/gcc/arm-none-eabi/6.3.1/../../../../arm-none-eabi/lib/thumb/v7-m\libc.a(lib_a-lock.o)
                0x0008c1a4                __retarget_lock_release_recursive
 .text.__ascii_mbtowc
                0x0008c1a8       0x2c c:/program files (x86)/atmel/studio/7.0/toolchain/arm/arm-gnu-toolchain/bin/../lib/gcc/arm-none-eabi/6.3.1/../../../../arm-none-eabi/lib/thumb/v7-m\libc.a(lib_a-mbtowc_r.o)
                0x0008c1a8                __ascii_mbtowc
 .text.memchr   0x0008c1d4       0x8c c:/program files (x86)/atmel/studio/7.0/toolchain/arm/arm-gnu-toolchain/bin/../lib/gcc/arm-none-eabi/6.3.1/../../../../arm-none-eabi/lib/thumb/v7-m\libc.a(lib_a-memchr-stub.o)
                0x0008c1d4                memchr
 .text.memmove  0x0008c260       0xc8 c:/program files (x86)/atmel/studio/7.0/toolchain/arm/arm-gnu-toolchain/bin/../lib/gcc/arm-none-eabi/6.3.1/../../../../arm-none-eabi/lib/thumb/v7-m\libc.a(lib_a-memmove.o)
                0x0008c260                memmove
 .text._Balloc  0x0008c328       0x4c c:/program files (x86)/atmel/studio/7.0/toolchain/arm/arm-gnu-toolchain/bin/../lib/gcc/arm-none-eabi/6.3.1/../../../../arm-none-eabi/lib/thumb/v7-m\libc.a(lib_a-mprec.o)
                0x0008c328                _Balloc
 .text._Bfree   0x0008c374       0x14 c:/program files (x86)/atmel/studio/7.0/toolchain/arm/arm-gnu-toolchain/bin/../lib/gcc/arm-none-eabi/6.3.1/../../../../arm-none-eabi/lib/thumb/v7-m\libc.a(lib_a-mprec.o)
                0x0008c374                _Bfree
 .text.__multadd
                0x0008c388       0x84 c:/program files (x86)/atmel/studio/7.0/toolchain/arm/arm-gnu-toolchain/bin/../lib/gcc/arm-none-eabi/6.3.1/../../../../arm-none-eabi/lib/thumb/v7-m\libc.a(lib_a-mprec.o)
                0x0008c388                __multadd
 .text.__hi0bits
                0x0008c40c       0x40 c:/program files (x86)/atmel/studio/7.0/toolchain/arm/arm-gnu-toolchain/bin/../lib/gcc/arm-none-eabi/6.3.1/../../../../arm-none-eabi/lib/thumb/v7-m\libc.a(lib_a-mprec.o)
                0x0008c40c                __hi0bits
 .text.__lo0bits
                0x0008c44c       0x60 c:/program files (x86)/atmel/studio/7.0/toolchain/arm/arm-gnu-toolchain/bin/../lib/gcc/arm-none-eabi/6.3.1/../../../../arm-none-eabi/lib/thumb/v7-m\libc.a(lib_a-mprec.o)
                0x0008c44c                __lo0bits
 .text.__i2b    0x0008c4ac       0x14 c:/program files (x86)/atmel/studio/7.0/toolchain/arm/arm-gnu-toolchain/bin/../lib/gcc/arm-none-eabi/6.3.1/../../../../arm-none-eabi/lib/thumb/v7-m\libc.a(lib_a-mprec.o)
                0x0008c4ac                __i2b
 .text.__multiply
                0x0008c4c0      0x124 c:/program files (x86)/atmel/studio/7.0/toolchain/arm/arm-gnu-toolchain/bin/../lib/gcc/arm-none-eabi/6.3.1/../../../../arm-none-eabi/lib/thumb/v7-m\libc.a(lib_a-mprec.o)
                0x0008c4c0                __multiply
 .text.__pow5mult
                0x0008c5e4       0xa0 c:/program files (x86)/atmel/studio/7.0/toolchain/arm/arm-gnu-toolchain/bin/../lib/gcc/arm-none-eabi/6.3.1/../../../../arm-none-eabi/lib/thumb/v7-m\libc.a(lib_a-mprec.o)
                0x0008c5e4                __pow5mult
 .text.__lshift
                0x0008c684       0xa0 c:/program files (x86)/atmel/studio/7.0/toolchain/arm/arm-gnu-toolchain/bin/../lib/gcc/arm-none-eabi/6.3.1/../../../../arm-none-eabi/lib/thumb/v7-m\libc.a(lib_a-mprec.o)
                0x0008c684                __lshift
 .text.__mcmp   0x0008c724       0x38 c:/program files (x86)/atmel/studio/7.0/toolchain/arm/arm-gnu-toolchain/bin/../lib/gcc/arm-none-eabi/6.3.1/../../../../arm-none-eabi/lib/thumb/v7-m\libc.a(lib_a-mprec.o)
                0x0008c724                __mcmp
 .text.__mdiff  0x0008c75c      0x11c c:/program files (x86)/atmel/studio/7.0/toolchain/arm/arm-gnu-toolchain/bin/../lib/gcc/arm-none-eabi/6.3.1/../../../../arm-none-eabi/lib/thumb/v7-m\libc.a(lib_a-mprec.o)
                0x0008c75c                __mdiff
 .text.__d2b    0x0008c878       0xa8 c:/program files (x86)/atmel/studio/7.0/toolchain/arm/arm-gnu-toolchain/bin/../lib/gcc/arm-none-eabi/6.3.1/../../../../arm-none-eabi/lib/thumb/v7-m\libc.a(lib_a-mprec.o)
                0x0008c878                __d2b
 .text._realloc_r
                0x0008c920      0x36c c:/program files (x86)/atmel/studio/7.0/toolchain/arm/arm-gnu-toolchain/bin/../lib/gcc/arm-none-eabi/6.3.1/../../../../arm-none-eabi/lib/thumb/v7-m\libc.a(lib_a-reallocr.o)
                0x0008c920                _realloc_r
 .text.__ssprint_r
                0x0008cc8c       0xfc c:/program files (x86)/atmel/studio/7.0/toolchain/arm/arm-gnu-toolchain/bin/../lib/gcc/arm-none-eabi/6.3.1/../../../../arm-none-eabi/lib/thumb/v7-m\libc.a(lib_a-svfiprintf.o)
                0x0008cc8c                __ssprint_r
 .text.__ascii_wctomb
                0x0008cd88       0x18 c:/program files (x86)/atmel/studio/7.0/toolchain/arm/arm-gnu-toolchain/bin/../lib/gcc/arm-none-eabi/6.3.1/../../../../arm-none-eabi/lib/thumb/v7-m\libc.a(lib_a-wctomb_r.o)
                0x0008cd88                __ascii_wctomb
 .text.__register_exitproc
                0x0008cda0       0xc4 c:/program files (x86)/atmel/studio/7.0/toolchain/arm/arm-gnu-toolchain/bin/../lib/gcc/arm-none-eabi/6.3.1/../../../../arm-none-eabi/lib/thumb/v7-m\libc.a(lib_a-__atexit.o)
                0x0008cda0                __register_exitproc
 .text._calloc_r
                0x0008ce64       0x60 c:/program files (x86)/atmel/studio/7.0/toolchain/arm/arm-gnu-toolchain/bin/../lib/gcc/arm-none-eabi/6.3.1/../../../../arm-none-eabi/lib/thumb/v7-m\libc.a(lib_a-callocr.o)
                0x0008ce64                _calloc_r
 .text          0x0008cec4       0x50 c:/program files (x86)/atmel/studio/7.0/toolchain/arm/arm-gnu-toolchain/bin/../lib/gcc/arm-none-eabi/6.3.1/thumb/v7-m\libgcc.a(_arm_fixdfsi.o)
                0x0008cec4                __aeabi_d2iz
                0x0008cec4                __fixdfsi
 *(.glue_7t)
 .glue_7t       0x0008cf14        0x0 linker stubs
 *(.glue_7)
 .glue_7        0x0008cf14        0x0 linker stubs
 *(.rodata .rodata* .gnu.linkonce.r.*)
 .rodata.StartApplicationTasks.str1.4
                0x0008cf14       0x29 src/ApplicationTasks.o
 *fill*         0x0008cf3d        0x3 
 .rodata.ControlLoop.str1.4
                0x0008cf40       0x3c src/ControlTask.o
 .rodata.ControlTask.str1.4
                0x0008cf7c      0x10c src/ControlTask.o
 .rodata.ButtonHandlerTask.str1.4
                0x0008d088       0x40 src/ButtonHandlerTask.o
 .rodata.ParameterSettingTask.str1.4
                0x0008d0c8       0x5c src/ParameterSettingTask.o
 .rodata.posctrlLoad_RunController.str1.4
                0x0008d124        0x2 src/PositionControllerLoad.o
 *fill*         0x0008d126        0x2 
 .rodata.QCEncodersShowCount.str1.4
                0x0008d128       0x1a src/QuadratureCounters.o
 *fill*         0x0008d142        0x2 
 .rodata.G_EOCBits
                0x0008d144       0x30 src/RTSWLibrary/ADCLib.o
 .rodata.G_DACSelectPins
                0x0008d174        0x4 src/RTSWLibrary/DAC4921Lib.o
 .rodata.G_LEDPins
                0x0008d178        0x4 src/RTSWLibrary/LEDLib.o
 .rodata.G_InputPins
                0x0008d17c        0x8 src/RTSWLibrary/PortIOLib.o
 .rodata.G_OutputPins
                0x0008d184        0x8 src/RTSWLibrary/PortIOLib.o
 .rodata.G_QCSelectPins
                0x0008d18c        0x2 src/RTSWLibrary/QC7366Lib.o
 *fill*         0x0008d18e        0x2 
 .rodata.G_SwitchPins
                0x0008d190        0x4 src/RTSWLibrary/SwitchLib.o
 .rodata.all_twi_definitions
                0x0008d194       0x20 src/ASF/common/services/freertos/sam/freertos_twi_master.o
 .rodata.null_dma_control
                0x0008d1b4        0x8 src/ASF/common/services/freertos/sam/freertos_twi_master.o
 .rodata.all_uart_definitions
                0x0008d1bc       0x10 src/ASF/common/services/freertos/sam/freertos_uart_serial.o
 .rodata.vTaskGetRunTimeStats.str1.4
                0x0008d1cc       0x18 src/ASF/thirdparty/freertos/freertos-10.4.6/source/tasks.o
 .rodata.vTaskList.str1.4
                0x0008d1e4        0xf src/ASF/thirdparty/freertos/freertos-10.4.6/source/tasks.o
 *fill*         0x0008d1f3        0x1 
 .rodata.vTaskStartScheduler.str1.4
                0x0008d1f4        0x9 src/ASF/thirdparty/freertos/freertos-10.4.6/source/tasks.o
 *fill*         0x0008d1fd        0x3 
 .rodata.prvCheckForValidListAndQueue.str1.4
                0x0008d200        0x5 src/ASF/thirdparty/freertos/freertos-10.4.6/source/timers.o
 *fill*         0x0008d205        0x3 
 .rodata.xTimerCreateTimerTask.str1.4
                0x0008d208        0xb src/ASF/thirdparty/freertos/freertos-10.4.6/source/timers.o
 *fill*         0x0008d213        0x1 
 .rodata.run_time_stats_command.str1.4
                0x0008d214       0x51 src/freertosCLI/CLI-commands.o
 *fill*         0x0008d265        0x3 
 .rodata.run_time_stats_command_definition
                0x0008d268       0x10 src/freertosCLI/CLI-commands.o
 .rodata.str1.4
                0x0008d278       0xc4 src/freertosCLI/CLI-commands.o
 .rodata.task_stats_command.str1.4
                0x0008d33c       0x5b src/freertosCLI/CLI-commands.o
 *fill*         0x0008d397        0x1 
 .rodata.task_stats_command_definition
                0x0008d398       0x10 src/freertosCLI/CLI-commands.o
 .rodata.FreeRTOS_CLIProcessCommand.str1.4
                0x0008d3a8       0xa8 src/freertosCLI/FreeRTOS_CLI.o
 .rodata.str1.4
                0x0008d450       0x38 src/freertosCLI/FreeRTOS_CLI.o
 .rodata.xHelpCommand
                0x0008d488       0x10 src/freertosCLI/FreeRTOS_CLI.o
 .rodata.HartbeatTask.str1.4
                0x0008d498       0x37 src/main.o
 *fill*         0x0008d4cf        0x1 
 .rodata.StartHartbeatTask.str1.4
                0x0008d4d0        0xd src/main.o
 *fill*         0x0008d4dd        0x3 
 .rodata.CommandConsoleTask.str1.4
                0x0008d4e0       0xfc src/CommandConsole/CommandConsole.o
                                0x100 (size before relaxing)
 .rodata.StartCommandConsoleTask.str1.4
                0x0008d5dc       0x1f src/CommandConsole/CommandConsole.o
 *fill*         0x0008d5fb        0x1 
 .rodata.pow.str1.4
                0x0008d5fc        0x4 c:/program files (x86)/atmel/studio/7.0/toolchain/arm/arm-gnu-toolchain/bin/../lib/gcc/arm-none-eabi/6.3.1/../../../../arm-none-eabi/lib/thumb/v7-m\libm.a(lib_a-w_pow.o)
 .rodata.sqrt.str1.4
                0x0008d600        0x5 c:/program files (x86)/atmel/studio/7.0/toolchain/arm/arm-gnu-toolchain/bin/../lib/gcc/arm-none-eabi/6.3.1/../../../../arm-none-eabi/lib/thumb/v7-m\libm.a(lib_a-w_sqrt.o)
 .rodata.__ieee754_pow.str1.4
                0x0008d605        0x5 c:/program files (x86)/atmel/studio/7.0/toolchain/arm/arm-gnu-toolchain/bin/../lib/gcc/arm-none-eabi/6.3.1/../../../../arm-none-eabi/lib/thumb/v7-m\libm.a(lib_a-e_pow.o)
                                  0x1 (size before relaxing)
 *fill*         0x0008d605        0x3 
 .rodata.TWO52  0x0008d608       0x10 c:/program files (x86)/atmel/studio/7.0/toolchain/arm/arm-gnu-toolchain/bin/../lib/gcc/arm-none-eabi/6.3.1/../../../../arm-none-eabi/lib/thumb/v7-m\libm.a(lib_a-s_rint.o)
 .rodata._global_impure_ptr
                0x0008d618        0x4 c:/program files (x86)/atmel/studio/7.0/toolchain/arm/arm-gnu-toolchain/bin/../lib/gcc/arm-none-eabi/6.3.1/../../../../arm-none-eabi/lib/thumb/v7-m\libc.a(lib_a-impure.o)
                0x0008d618                _global_impure_ptr
 .rodata._svfprintf_r.str1.4
                0x0008d61c       0x42 c:/program files (x86)/atmel/studio/7.0/toolchain/arm/arm-gnu-toolchain/bin/../lib/gcc/arm-none-eabi/6.3.1/../../../../arm-none-eabi/lib/thumb/v7-m\libc.a(lib_a-svfprintf.o)
 *fill*         0x0008d65e        0x2 
 .rodata.blanks.7223
                0x0008d660       0x10 c:/program files (x86)/atmel/studio/7.0/toolchain/arm/arm-gnu-toolchain/bin/../lib/gcc/arm-none-eabi/6.3.1/../../../../arm-none-eabi/lib/thumb/v7-m\libc.a(lib_a-svfprintf.o)
 .rodata.zeroes.7224
                0x0008d670       0x10 c:/program files (x86)/atmel/studio/7.0/toolchain/arm/arm-gnu-toolchain/bin/../lib/gcc/arm-none-eabi/6.3.1/../../../../arm-none-eabi/lib/thumb/v7-m\libc.a(lib_a-svfprintf.o)
 .rodata._dtoa_r.str1.4
                0x0008d680       0x10 c:/program files (x86)/atmel/studio/7.0/toolchain/arm/arm-gnu-toolchain/bin/../lib/gcc/arm-none-eabi/6.3.1/../../../../arm-none-eabi/lib/thumb/v7-m\libc.a(lib_a-dtoa.o)
                                 0x12 (size before relaxing)
 .rodata._setlocale_r.str1.4
                0x0008d690        0xc c:/program files (x86)/atmel/studio/7.0/toolchain/arm/arm-gnu-toolchain/bin/../lib/gcc/arm-none-eabi/6.3.1/../../../../arm-none-eabi/lib/thumb/v7-m\libc.a(lib_a-locale.o)
                                  0xd (size before relaxing)
 .rodata.str1.4
                0x0008d69c        0x2 c:/program files (x86)/atmel/studio/7.0/toolchain/arm/arm-gnu-toolchain/bin/../lib/gcc/arm-none-eabi/6.3.1/../../../../arm-none-eabi/lib/thumb/v7-m\libc.a(lib_a-locale.o)
 *fill*         0x0008d69c        0x4 
 .rodata.__mprec_bigtens
                0x0008d6a0       0x28 c:/program files (x86)/atmel/studio/7.0/toolchain/arm/arm-gnu-toolchain/bin/../lib/gcc/arm-none-eabi/6.3.1/../../../../arm-none-eabi/lib/thumb/v7-m\libc.a(lib_a-mprec.o)
                0x0008d6a0                __mprec_bigtens
 .rodata.__mprec_tens
                0x0008d6c8       0xc8 c:/program files (x86)/atmel/studio/7.0/toolchain/arm/arm-gnu-toolchain/bin/../lib/gcc/arm-none-eabi/6.3.1/../../../../arm-none-eabi/lib/thumb/v7-m\libc.a(lib_a-mprec.o)
                0x0008d6c8                __mprec_tens
 .rodata.p05.6055
                0x0008d790        0xc c:/program files (x86)/atmel/studio/7.0/toolchain/arm/arm-gnu-toolchain/bin/../lib/gcc/arm-none-eabi/6.3.1/../../../../arm-none-eabi/lib/thumb/v7-m\libc.a(lib_a-mprec.o)
 .rodata._ctype_
                0x0008d79c      0x101 c:/program files (x86)/atmel/studio/7.0/toolchain/arm/arm-gnu-toolchain/bin/../lib/gcc/arm-none-eabi/6.3.1/../../../../arm-none-eabi/lib/thumb/v7-m\libc.a(lib_a-ctype_.o)
                0x0008d79c                _ctype_
 *(.ARM.extab* .gnu.linkonce.armextab.*)
                0x0008d8a0                . = ALIGN (0x4)
 *fill*         0x0008d89d        0x3 
 *(.init)
 .init          0x0008d8a0        0x4 c:/program files (x86)/atmel/studio/7.0/toolchain/arm/arm-gnu-toolchain/bin/../lib/gcc/arm-none-eabi/6.3.1/thumb/v7-m/crti.o
                0x0008d8a0                _init
 .init          0x0008d8a4        0x8 c:/program files (x86)/atmel/studio/7.0/toolchain/arm/arm-gnu-toolchain/bin/../lib/gcc/arm-none-eabi/6.3.1/thumb/v7-m/crtn.o
                0x0008d8ac                . = ALIGN (0x4)
                0x0008d8ac                __preinit_array_start = .
 *(.preinit_array)
                0x0008d8ac                __preinit_array_end = .
                0x0008d8ac                . = ALIGN (0x4)
                0x0008d8ac                __init_array_start = .
 *(SORT(.init_array.*))
 .init_array.00000
                0x0008d8ac        0x4 c:/program files (x86)/atmel/studio/7.0/toolchain/arm/arm-gnu-toolchain/bin/../lib/gcc/arm-none-eabi/6.3.1/../../../../arm-none-eabi/lib/thumb/v7-m\libc.a(lib_a-__call_atexit.o)
 *(.init_array)
 .init_array    0x0008d8b0        0x4 c:/program files (x86)/atmel/studio/7.0/toolchain/arm/arm-gnu-toolchain/bin/../lib/gcc/arm-none-eabi/6.3.1/thumb/v7-m/crtbegin.o
                0x0008d8b4                __init_array_end = .
                0x0008d8b4                . = ALIGN (0x4)
 *crtbegin.o(.ctors)
 *(EXCLUDE_FILE(*crtend.o) .ctors)
 *(SORT(.ctors.*))
 *crtend.o(.ctors)
                0x0008d8b4                . = ALIGN (0x4)
 *(.fini)
 .fini          0x0008d8b4        0x4 c:/program files (x86)/atmel/studio/7.0/toolchain/arm/arm-gnu-toolchain/bin/../lib/gcc/arm-none-eabi/6.3.1/thumb/v7-m/crti.o
                0x0008d8b4                _fini
 .fini          0x0008d8b8        0x8 c:/program files (x86)/atmel/studio/7.0/toolchain/arm/arm-gnu-toolchain/bin/../lib/gcc/arm-none-eabi/6.3.1/thumb/v7-m/crtn.o
                0x0008d8c0                . = ALIGN (0x4)
                0x0008d8c0                __fini_array_start = .
 *(.fini_array)
 .fini_array    0x0008d8c0        0x4 c:/program files (x86)/atmel/studio/7.0/toolchain/arm/arm-gnu-toolchain/bin/../lib/gcc/arm-none-eabi/6.3.1/thumb/v7-m/crtbegin.o
 *(SORT(.fini_array.*))
                0x0008d8c4                __fini_array_end = .
 *crtbegin.o(.dtors)
 *(EXCLUDE_FILE(*crtend.o) .dtors)
 *(SORT(.dtors.*))
 *crtend.o(.dtors)
                0x0008d8c4                . = ALIGN (0x4)
                0x0008d8c4                _efixed = .
                [!provide]                PROVIDE (__exidx_start, .)

.vfp11_veneer   0x0008d8c4        0x0
 .vfp11_veneer  0x0008d8c4        0x0 linker stubs

.v4_bx          0x0008d8c4        0x0
 .v4_bx         0x0008d8c4        0x0 linker stubs

.iplt           0x0008d8c4        0x0
 .iplt          0x0008d8c4        0x0 c:/program files (x86)/atmel/studio/7.0/toolchain/arm/arm-gnu-toolchain/bin/../lib/gcc/arm-none-eabi/6.3.1/thumb/v7-m/crtbegin.o

.ARM.exidx      0x0008d8c4        0x8
 *(.ARM.exidx* .gnu.linkonce.armexidx.*)
 .ARM.exidx     0x0008d8c4        0x8 c:/program files (x86)/atmel/studio/7.0/toolchain/arm/arm-gnu-toolchain/bin/../lib/gcc/arm-none-eabi/6.3.1/thumb/v7-m\libgcc.a(_udivmoddi4.o)
                [!provide]                PROVIDE (__exidx_end, .)

.eh_frame       0x0008d8cc        0x0
 .eh_frame      0x0008d8cc        0x0 c:/program files (x86)/atmel/studio/7.0/toolchain/arm/arm-gnu-toolchain/bin/../lib/gcc/arm-none-eabi/6.3.1/thumb/v7-m/crtbegin.o

.rel.dyn        0x0008d8cc        0x0
 .rel.iplt      0x0008d8cc        0x0 c:/program files (x86)/atmel/studio/7.0/toolchain/arm/arm-gnu-toolchain/bin/../lib/gcc/arm-none-eabi/6.3.1/thumb/v7-m/crtbegin.o

.jcr            0x0008d8cc        0x0
 .jcr           0x0008d8cc        0x0 c:/program files (x86)/atmel/studio/7.0/toolchain/arm/arm-gnu-toolchain/bin/../lib/gcc/arm-none-eabi/6.3.1/thumb/v7-m/crtbegin.o

.igot.plt       0x0008d8cc        0x0
 .igot.plt      0x0008d8cc        0x0 c:/program files (x86)/atmel/studio/7.0/toolchain/arm/arm-gnu-toolchain/bin/../lib/gcc/arm-none-eabi/6.3.1/thumb/v7-m/crtbegin.o
                0x0008d8cc                . = ALIGN (0x4)
                0x0008d8cc                _etext = .

.relocate       0x20070000      0xb18 load address 0x0008d8cc
                0x20070000                . = ALIGN (0x4)
                0x20070000                _srelocate = .
 *(.ramfunc .ramfunc.*)
 .ramfunc       0x20070000        0xa src/ASF/common/services/delay/sam/cycle_counter.o
                0x20070000                portable_delay_cycles
 *fill*         0x2007000a        0x2 
 .ramfunc       0x2007000c      0x12c src/ASF/sam/utils/cmsis/sam3x/source/templates/system_sam3x.o
                0x2007000c                SystemInit
                0x200700b0                system_init_flash
 *(.data .data.*)
 .data.tstart   0x20070138        0x8 src/PositionControllerLoad.o
                0x20070138                tstart
 .data.uxCriticalNesting
                0x20070140        0x4 src/ASF/thirdparty/freertos/freertos-10.4.6/source/portable/GCC/ARM_CM3/port.o
 .data.uxTopUsedPriority
                0x20070144        0x4 src/ASF/thirdparty/freertos/freertos-10.4.6/source/tasks.o
                0x20070144                uxTopUsedPriority
 .data.pxLastCommandInList.8060
                0x20070148        0x4 src/freertosCLI/FreeRTOS_CLI.o
 .data.xRegisteredCommands
                0x2007014c        0x8 src/freertosCLI/FreeRTOS_CLI.o
 .data.uart_driver_parameters
                0x20070154       0x10 src/CommandConsole/CommandConsole.o
                0x20070154                uart_driver_parameters
 .data.SystemCoreClock
                0x20070164        0x4 src/ASF/sam/utils/cmsis/sam3x/source/templates/system_sam3x.o
                0x20070164                SystemCoreClock
 .data.__fdlib_version
                0x20070168        0x1 c:/program files (x86)/atmel/studio/7.0/toolchain/arm/arm-gnu-toolchain/bin/../lib/gcc/arm-none-eabi/6.3.1/../../../../arm-none-eabi/lib/thumb/v7-m\libm.a(lib_a-s_lib_ver.o)
                0x20070168                __fdlib_version
 *fill*         0x20070169        0x3 
 .data._impure_ptr
                0x2007016c        0x4 c:/program files (x86)/atmel/studio/7.0/toolchain/arm/arm-gnu-toolchain/bin/../lib/gcc/arm-none-eabi/6.3.1/../../../../arm-none-eabi/lib/thumb/v7-m\libc.a(lib_a-impure.o)
                0x2007016c                _impure_ptr
 .data.impure_data
                0x20070170      0x428 c:/program files (x86)/atmel/studio/7.0/toolchain/arm/arm-gnu-toolchain/bin/../lib/gcc/arm-none-eabi/6.3.1/../../../../arm-none-eabi/lib/thumb/v7-m\libc.a(lib_a-impure.o)
 .data.__malloc_av_
                0x20070598      0x408 c:/program files (x86)/atmel/studio/7.0/toolchain/arm/arm-gnu-toolchain/bin/../lib/gcc/arm-none-eabi/6.3.1/../../../../arm-none-eabi/lib/thumb/v7-m\libc.a(lib_a-mallocr.o)
                0x20070598                __malloc_av_
 .data.__malloc_sbrk_base
                0x200709a0        0x4 c:/program files (x86)/atmel/studio/7.0/toolchain/arm/arm-gnu-toolchain/bin/../lib/gcc/arm-none-eabi/6.3.1/../../../../arm-none-eabi/lib/thumb/v7-m\libc.a(lib_a-mallocr.o)
                0x200709a0                __malloc_sbrk_base
 .data.__malloc_trim_threshold
                0x200709a4        0x4 c:/program files (x86)/atmel/studio/7.0/toolchain/arm/arm-gnu-toolchain/bin/../lib/gcc/arm-none-eabi/6.3.1/../../../../arm-none-eabi/lib/thumb/v7-m\libc.a(lib_a-mallocr.o)
                0x200709a4                __malloc_trim_threshold
 .data.__atexit_recursive_mutex
                0x200709a8        0x4 c:/program files (x86)/atmel/studio/7.0/toolchain/arm/arm-gnu-toolchain/bin/../lib/gcc/arm-none-eabi/6.3.1/../../../../arm-none-eabi/lib/thumb/v7-m\libc.a(lib_a-__call_atexit.o)
                0x200709a8                __atexit_recursive_mutex
 .data.__global_locale
                0x200709ac      0x16c c:/program files (x86)/atmel/studio/7.0/toolchain/arm/arm-gnu-toolchain/bin/../lib/gcc/arm-none-eabi/6.3.1/../../../../arm-none-eabi/lib/thumb/v7-m\libc.a(lib_a-locale.o)
                0x200709ac                __global_locale
                0x20070b18                . = ALIGN (0x4)
                0x20070b18                _erelocate = .

.bss            0x20070b18     0xb3bc load address 0x0008e3e8
                0x20070b18                . = ALIGN (0x4)
                0x20070b18                _sbss = .
                0x20070b18                _szero = .
 *(.bss .bss.*)
 .bss           0x20070b18       0x1c c:/program files (x86)/atmel/studio/7.0/toolchain/arm/arm-gnu-toolchain/bin/../lib/gcc/arm-none-eabi/6.3.1/thumb/v7-m/crtbegin.o
 .bss.handle_ButtonHandlerTask
                0x20070b34        0x4 src/ApplicationTasks.o
 .bss.handle_ControlTask
                0x20070b38        0x4 src/ApplicationTasks.o
 .bss.handle_ParameterQueue
                0x20070b3c        0x4 src/ApplicationTasks.o
                0x20070b3c                handle_ParameterQueue
 .bss.handle_ParameterSettingTask
                0x20070b40        0x4 src/ApplicationTasks.o
 .bss.handle_RestartSemaphore
                0x20070b44        0x4 src/ApplicationTasks.o
                0x20070b44                handle_RestartSemaphore
 .bss.handle_ThreadEventGroup
                0x20070b48        0x4 src/ApplicationTasks.o
                0x20070b48                handle_ThreadEventGroup
 .bss.TimerInterruptSemaphore
                0x20070b4c        0x4 src/ControlTask.o
 .bss.C2        0x20070b50        0x8 src/PositionControllerLoad.o
                0x20070b50                C2
 .bss.D12L      0x20070b58        0x8 src/PositionControllerLoad.o
                0x20070b58                D12L
 .bss.Jas       0x20070b60        0x8 src/PositionControllerLoad.o
                0x20070b60                Jas
 .bss.Je1       0x20070b68        0x8 src/PositionControllerLoad.o
                0x20070b68                Je1
 .bss.Je1L      0x20070b70        0x8 src/PositionControllerLoad.o
                0x20070b70                Je1L
 .bss.Je2       0x20070b78        0x8 src/PositionControllerLoad.o
                0x20070b78                Je2
 .bss.Je2L      0x20070b80        0x8 src/PositionControllerLoad.o
                0x20070b80                Je2L
 .bss.Jp1       0x20070b88        0x8 src/PositionControllerLoad.o
                0x20070b88                Jp1
 .bss.Jp2       0x20070b90        0x8 src/PositionControllerLoad.o
                0x20070b90                Jp2
 .bss.Jstar     0x20070b98        0x8 src/PositionControllerLoad.o
                0x20070b98                Jstar
 .bss.K12       0x20070ba0        0x8 src/PositionControllerLoad.o
                0x20070ba0                K12
 .bss.KpsdL     0x20070ba8        0x8 src/PositionControllerLoad.o
                0x20070ba8                KpsdL
 .bss.KsdL      0x20070bb0        0x8 src/PositionControllerLoad.o
                0x20070bb0                KsdL
 .bss.KtaL      0x20070bb8        0x8 src/PositionControllerLoad.o
                0x20070bb8                KtaL
 .bss.KvmL      0x20070bc0        0x8 src/PositionControllerLoad.o
                0x20070bc0                KvmL
 .bss.Lac       0x20070bc8        0x8 src/PositionControllerLoad.o
                0x20070bc8                Lac
 .bss.alfa3     0x20070bd0       0x28 src/PositionControllerLoad.o
                0x20070bd0                alfa3
 .bss.alfag     0x20070bf8        0x8 src/PositionControllerLoad.o
                0x20070bf8                alfag
 .bss.alfamax   0x20070c00        0x8 src/PositionControllerLoad.o
                0x20070c00                alfamax
 .bss.error_xL2_window
                0x20070c08        0x8 src/PositionControllerLoad.o
                0x20070c08                error_xL2_window
 .bss.fiemax    0x20070c10        0x8 src/PositionControllerLoad.o
                0x20070c10                fiemax
 .bss.g_TicksPerSecond
                0x20070c18        0x2 src/PositionControllerLoad.o
                0x20070c18                g_TicksPerSecond
 *fill*         0x20070c1a        0x6 
 .bss.g_tickCount
                0x20070c20        0x8 src/PositionControllerLoad.o
                0x20070c20                g_tickCount
 .bss.g_time    0x20070c28        0x8 src/PositionControllerLoad.o
                0x20070c28                g_time
 .bss.i1        0x20070c30        0x8 src/PositionControllerLoad.o
                0x20070c30                i1
 .bss.i2        0x20070c38        0x8 src/PositionControllerLoad.o
                0x20070c38                i2
 .bss.itot      0x20070c40        0x8 src/PositionControllerLoad.o
                0x20070c40                itot
 .bss.jmax      0x20070c48        0x8 src/PositionControllerLoad.o
                0x20070c48                jmax
 .bss.ktr       0x20070c50        0x8 src/PositionControllerLoad.o
                0x20070c50                ktr
 .bss.mas       0x20070c58        0x8 src/PositionControllerLoad.o
                0x20070c58                mas
 .bss.mp1       0x20070c60        0x8 src/PositionControllerLoad.o
                0x20070c60                mp1
 .bss.mp2       0x20070c68        0x8 src/PositionControllerLoad.o
                0x20070c68                mp2
 .bss.mu        0x20070c70        0x8 src/PositionControllerLoad.o
                0x20070c70                mu
 .bss.omegag    0x20070c78        0x8 src/PositionControllerLoad.o
                0x20070c78                omegag
 .bss.t1        0x20070c80        0x8 src/PositionControllerLoad.o
                0x20070c80                t1
 .bss.t2        0x20070c88        0x8 src/PositionControllerLoad.o
                0x20070c88                t2
 .bss.t3        0x20070c90       0x28 src/PositionControllerLoad.o
                0x20070c90                t3
 .bss.theta1    0x20070cb8        0x8 src/PositionControllerLoad.o
                0x20070cb8                theta1
 .bss.theta1_window
                0x20070cc0       0x20 src/PositionControllerLoad.o
                0x20070cc0                theta1_window
 .bss.thetag    0x20070ce0        0x8 src/PositionControllerLoad.o
                0x20070ce0                thetag
 .bss.tmax      0x20070ce8        0x8 src/PositionControllerLoad.o
                0x20070ce8                tmax
 .bss.uxL2_window
                0x20070cf0        0x8 src/PositionControllerLoad.o
                0x20070cf0                uxL2_window
 .bss.vL1       0x20070cf8        0x8 src/PositionControllerLoad.o
                0x20070cf8                vL1
 .bss.vL1_window
                0x20070d00       0x20 src/PositionControllerLoad.o
                0x20070d00                vL1_window
 .bss.war       0x20070d20        0x8 src/PositionControllerLoad.o
                0x20070d20                war
 .bss.wbl       0x20070d28        0x8 src/PositionControllerLoad.o
                0x20070d28                wbl
 .bss.wr        0x20070d30        0x8 src/PositionControllerLoad.o
                0x20070d30                wr
 .bss.xL2       0x20070d38        0x8 src/PositionControllerLoad.o