Archive member included to satisfy reference by file (symbol)

c:/program files (x86)/atmel/studio/7.0/toolchain/arm/arm-gnu-toolchain/bin/../lib/gcc/arm-none-eabi/6.3.1/thumb/v7-m\libgcc.a(_arm_addsubdf3.o)
                              src/MotionEngine.o (__aeabi_dsub)
c:/program files (x86)/atmel/studio/7.0/toolchain/arm/arm-gnu-toolchain/bin/../lib/gcc/arm-none-eabi/6.3.1/thumb/v7-m\libgcc.a(_arm_muldivdf3.o)
                              src/MotionEngine.o (__aeabi_dmul)
c:/program files (x86)/atmel/studio/7.0/toolchain/arm/arm-gnu-toolchain/bin/../lib/gcc/arm-none-eabi/6.3.1/thumb/v7-m\libgcc.a(_arm_truncdfsf2.o)
                              src/MotionEngine.o (__aeabi_d2f)
c:/program files (x86)/atmel/studio/7.0/toolchain/arm/arm-gnu-toolchain/bin/../lib/gcc/arm-none-eabi/6.3.1/thumb/v7-m\libgcc.a(_arm_addsubsf3.o)
                              src/DeltaKinematics.o (__aeabi_fsub)
c:/program files (x86)/atmel/studio/7.0/toolchain/arm/arm-gnu-toolchain/bin/../lib/gcc/arm-none-eabi/6.3.1/thumb/v7-m\libgcc.a(_arm_muldivsf3.o)
                              src/DeltaKinematics.o (__aeabi_fmul)
c:/program files (x86)/atmel/studio/7.0/toolchain/arm/arm-gnu-toolchain/bin/../lib/gcc/arm-none-eabi/6.3.1/thumb/v7-m\libgcc.a(_arm_cmpsf2.o)
                              src/RTSWLibrary/Map.o (__aeabi_fcmplt)
c:/program files (x86)/atmel/studio/7.0/toolchain/arm/arm-gnu-toolchain/bin/../lib/gcc/arm-none-eabi/6.3.1/thumb/v7-m\libgcc.a(_arm_fixunssfsi.o)
                              src/RTSWLibrary/DAC4921Lib.o (__aeabi_f2uiz)
c:/program files (x86)/atmel/studio/7.0/toolchain/arm/arm-gnu-toolchain/bin/../lib/gcc/arm-none-eabi/6.3.1/../../../../arm-none-eabi/lib/thumb/v7-m\libc.a(lib_a-exit.o)
                              c:/program files (x86)/atmel/studio/7.0/toolchain/arm/arm-gnu-toolchain/bin/../lib/gcc/arm-none-eabi/6.3.1/../../../../arm-none-eabi/lib/thumb/v7-m/crt0.o (exit)
c:/program files (x86)/atmel/studio/7.0/toolchain/arm/arm-gnu-toolchain/bin/../lib/gcc/arm-none-eabi/6.3.1/../../../../arm-none-eabi/lib/thumb/v7-m\libc.a(lib_a-impure.o)
                              c:/program files (x86)/atmel/studio/7.0/toolchain/arm/arm-gnu-toolchain/bin/../lib/gcc/arm-none-eabi/6.3.1/../../../../arm-none-eabi/lib/thumb/v7-m\libc.a(lib_a-exit.o) (_global_impure_ptr)
c:/program files (x86)/atmel/studio/7.0/toolchain/arm/arm-gnu-toolchain/bin/../lib/gcc/arm-none-eabi/6.3.1/../../../../arm-none-eabi/lib/thumb/v7-m\libc.a(lib_a-init.o)
                              c:/program files (x86)/atmel/studio/7.0/toolchain/arm/arm-gnu-toolchain/bin/../lib/gcc/arm-none-eabi/6.3.1/../../../../arm-none-eabi/lib/thumb/v7-m/crt0.o (__libc_init_array)
c:/program files (x86)/atmel/studio/7.0/toolchain/arm/arm-gnu-toolchain/bin/../lib/gcc/arm-none-eabi/6.3.1/../../../../arm-none-eabi/lib/thumb/v7-m\libc.a(lib_a-iprintf.o)
                              src/ASF/sam/drivers/adc/adc.o (iprintf)
c:/program files (x86)/atmel/studio/7.0/toolchain/arm/arm-gnu-toolchain/bin/../lib/gcc/arm-none-eabi/6.3.1/../../../../arm-none-eabi/lib/thumb/v7-m\libc.a(lib_a-malloc.o)
                              src/RTSWLibrary/InterruptLib.o (malloc)
c:/program files (x86)/atmel/studio/7.0/toolchain/arm/arm-gnu-toolchain/bin/../lib/gcc/arm-none-eabi/6.3.1/../../../../arm-none-eabi/lib/thumb/v7-m\libc.a(lib_a-mallocr.o)
                              c:/program files (x86)/atmel/studio/7.0/toolchain/arm/arm-gnu-toolchain/bin/../lib/gcc/arm-none-eabi/6.3.1/../../../../arm-none-eabi/lib/thumb/v7-m\libc.a(lib_a-malloc.o) (_malloc_r)
c:/program files (x86)/atmel/studio/7.0/toolchain/arm/arm-gnu-toolchain/bin/../lib/gcc/arm-none-eabi/6.3.1/../../../../arm-none-eabi/lib/thumb/v7-m\libc.a(lib_a-memcmp.o)
                              src/ASF/common/services/freertos/sam/freertos_twi_master.o (memcmp)
c:/program files (x86)/atmel/studio/7.0/toolchain/arm/arm-gnu-toolchain/bin/../lib/gcc/arm-none-eabi/6.3.1/../../../../arm-none-eabi/lib/thumb/v7-m\libc.a(lib_a-memcpy.o)
                              src/ASF/common/services/freertos/sam/freertos_peripheral_control.o (memcpy)
c:/program files (x86)/atmel/studio/7.0/toolchain/arm/arm-gnu-toolchain/bin/../lib/gcc/arm-none-eabi/6.3.1/../../../../arm-none-eabi/lib/thumb/v7-m\libc.a(lib_a-memset.o)
                              c:/program files (x86)/atmel/studio/7.0/toolchain/arm/arm-gnu-toolchain/bin/../lib/gcc/arm-none-eabi/6.3.1/../../../../arm-none-eabi/lib/thumb/v7-m/crt0.o (memset)
c:/program files (x86)/atmel/studio/7.0/toolchain/arm/arm-gnu-toolchain/bin/../lib/gcc/arm-none-eabi/6.3.1/../../../../arm-none-eabi/lib/thumb/v7-m\libc.a(lib_a-mlock.o)
                              c:/program files (x86)/atmel/studio/7.0/toolchain/arm/arm-gnu-toolchain/bin/../lib/gcc/arm-none-eabi/6.3.1/../../../../arm-none-eabi/lib/thumb/v7-m\libc.a(lib_a-mallocr.o) (__malloc_lock)
[...]
Memory Configuration

Name             Origin             Length             Attributes
rom              0x00080000         0x00080000         xr
sram0            0x20000000         0x00010000         xrw
sram1            0x20080000         0x00008000         xrw
ram              0x20070000         0x00018000         xrw
*default*        0x00000000         0xffffffff

Linker script and memory map

LOAD c:/program files (x86)/atmel/studio/7.0/toolchain/arm/arm-gnu-toolchain/bin/../lib/gcc/arm-none-eabi/6.3.1/thumb/v7-m/crti.o
LOAD c:/program files (x86)/atmel/studio/7.0/toolchain/arm/arm-gnu-toolchain/bin/../lib/gcc/arm-none-eabi/6.3.1/thumb/v7-m/crtbegin.o
LOAD c:/program files (x86)/atmel/studio/7.0/toolchain/arm/arm-gnu-toolchain/bin/../lib/gcc/arm-none-eabi/6.3.1/../../../../arm-none-eabi/lib/thumb/v7-m/crt0.o
LOAD src/ApplicationTasks.o
LOAD src/ControlTask.o
LOAD src/ASF/common/services/spi/sam_spi/spi_master.o
LOAD src/ButtonHandlerTask.o
LOAD src/DeltaKinematics.o
LOAD src/MotorControl.o
LOAD src/VisualisationTask.o
LOAD src/MotionEngine.o
LOAD src/QuadratureCounters.o
LOAD src/RTSWLibrary/ADCLib.o
LOAD src/RTSWLibrary/DAC4921Lib.o
LOAD src/RTSWLibrary/DeviceIOLib.o
LOAD src/RTSWLibrary/GyroFXASLib.o
LOAD src/RTSWLibrary/I2CLib.o
LOAD src/RTSWLibrary/InterruptLib.o
LOAD src/RTSWLibrary/LEDLib.o
LOAD src/RTSWLibrary/Map.o
LOAD src/RTSWLibrary/PortIOLib.o
LOAD src/RTSWLibrary/QC7366Lib.o
LOAD src/RTSWLibrary/SPILib.o
LOAD src/RTSWLibrary/StatusLED.o
LOAD src/RTSWLibrary/SwitchLib.o
LOAD src/RTSWLibrary/TaskSleep.o
LOAD src/ASF/common/services/delay/sam/cycle_counter.o
LOAD src/ASF/common/services/freertos/sam/freertos_peripheral_control.o
LOAD src/ASF/common/services/freertos/sam/freertos_twi_master.o
LOAD src/ASF/common/services/freertos/sam/freertos_uart_serial.o
LOAD src/ASF/sam/drivers/adc/adc.o
LOAD src/ASF/sam/drivers/adc/adc_sam3u.o
LOAD src/ASF/sam/drivers/spi/spi.o
LOAD src/ASF/sam/drivers/twi/twi.o
LOAD src/ASF/sam/drivers/usart/usart.o
LOAD src/ASF/thirdparty/freertos/freertos-10.4.6/source/croutine.o
LOAD src/ASF/thirdparty/freertos/freertos-10.4.6/source/event_groups.o
LOAD src/ASF/thirdparty/freertos/freertos-10.4.6/source/list.o
LOAD src/ASF/thirdparty/freertos/freertos-10.4.6/source/portable/GCC/ARM_CM3/port.o
LOAD src/ASF/thirdparty/freertos/freertos-10.4.6/source/portable/MemMang/heap_4.o
LOAD src/ASF/thirdparty/freertos/freertos-10.4.6/source/queue.o
LOAD src/ASF/thirdparty/freertos/freertos-10.4.6/source/stream_buffer.o
LOAD src/ASF/thirdparty/freertos/freertos-10.4.6/source/tasks.o
LOAD src/ASF/thirdparty/freertos/freertos-10.4.6/source/timers.o
LOAD src/CommandConsole/vPrintString.o
LOAD src/freertosCLI/CLI-commands.o
LOAD src/freertosCLI/FreeRTOS_CLI.o
LOAD src/main.o
LOAD src/CommandConsole/CommandConsole.o
LOAD src/CommandConsole/run-time-stats-utils.o
LOAD src/ASF/common/services/serial/usart_serial.o
LOAD src/ASF/sam/drivers/pdc/pdc.o
LOAD src/ASF/sam/drivers/rtt/rtt.o
LOAD src/ASF/sam/drivers/tc/tc.o
LOAD src/ASF/sam/drivers/uart/uart.o
LOAD src/ASF/common/services/clock/sam3x/sysclk.o
LOAD src/ASF/common/utils/interrupt/interrupt_sam_nvic.o
LOAD src/ASF/sam/boards/arduino_due_x/init.o
LOAD src/ASF/sam/drivers/pio/pio.o
LOAD src/ASF/sam/drivers/pio/pio_handler.o
LOAD src/ASF/sam/drivers/pmc/pmc.o
LOAD src/ASF/sam/drivers/pmc/sleep.o
LOAD src/ASF/sam/utils/cmsis/sam3x/source/templates/exceptions.o
LOAD src/ASF/sam/utils/cmsis/sam3x/source/templates/gcc/startup_sam3x.o
LOAD src/ASF/sam/utils/cmsis/sam3x/source/templates/system_sam3x.o
LOAD src/ASF/sam/utils/syscalls/gcc/syscalls.o
START GROUP
LOAD ../src/ASF/thirdparty/CMSIS/Lib/GCC\libarm_cortexM3l_math.a
LOAD c:/program files (x86)/atmel/studio/7.0/toolchain/arm/arm-gnu-toolchain/bin/../lib/gcc/arm-none-eabi/6.3.1/../../../../arm-none-eabi/lib/thumb/v7-m\libm.a
END GROUP
START GROUP
LOAD c:/program files (x86)/atmel/studio/7.0/toolchain/arm/arm-gnu-toolchain/bin/../lib/gcc/arm-none-eabi/6.3.1/thumb/v7-m\libgcc.a
LOAD c:/program files (x86)/atmel/studio/7.0/toolchain/arm/arm-gnu-toolchain/bin/../lib/gcc/arm-none-eabi/6.3.1/../../../../arm-none-eabi/lib/thumb/v7-m\libc.a
END GROUP
LOAD c:/program files (x86)/atmel/studio/7.0/toolchain/arm/arm-gnu-toolchain/bin/../lib/gcc/arm-none-eabi/6.3.1/thumb/v7-m/crtend.o
LOAD c:/program files (x86)/atmel/studio/7.0/toolchain/arm/arm-gnu-toolchain/bin/../lib/gcc/arm-none-eabi/6.3.1/thumb/v7-m/crtn.o
                0x00002000                __stack_size__ = DEFINED (__stack_size__)?__stack_size__:0x2000
                0x20087ffc                __ram_end__ = ((ORIGIN (ram) + LENGTH (ram)) - 0x4)

.text           0x00080000     0xc664
                0x00080000                . = ALIGN (0x4)
                0x00080000                _sfixed = .
 *(.vectors .vectors.*)
 .vectors       0x00080000       0xf4 src/ASF/sam/utils/cmsis/sam3x/source/templates/gcc/startup_sam3x.o
                0x00080000                exception_table
 *(.text .text.* .gnu.linkonce.t.*)
 .text          0x000800f4       0x6c c:/program files (x86)/atmel/studio/7.0/toolchain/arm/arm-gnu-toolchain/bin/../lib/gcc/arm-none-eabi/6.3.1/thumb/v7-m/crtbegin.o
 .text.StartApplicationTasks
                0x00080160       0xb0 src/ApplicationTasks.o
                0x00080160                StartApplicationTasks
 .text.ClockInterruptHandler
                0x00080210       0x3c src/ControlTask.o
                0x00080210                ClockInterruptHandler
 .text.EmergencyInterruptHandler
                0x0008024c       0x3c src/ControlTask.o
                0x0008024c                EmergencyInterruptHandler
 .text.SetState
                0x00080288       0x2c src/ControlTask.o
 .text.ControlTask
                0x000802b4      0x208 src/ControlTask.o
                0x000802b4                ControlTask
 .text.spi_master_init
                0x000804bc       0x54 src/ASF/common/services/spi/sam_spi/spi_master.o
                0x000804bc                spi_master_init
 .text.spi_master_setup_device
                0x00080510       0x80 src/ASF/common/services/spi/sam_spi/spi_master.o
                0x00080510                spi_master_setup_device
 .text.spi_write_packet
                0x00080590       0x34 src/ASF/common/services/spi/sam_spi/spi_master.o
                0x00080590                spi_write_packet
 .text.spi_read_packet
                0x000805c4       0x54 src/ASF/common/services/spi/sam_spi/spi_master.o
                0x000805c4                spi_read_packet
 .text.ButtonHandlerTask
                0x00080618       0xec src/ButtonHandlerTask.o
                0x00080618                ButtonHandlerTask
 .text.PID_Controller
                0x00080704       0x6c src/DeltaKinematics.o
                0x00080704                PID_Controller
 .text.FeedForward
                0x00080770       0x18 src/DeltaKinematics.o
                0x00080770                FeedForward
 .text.DeltaKinematics_Inverse
                0x00080788       0x18 src/DeltaKinematics.o
                0x00080788                DeltaKinematics_Inverse
 .text.motor_HasOverload
                0x000807a0       0x10 src/MotorControl.o
                0x000807a0                motor_HasOverload
 .text.homeAllMotors
                0x000807b0      0x190 src/MotorControl.o
                0x000807b0                homeAllMotors
 .text.port_AllLampsOff
                0x00080940       0x1c src/VisualisationTask.o
                0x00080940                port_AllLampsOff
 .text.port_SetLamp
                0x0008095c       0x30 src/VisualisationTask.o
                0x0008095c                port_SetLamp
 .text.VisualisationTask
                0x0008098c      0x11c src/VisualisationTask.o
                0x0008098c                VisualisationTask
 .text.MotionEngine_ResetSequence
                0x00080aa8       0x24 src/MotionEngine.o
                0x00080aa8                MotionEngine_ResetSequence
 .text.MotionEngine_Disable
                0x00080acc       0x28 src/MotionEngine.o
                0x00080acc                MotionEngine_Disable
 *fill*         0x00080af4        0x4 
 .text.ReadMotorPositions
                0x00080af8       0x84 src/MotionEngine.o
                0x00080af8                ReadMotorPositions
 .text.HoldPosition
                0x00080b7c       0xe0 src/MotionEngine.o
                0x00080b7c                HoldPosition
 .text.MotionEngine_HoldCurrentPosition
                0x00080c5c       0x28 src/MotionEngine.o
                0x00080c5c                MotionEngine_HoldCurrentPosition
 .text.MotionEngine_Init
                0x00080c84       0x2c src/MotionEngine.o
                0x00080c84                MotionEngine_Init
 .text.MotionEngine_RunTick
                0x00080cb0       0x20 src/MotionEngine.o
                0x00080cb0                MotionEngine_RunTick
 .text.Move_ToSetpoint
                0x00080cd0      0x504 src/MotionEngine.o
                0x00080cd0                Move_ToSetpoint
 .text.RunSequence
                0x000811d4       0x30 src/MotionEngine.o
                0x000811d4                RunSequence
 .text.MotionEngine_RunSequence
                0x00081204       0x18 src/MotionEngine.o
                0x00081204                MotionEngine_RunSequence
 .text.QCEncodersSetup
                0x0008121c       0x38 src/QuadratureCounters.o
                0x0008121c                QCEncodersSetup
 .text.adc_Init
                0x00081254       0x58 src/RTSWLibrary/ADCLib.o
                0x00081254                adc_Init
 .text.dac_SelectChannel
                0x000812ac       0x1c src/RTSWLibrary/DAC4921Lib.o
                0x000812ac                dac_SelectChannel
 .text.dac_DeselectChannel
                0x000812c8       0x1c src/RTSWLibrary/DAC4921Lib.o
                0x000812c8                dac_DeselectChannel
 .text.dac_Write
                0x000812e4       0x38 src/RTSWLibrary/DAC4921Lib.o
                0x000812e4                dac_Write
 .text.dac_Init
                0x0008131c       0x54 src/RTSWLibrary/DAC4921Lib.o
                0x0008131c                dac_Init
 .text.dac_SetOutputVoltage
                0x00081370       0x50 src/RTSWLibrary/DAC4921Lib.o
                0x00081370                dac_SetOutputVoltage
 .text.dio_Init
                0x000813c0      0x17c src/RTSWLibrary/DeviceIOLib.o
                0x000813c0                dio_Init
 .text.dio_SetPinDirection
                0x0008153c       0x44 src/RTSWLibrary/DeviceIOLib.o
                0x0008153c                dio_SetPinDirection
 .text.dio_SetPinMode
                0x00081580       0x68 src/RTSWLibrary/DeviceIOLib.o
                0x00081580                dio_SetPinMode
 .text.dio_TogglePin
                0x000815e8       0x34 src/RTSWLibrary/DeviceIOLib.o
                0x000815e8                dio_TogglePin
 .text.dio_SetPin
                0x0008161c       0x38 src/RTSWLibrary/DeviceIOLib.o
                0x0008161c                dio_SetPin
 .text.dio_GetPin
                0x00081654       0x34 src/RTSWLibrary/DeviceIOLib.o
                0x00081654                dio_GetPin
 .text.dio_GetIOPortPinNumber
                0x00081688       0x14 src/RTSWLibrary/DeviceIOLib.o
                0x00081688                dio_GetIOPortPinNumber
 .text.i2c_InitChannel
                0x0008169c       0xbc src/RTSWLibrary/I2CLib.o
                0x0008169c                i2c_InitChannel
 .text.i2c_ClearBus
                0x00081758      0x19c src/RTSWLibrary/I2CLib.o
                0x00081758                i2c_ClearBus
 .text.i2c_Init
                0x000818f4       0x78 src/RTSWLibrary/I2CLib.o
                0x000818f4                i2c_Init
 .text.pioEnableInterrupt
                0x0008196c       0x28 src/RTSWLibrary/InterruptLib.o
                0x0008196c                pioEnableInterrupt
 .text.pioDisableInterrupt
                0x00081994       0x28 src/RTSWLibrary/InterruptLib.o
                0x00081994                pioDisableInterrupt
 .text.pioSetInterruptHandlerOnPin
                0x000819bc       0xcc src/RTSWLibrary/InterruptLib.o
                0x000819bc                pioSetInterruptHandlerOnPin
 .text.interrupt_AttachHandler
                0x00081a88       0x28 src/RTSWLibrary/InterruptLib.o
                0x00081a88                interrupt_AttachHandler
 .text.led_Init
                0x00081ab0       0x38 src/RTSWLibrary/LEDLib.o
                0x00081ab0                led_Init
 .text.led_DisplayValue
                0x00081ae8       0x28 src/RTSWLibrary/LEDLib.o
                0x00081ae8                led_DisplayValue
 .text.fmap     0x00081b10       0x48 src/RTSWLibrary/Map.o
                0x00081b10                fmap
 .text.constrain
                0x00081b58       0x2c src/RTSWLibrary/Map.o
                0x00081b58                constrain
 .text.port_Init
                0x00081b84       0x80 src/RTSWLibrary/PortIOLib.o
                0x00081b84                port_Init
 .text.port_IsBitSet
                0x00081c04       0x1c src/RTSWLibrary/PortIOLib.o
                0x00081c04                port_IsBitSet
 .text.port_SetBit
                0x00081c20       0x1c src/RTSWLibrary/PortIOLib.o
                0x00081c20                port_SetBit
 .text.qc_SelectChannel
                0x00081c3c       0x1c src/RTSWLibrary/QC7366Lib.o
                0x00081c3c                qc_SelectChannel
 .text.qc_DeselectChannel
                0x00081c58       0x1c src/RTSWLibrary/QC7366Lib.o
                0x00081c58                qc_DeselectChannel
 .text.qc_WriteModeRegister
                0x00081c74       0x3c src/RTSWLibrary/QC7366Lib.o
                0x00081c74                qc_WriteModeRegister
 .text.qc_ReadModeRegister
                0x00081cb0       0x50 src/RTSWLibrary/QC7366Lib.o
                0x00081cb0                qc_ReadModeRegister
 .text.qc_ReadCountRegister
                0x00081d00       0x58 src/RTSWLibrary/QC7366Lib.o
                0x00081d00                qc_ReadCountRegister
 .text.qc_DisableCounter
                0x00081d58       0x24 src/RTSWLibrary/QC7366Lib.o
                0x00081d58                qc_DisableCounter
 .text.qc_EnableCounter
                0x00081d7c       0x20 src/RTSWLibrary/QC7366Lib.o
                0x00081d7c                qc_EnableCounter
 .text.qc_SendCommand
                0x00081d9c       0x2c src/RTSWLibrary/QC7366Lib.o
                0x00081d9c                qc_SendCommand
 .text.qc_ClearCountRegister
                0x00081dc8       0x10 src/RTSWLibrary/QC7366Lib.o
                0x00081dc8                qc_ClearCountRegister
 .text.qc_Init  0x00081dd8       0x64 src/RTSWLibrary/QC7366Lib.o
                0x00081dd8                qc_Init
 .text.spi_Init
                0x00081e3c       0x48 src/RTSWLibrary/SPILib.o
                0x00081e3c                spi_Init
 .text.spi_OperationCompleted
                0x00081e84       0x10 src/RTSWLibrary/SPILib.o
                0x00081e84                spi_OperationCompleted
 .text.spi_WritePacket
                0x00081e94       0x28 src/RTSWLibrary/SPILib.o
                0x00081e94                spi_WritePacket
 .text.spi_WriteByte
                0x00081ebc       0x1c src/RTSWLibrary/SPILib.o
                0x00081ebc                spi_WriteByte
 .text.spi_WriteWord
                0x00081ed8       0x20 src/RTSWLibrary/SPILib.o
                0x00081ed8                spi_WriteWord
 .text.spi_ReadPacket
                0x00081ef8       0x18 src/RTSWLibrary/SPILib.o
                0x00081ef8                spi_ReadPacket
 .text.spi_ReadByte
                0x00081f10       0x24 src/RTSWLibrary/SPILib.o
                0x00081f10                spi_ReadByte
 .text.stled_Init
                0x00081f34       0x1c src/RTSWLibrary/StatusLED.o
                0x00081f34                stled_Init
 .text.stled_Toggle
                0x00081f50       0x10 src/RTSWLibrary/StatusLED.o
                0x00081f50                stled_Toggle
 .text.switch_Init
                0x00081f60       0x38 src/RTSWLibrary/SwitchLib.o
                0x00081f60                switch_Init
 .text.switch_IsPressed
                0x00081f98       0x24 src/RTSWLibrary/SwitchLib.o
                0x00081f98                switch_IsPressed
 .text.taskSleep
                0x00081fbc        0xc src/RTSWLibrary/TaskSleep.o
                0x00081fbc                taskSleep
 .text.get_pdc_peripheral_details
                0x00081fc8       0x2a src/ASF/common/services/freertos/sam/freertos_peripheral_control.o
                0x00081fc8                get_pdc_peripheral_details
 .text.check_requested_operating_mode
                0x00081ff2       0x36 src/ASF/common/services/freertos/sam/freertos_peripheral_control.o
                0x00081ff2                check_requested_operating_mode
 .text.create_peripheral_control_semaphores
                0x00082028       0xe0 src/ASF/common/services/freertos/sam/freertos_peripheral_control.o
                0x00082028                create_peripheral_control_semaphores
 .text.configure_interrupt_controller
                0x00082108       0x70 src/ASF/common/services/freertos/sam/freertos_peripheral_control.o
                0x00082108                configure_interrupt_controller
 .text.freertos_copy_bytes_from_pdc_circular_buffer
                0x00082178       0x80 src/ASF/common/services/freertos/sam/freertos_peripheral_control.o
                0x00082178                freertos_copy_bytes_from_pdc_circular_buffer
 .text.freertos_obtain_peripheral_access_semphore
                0x000821f8       0x4c src/ASF/common/services/freertos/sam/freertos_peripheral_control.o
                0x000821f8                freertos_obtain_peripheral_access_semphore
 .text.freertos_start_pdc_transfer
                0x00082244       0x7c src/ASF/common/services/freertos/sam/freertos_peripheral_control.o
                0x00082244                freertos_start_pdc_transfer
 .text.freertos_optionally_wait_transfer_completion
                0x000822c0       0x28 src/ASF/common/services/freertos/sam/freertos_peripheral_control.o
                0x000822c0                freertos_optionally_wait_transfer_completion
 .text.local_twi_handler
                0x000822e8      0x224 src/ASF/common/services/freertos/sam/freertos_twi_master.o
 .text.freertos_twi_master_init
                0x0008250c      0x128 src/ASF/common/services/freertos/sam/freertos_twi_master.o
                0x0008250c                freertos_twi_master_init
 .text.TWI0_Handler
                0x00082634       0x10 src/ASF/common/services/freertos/sam/freertos_twi_master.o
                0x00082634                TWI0_Handler
 .text.TWI1_Handler
                0x00082644       0x10 src/ASF/common/services/freertos/sam/freertos_twi_master.o
                0x00082644                TWI1_Handler
 .text.configure_rx_dma
                0x00082654       0xe0 src/ASF/common/services/freertos/sam/freertos_uart_serial.o
 .text.freertos_uart_serial_init
                0x00082734      0x1d0 src/ASF/common/services/freertos/sam/freertos_uart_serial.o
                0x00082734                freertos_uart_serial_init
 .text.freertos_uart_write_packet_async
                0x00082904       0x8c src/ASF/common/services/freertos/sam/freertos_uart_serial.o
                0x00082904                freertos_uart_write_packet_async
 .text.freertos_uart_serial_read_packet
                0x00082990      0x16c src/ASF/common/services/freertos/sam/freertos_uart_serial.o
                0x00082990                freertos_uart_serial_read_packet
 .text.UART_Handler
                0x00082afc      0x118 src/ASF/common/services/freertos/sam/freertos_uart_serial.o
                0x00082afc                UART_Handler
 .text.adc_init
                0x00082c14       0x34 src/ASF/sam/drivers/adc/adc.o
                0x00082c14                adc_init
 .text.adc_set_resolution
                0x00082c48       0x10 src/ASF/sam/drivers/adc/adc.o
                0x00082c48                adc_set_resolution
 .text.adc_configure_trigger
                0x00082c58        0xe src/ASF/sam/drivers/adc/adc.o
                0x00082c58                adc_configure_trigger
 .text.adc_configure_timing
                0x00082c66       0x1c src/ASF/sam/drivers/adc/adc.o
                0x00082c66                adc_configure_timing
 *fill*         0x00082c82        0x2 
 .text.spi_enable_clock
                0x00082c84       0x1c src/ASF/sam/drivers/spi/spi.o
                0x00082c84                spi_enable_clock
 .text.spi_set_peripheral_chip_select_value
                0x00082ca0       0x16 src/ASF/sam/drivers/spi/spi.o
                0x00082ca0                spi_set_peripheral_chip_select_value
 .text.spi_set_delay_between_chip_select
                0x00082cb6       0x12 src/ASF/sam/drivers/spi/spi.o
                0x00082cb6                spi_set_delay_between_chip_select
 .text.spi_set_clock_polarity
                0x00082cc8       0x1e src/ASF/sam/drivers/spi/spi.o
                0x00082cc8                spi_set_clock_polarity
 .text.spi_set_clock_phase
                0x00082ce6       0x1e src/ASF/sam/drivers/spi/spi.o
                0x00082ce6                spi_set_clock_phase
 .text.spi_configure_cs_behavior
                0x00082d04       0x46 src/ASF/sam/drivers/spi/spi.o
                0x00082d04                spi_configure_cs_behavior
 .text.spi_set_bits_per_transfer
                0x00082d4a       0x14 src/ASF/sam/drivers/spi/spi.o
                0x00082d4a                spi_set_bits_per_transfer
 .text.spi_calc_baudrate_div
                0x00082d5e       0x16 src/ASF/sam/drivers/spi/spi.o
                0x00082d5e                spi_calc_baudrate_div
 .text.spi_set_baudrate_div
                0x00082d74       0x26 src/ASF/sam/drivers/spi/spi.o
                0x00082d74                spi_set_baudrate_div
 .text.spi_set_transfer_delay
                0x00082d9a       0x1c src/ASF/sam/drivers/spi/spi.o
                0x00082d9a                spi_set_transfer_delay
 .text.twi_enable_master_mode
                0x00082db6        0xe src/ASF/sam/drivers/twi/twi.o
                0x00082db6                twi_enable_master_mode
 .text.twi_set_speed
                0x00082dc4       0xb8 src/ASF/sam/drivers/twi/twi.o
                0x00082dc4                twi_set_speed
 .text.twi_enable_interrupt
                0x00082e7c        0x4 src/ASF/sam/drivers/twi/twi.o
                0x00082e7c                twi_enable_interrupt
 .text.twi_disable_interrupt
                0x00082e80        0x6 src/ASF/sam/drivers/twi/twi.o
                0x00082e80                twi_disable_interrupt
 .text.twi_get_interrupt_status
                0x00082e86        0x4 src/ASF/sam/drivers/twi/twi.o
                0x00082e86                twi_get_interrupt_status
 .text.twi_get_interrupt_mask
                0x00082e8a        0x4 src/ASF/sam/drivers/twi/twi.o
                0x00082e8a                twi_get_interrupt_mask
 .text.twi_reset
                0x00082e8e        0x8 src/ASF/sam/drivers/twi/twi.o
                0x00082e8e                twi_reset
 *fill*         0x00082e96        0x2 
 .text.xEventGroupCreate
                0x00082e98       0x24 src/ASF/thirdparty/freertos/freertos-10.4.6/source/event_groups.o
                0x00082e98                xEventGroupCreate
 .text.xEventGroupWaitBits
                0x00082ebc      0x140 src/ASF/thirdparty/freertos/freertos-10.4.6/source/event_groups.o
                0x00082ebc                xEventGroupWaitBits
 .text.xEventGroupSetBits
                0x00082ffc       0xb4 src/ASF/thirdparty/freertos/freertos-10.4.6/source/event_groups.o
                0x00082ffc                xEventGroupSetBits
 .text.vListInitialise
                0x000830b0       0x16 src/ASF/thirdparty/freertos/freertos-10.4.6/source/list.o
                0x000830b0                vListInitialise
 .text.vListInitialiseItem
                0x000830c6        0x6 src/ASF/thirdparty/freertos/freertos-10.4.6/source/list.o
                0x000830c6                vListInitialiseItem
 .text.vListInsert
                0x000830cc       0x34 src/ASF/thirdparty/freertos/freertos-10.4.6/source/list.o
                0x000830cc                vListInsert
 .text.uxListRemove
                0x00083100       0x26 src/ASF/thirdparty/freertos/freertos-10.4.6/source/list.o
                0x00083100                uxListRemove
 *fill*         0x00083126        0x2 
 .text.prvTaskExitError
                0x00083128       0x40 src/ASF/thirdparty/freertos/freertos-10.4.6/source/portable/GCC/ARM_CM3/port.o
 .text.prvPortStartFirstTask
                0x00083168       0x20 src/ASF/thirdparty/freertos/freertos-10.4.6/source/portable/GCC/ARM_CM3/port.o
 .text.pxPortInitialiseStack
                0x00083188       0x24 src/ASF/thirdparty/freertos/freertos-10.4.6/source/portable/GCC/ARM_CM3/port.o
                0x00083188                pxPortInitialiseStack
 *fill*         0x000831ac        0x4 
 .text.SVC_Handler
                0x000831b0       0x24 src/ASF/thirdparty/freertos/freertos-10.4.6/source/portable/GCC/ARM_CM3/port.o
                0x000831b0                SVC_Handler
 .text.vPortEnterCritical
                0x000831d4       0x44 src/ASF/thirdparty/freertos/freertos-10.4.6/source/portable/GCC/ARM_CM3/port.o
                0x000831d4                vPortEnterCritical
 .text.vPortExitCritical
                0x00083218       0x2c src/ASF/thirdparty/freertos/freertos-10.4.6/source/portable/GCC/ARM_CM3/port.o
                0x00083218                vPortExitCritical
 *fill*         0x00083244        0xc 
 .text.PendSV_Handler
                0x00083250       0x44 src/ASF/thirdparty/freertos/freertos-10.4.6/source/portable/GCC/ARM_CM3/port.o
                0x00083250                PendSV_Handler
 .text.SysTick_Handler
                0x00083294       0x30 src/ASF/thirdparty/freertos/freertos-10.4.6/source/portable/GCC/ARM_CM3/port.o
                0x00083294                SysTick_Handler
 .text.vPortSetupTimerInterrupt
                0x000832c4       0x28 src/ASF/thirdparty/freertos/freertos-10.4.6/source/portable/GCC/ARM_CM3/port.o
                0x000832c4                vPortSetupTimerInterrupt
 .text.xPortStartScheduler
                0x000832ec       0xd0 src/ASF/thirdparty/freertos/freertos-10.4.6/source/portable/GCC/ARM_CM3/port.o
                0x000832ec                xPortStartScheduler
 .text.vPortValidateInterruptPriority
                0x000833bc       0x5c src/ASF/thirdparty/freertos/freertos-10.4.6/source/portable/GCC/ARM_CM3/port.o
                0x000833bc                vPortValidateInterruptPriority
 .text.prvInsertBlockIntoFreeList
                0x00083418       0x54 src/ASF/thirdparty/freertos/freertos-10.4.6/source/portable/MemMang/heap_4.o
 .text.pvPortMalloc
                0x0008346c      0x164 src/ASF/thirdparty/freertos/freertos-10.4.6/source/portable/MemMang/heap_4.o
                0x0008346c                pvPortMalloc
 .text.vPortFree
                0x000835d0       0x88 src/ASF/thirdparty/freertos/freertos-10.4.6/source/portable/MemMang/heap_4.o
                0x000835d0                vPortFree
 .text.prvIsQueueEmpty
                0x00083658       0x20 src/ASF/thirdparty/freertos/freertos-10.4.6/source/queue.o
 .text.prvCopyDataToQueue
                0x00083678       0x80 src/ASF/thirdparty/freertos/freertos-10.4.6/source/queue.o
 .text.prvNotifyQueueSetContainer
                0x000836f8       0x9c src/ASF/thirdparty/freertos/freertos-10.4.6/source/queue.o
 .text.prvCopyDataFromQueue
                0x00083794       0x28 src/ASF/thirdparty/freertos/freertos-10.4.6/source/queue.o
 .text.prvUnlockQueue
                0x000837bc       0xa8 src/ASF/thirdparty/freertos/freertos-10.4.6/source/queue.o
 .text.xQueueGenericReset
                0x00083864       0xb4 src/ASF/thirdparty/freertos/freertos-10.4.6/source/queue.o
                0x00083864                xQueueGenericReset
 .text.xQueueGenericCreate
                0x00083918       0x68 src/ASF/thirdparty/freertos/freertos-10.4.6/source/queue.o
                0x00083918                xQueueGenericCreate
 .text.xQueueCreateCountingSemaphore
                0x00083980       0x34 src/ASF/thirdparty/freertos/freertos-10.4.6/source/queue.o
                0x00083980                xQueueCreateCountingSemaphore
 .text.xQueueGenericSend
                0x000839b4      0x1fc src/ASF/thirdparty/freertos/freertos-10.4.6/source/queue.o
                0x000839b4                xQueueGenericSend
 .text.xQueueCreateMutex
                0x00083bb0       0x2c src/ASF/thirdparty/freertos/freertos-10.4.6/source/queue.o
                0x00083bb0                xQueueCreateMutex
 .text.xQueueGiveFromISR
                0x00083bdc       0xf0 src/ASF/thirdparty/freertos/freertos-10.4.6/source/queue.o
                0x00083bdc                xQueueGiveFromISR
 .text.xQueueReceive
                0x00083ccc      0x188 src/ASF/thirdparty/freertos/freertos-10.4.6/source/queue.o
                0x00083ccc                xQueueReceive
 .text.xQueueSemaphoreTake
                0x00083e54      0x1e0 src/ASF/thirdparty/freertos/freertos-10.4.6/source/queue.o
                0x00083e54                xQueueSemaphoreTake
 .text.xQueuePeek
                0x00084034      0x188 src/ASF/thirdparty/freertos/freertos-10.4.6/source/queue.o
                0x00084034                xQueuePeek
 .text.vQueueAddToRegistry
                0x000841bc       0x60 src/ASF/thirdparty/freertos/freertos-10.4.6/source/queue.o
                0x000841bc                vQueueAddToRegistry
 .text.vQueueWaitForMessageRestricted
                0x0008421c       0x60 src/ASF/thirdparty/freertos/freertos-10.4.6/source/queue.o
                0x0008421c                vQueueWaitForMessageRestricted
 .text.prvResetNextTaskUnblockTime
                0x0008427c       0x28 src/ASF/thirdparty/freertos/freertos-10.4.6/source/tasks.o
 .text.prvAddCurrentTaskToDelayedList
                0x000842a4       0xbc src/ASF/thirdparty/freertos/freertos-10.4.6/source/tasks.o
 .text.prvIdleTask
                0x00084360       0x8c src/ASF/thirdparty/freertos/freertos-10.4.6/source/tasks.o
 .text.prvWriteNameToBuffer
                0x000843ec       0x34 src/ASF/thirdparty/freertos/freertos-10.4.6/source/tasks.o
 .text.xTaskCreate
                0x00084420      0x228 src/ASF/thirdparty/freertos/freertos-10.4.6/source/tasks.o
                0x00084420                xTaskCreate
 .text.eTaskGetState
                0x00084648       0x94 src/ASF/thirdparty/freertos/freertos-10.4.6/source/tasks.o
                0x00084648                eTaskGetState
 .text.vTaskStartScheduler
                0x000846dc       0xa0 src/ASF/thirdparty/freertos/freertos-10.4.6/source/tasks.o
                0x000846dc                vTaskStartScheduler
 .text.vTaskSuspendAll
                0x0008477c       0x10 src/ASF/thirdparty/freertos/freertos-10.4.6/source/tasks.o
                0x0008477c                vTaskSuspendAll
 .text.xTaskGetTickCount
                0x0008478c        0xc src/ASF/thirdparty/freertos/freertos-10.4.6/source/tasks.o
                0x0008478c                xTaskGetTickCount
 .text.xTaskGetTickCountFromISR
                0x00084798       0x14 src/ASF/thirdparty/freertos/freertos-10.4.6/source/tasks.o
                0x00084798                xTaskGetTickCountFromISR
 .text.xTaskIncrementTick
                0x000847ac      0x1b4 src/ASF/thirdparty/freertos/freertos-10.4.6/source/tasks.o
                0x000847ac                xTaskIncrementTick
 .text.xTaskResumeAll
                0x00084960      0x19c src/ASF/thirdparty/freertos/freertos-10.4.6/source/tasks.o
                0x00084960                xTaskResumeAll
 .text.vTaskDelay
                0x00084afc       0x58 src/ASF/thirdparty/freertos/freertos-10.4.6/source/tasks.o
                0x00084afc                vTaskDelay
 .text.vTaskSwitchContext
                0x00084b54      0x100 src/ASF/thirdparty/freertos/freertos-10.4.6/source/tasks.o
                0x00084b54                vTaskSwitchContext
 .text.vTaskPlaceOnEventList
                0x00084c54       0x38 src/ASF/thirdparty/freertos/freertos-10.4.6/source/tasks.o
                0x00084c54                vTaskPlaceOnEventList
 .text.vTaskPlaceOnUnorderedEventList
                0x00084c8c       0x74 src/ASF/thirdparty/freertos/freertos-10.4.6/source/tasks.o
                0x00084c8c                vTaskPlaceOnUnorderedEventList
 .text.vTaskPlaceOnEventListRestricted
                0x00084d00       0x5c src/ASF/thirdparty/freertos/freertos-10.4.6/source/tasks.o
                0x00084d00                vTaskPlaceOnEventListRestricted
 .text.xTaskRemoveFromEventList
                0x00084d5c       0xf4 src/ASF/thirdparty/freertos/freertos-10.4.6/source/tasks.o
                0x00084d5c                xTaskRemoveFromEventList
 .text.vTaskRemoveFromUnorderedEventList
                0x00084e50       0xe4 src/ASF/thirdparty/freertos/freertos-10.4.6/source/tasks.o
                0x00084e50                vTaskRemoveFromUnorderedEventList
 .text.vTaskSetTimeOutState
                0x00084f34       0x40 src/ASF/thirdparty/freertos/freertos-10.4.6/source/tasks.o
                0x00084f34                vTaskSetTimeOutState
 .text.vTaskInternalSetTimeOutState
                0x00084f74       0x18 src/ASF/thirdparty/freertos/freertos-10.4.6/source/tasks.o
                0x00084f74                vTaskInternalSetTimeOutState
 .text.xTaskCheckForTimeOut
                0x00084f8c       0x90 src/ASF/thirdparty/freertos/freertos-10.4.6/source/tasks.o
                0x00084f8c                xTaskCheckForTimeOut
 .text.vTaskMissedYield
                0x0008501c        0xc src/ASF/thirdparty/freertos/freertos-10.4.6/source/tasks.o
                0x0008501c                vTaskMissedYield
 .text.vTaskGetInfo
                0x00085028       0x98 src/ASF/thirdparty/freertos/freertos-10.4.6/source/tasks.o
                0x00085028                vTaskGetInfo
 .text.prvListTasksWithinSingleList
                0x000850c0       0x68 src/ASF/thirdparty/freertos/freertos-10.4.6/source/tasks.o
 .text.uxTaskGetSystemState
                0x00085128       0xc4 src/ASF/thirdparty/freertos/freertos-10.4.6/source/tasks.o
                0x00085128                uxTaskGetSystemState
 .text.xTaskGetSchedulerState
                0x000851ec       0x20 src/ASF/thirdparty/freertos/freertos-10.4.6/source/tasks.o
                0x000851ec                xTaskGetSchedulerState
 .text.xTaskPriorityInherit
                0x0008520c       0xc8 src/ASF/thirdparty/freertos/freertos-10.4.6/source/tasks.o
                0x0008520c                xTaskPriorityInherit
 .text.xTaskPriorityDisinherit
                0x000852d4       0xc8 src/ASF/thirdparty/freertos/freertos-10.4.6/source/tasks.o
                0x000852d4                xTaskPriorityDisinherit
 .text.vTaskPriorityDisinheritAfterTimeout
                0x0008539c       0xd4 src/ASF/thirdparty/freertos/freertos-10.4.6/source/tasks.o
                0x0008539c                vTaskPriorityDisinheritAfterTimeout
 .text.vTaskList
                0x00085470       0xd8 src/ASF/thirdparty/freertos/freertos-10.4.6/source/tasks.o
                0x00085470                vTaskList
 .text.vTaskGetRunTimeStats
                0x00085548       0xb8 src/ASF/thirdparty/freertos/freertos-10.4.6/source/tasks.o
                0x00085548                vTaskGetRunTimeStats
 .text.uxTaskResetEventItemValue
                0x00085600       0x18 src/ASF/thirdparty/freertos/freertos-10.4.6/source/tasks.o
                0x00085600                uxTaskResetEventItemValue
 .text.pvTaskIncrementMutexHeldCount
                0x00085618       0x1c src/ASF/thirdparty/freertos/freertos-10.4.6/source/tasks.o
                0x00085618                pvTaskIncrementMutexHeldCount
 .text.ulTaskGenericNotifyTake
                0x00085634       0x94 src/ASF/thirdparty/freertos/freertos-10.4.6/source/tasks.o
                0x00085634                ulTaskGenericNotifyTake
 .text.vTaskGenericNotifyGiveFromISR
                0x000856c8      0x134 src/ASF/thirdparty/freertos/freertos-10.4.6/source/tasks.o
                0x000856c8                vTaskGenericNotifyGiveFromISR
 .text.prvInsertTimerInActiveList
                0x000857fc       0x4c src/ASF/thirdparty/freertos/freertos-10.4.6/source/timers.o
 .text.prvReloadTimer
                0x00085848       0x2c src/ASF/thirdparty/freertos/freertos-10.4.6/source/timers.o
 .text.prvProcessExpiredTimer
                0x00085874       0x48 src/ASF/thirdparty/freertos/freertos-10.4.6/source/timers.o
 .text.prvSampleTimeNow
                0x000858bc       0x6c src/ASF/thirdparty/freertos/freertos-10.4.6/source/timers.o
 .text.prvTimerTask
                0x00085928      0x1bc src/ASF/thirdparty/freertos/freertos-10.4.6/source/timers.o
 .text.prvCheckForValidListAndQueue
                0x00085ae4       0x70 src/ASF/thirdparty/freertos/freertos-10.4.6/source/timers.o
 .text.xTimerCreateTimerTask
                0x00085b54       0x54 src/ASF/thirdparty/freertos/freertos-10.4.6/source/timers.o
                0x00085b54                xTimerCreateTimerTask
 .text.vPrintString
                0x00085ba8       0x7c src/CommandConsole/vPrintString.o
                0x00085ba8                vPrintString
 .text.run_time_stats_command
                0x00085c24       0x38 src/freertosCLI/CLI-commands.o
 .text.task_stats_command
                0x00085c5c       0x38 src/freertosCLI/CLI-commands.o
 .text.vRegisterCLICommands
                0x00085c94       0x1c src/freertosCLI/CLI-commands.o
                0x00085c94                vRegisterCLICommands
 .text.prvHelpCommand
                0x00085cb0       0x38 src/freertosCLI/FreeRTOS_CLI.o
 .text.FreeRTOS_CLIRegisterCommand
                0x00085ce8       0x60 src/freertosCLI/FreeRTOS_CLI.o
                0x00085ce8                FreeRTOS_CLIRegisterCommand
 .text.FreeRTOS_CLIProcessCommand
                0x00085d48       0xfc src/freertosCLI/FreeRTOS_CLI.o
                0x00085d48                FreeRTOS_CLIProcessCommand
 .text.FreeRTOS_CLIGetOutputBuffer
                0x00085e44        0x8 src/freertosCLI/FreeRTOS_CLI.o
                0x00085e44                FreeRTOS_CLIGetOutputBuffer
 .text.HartbeatTask
                0x00085e4c       0x28 src/main.o
                0x00085e4c                HartbeatTask
 .text.StartHartbeatTask
                0x00085e74       0x2c src/main.o
                0x00085e74                StartHartbeatTask
 .text.vApplicationIdleHook
                0x00085ea0        0x2 src/main.o
                0x00085ea0                vApplicationIdleHook
 *fill*         0x00085ea2        0x2 
 .text.vApplicationStackOverflowHook
                0x00085ea4       0x2c src/main.o
                0x00085ea4                vApplicationStackOverflowHook
 .text.vApplicationMallocFailedHook
                0x00085ed0       0x2c src/main.o
                0x00085ed0                vApplicationMallocFailedHook
 .text.main     0x00085efc       0x94 src/main.o
                0x00085efc                main
 .text.PrintfTask
                0x00085f90       0x58 src/CommandConsole/CommandConsole.o
                0x00085f90                PrintfTask
 .text.CommandConsoleTask
                0x00085fe8      0x174 src/CommandConsole/CommandConsole.o
                0x00085fe8                CommandConsoleTask
 .text.StartCommandConsoleTask
                0x0008615c       0x64 src/CommandConsole/CommandConsole.o
                0x0008615c                StartCommandConsoleTask
 .text.configure_timer_for_run_time_stats
                0x000861c0       0x10 src/CommandConsole/run-time-stats-utils.o
                0x000861c0                configure_timer_for_run_time_stats
 .text.get_run_time_counter_value
                0x000861d0       0x60 src/CommandConsole/run-time-stats-utils.o
                0x000861d0                get_run_time_counter_value
 .text.pdc_tx_init
                0x00086230       0x18 src/ASF/sam/drivers/pdc/pdc.o
                0x00086230                pdc_tx_init
 .text.pdc_rx_init
                0x00086248       0x18 src/ASF/sam/drivers/pdc/pdc.o
                0x00086248                pdc_rx_init
 .text.pdc_enable_transfer
                0x00086260        0xc src/ASF/sam/drivers/pdc/pdc.o
                0x00086260                pdc_enable_transfer
 .text.pdc_disable_transfer
                0x0008626c       0x10 src/ASF/sam/drivers/pdc/pdc.o
                0x0008626c                pdc_disable_transfer
 .text.uart_init
                0x0008627c       0x36 src/ASF/sam/drivers/uart/uart.o
                0x0008627c                uart_init
 .text.uart_enable_tx
                0x000862b2        0x6 src/ASF/sam/drivers/uart/uart.o
                0x000862b2                uart_enable_tx
 .text.uart_disable_tx
                0x000862b8        0x6 src/ASF/sam/drivers/uart/uart.o
                0x000862b8                uart_disable_tx
 .text.uart_enable_rx
                0x000862be        0x6 src/ASF/sam/drivers/uart/uart.o
                0x000862be                uart_enable_rx
 .text.uart_disable_rx
                0x000862c4        0x6 src/ASF/sam/drivers/uart/uart.o
                0x000862c4                uart_disable_rx
 .text.uart_enable_interrupt
                0x000862ca        0x4 src/ASF/sam/drivers/uart/uart.o
                0x000862ca                uart_enable_interrupt
 .text.uart_disable_interrupt
                0x000862ce        0x4 src/ASF/sam/drivers/uart/uart.o
                0x000862ce                uart_disable_interrupt
 .text.uart_get_interrupt_mask
                0x000862d2        0x4 src/ASF/sam/drivers/uart/uart.o
                0x000862d2                uart_get_interrupt_mask
 .text.uart_get_status
                0x000862d6        0x4 src/ASF/sam/drivers/uart/uart.o
                0x000862d6                uart_get_status
 .text.uart_reset_status
                0x000862da        0x8 src/ASF/sam/drivers/uart/uart.o
                0x000862da                uart_reset_status
 *fill*         0x000862e2        0x2 
 .text.sysclk_init
                0x000862e4       0x64 src/ASF/common/services/clock/sam3x/sysclk.o
                0x000862e4                sysclk_init
 .text.board_init
                0x00086348       0xa8 src/ASF/sam/boards/arduino_due_x/init.o
                0x00086348                board_init
 .text.pio_set_peripheral
                0x000863f0       0x3e src/ASF/sam/drivers/pio/pio.o
                0x000863f0                pio_set_peripheral
 .text.pio_set_input
                0x0008642e       0x32 src/ASF/sam/drivers/pio/pio.o
                0x0008642e                pio_set_input
 .text.pio_set_output
                0x00086460       0x26 src/ASF/sam/drivers/pio/pio.o
                0x00086460                pio_set_output
 .text.pio_configure_interrupt
                0x00086486       0x2e src/ASF/sam/drivers/pio/pio.o
                0x00086486                pio_configure_interrupt
 .text.pio_enable_interrupt
                0x000864b4        0x4 src/ASF/sam/drivers/pio/pio.o
                0x000864b4                pio_enable_interrupt
 .text.pio_disable_interrupt
                0x000864b8        0x4 src/ASF/sam/drivers/pio/pio.o
                0x000864b8                pio_disable_interrupt
 .text.pio_get_interrupt_status
                0x000864bc        0x4 src/ASF/sam/drivers/pio/pio.o
                0x000864bc                pio_get_interrupt_status
 .text.pio_get_interrupt_mask
                0x000864c0        0x4 src/ASF/sam/drivers/pio/pio.o
                0x000864c0                pio_get_interrupt_mask
 .text.pio_configure_pin
                0x000864c4       0xd0 src/ASF/sam/drivers/pio/pio.o
                0x000864c4                pio_configure_pin
 .text.pio_configure_pin_group
                0x00086594       0x9c src/ASF/sam/drivers/pio/pio.o
                0x00086594                pio_configure_pin_group
 .text.pio_handler_process
                0x00086630       0x50 src/ASF/sam/drivers/pio/pio_handler.o
                0x00086630                pio_handler_process
 .text.pio_handler_set
                0x00086680       0x70 src/ASF/sam/drivers/pio/pio_handler.o
                0x00086680                pio_handler_set
 .text.PIOA_Handler
                0x000866f0       0x14 src/ASF/sam/drivers/pio/pio_handler.o
                0x000866f0                PIOA_Handler
 .text.PIOB_Handler
                0x00086704       0x14 src/ASF/sam/drivers/pio/pio_handler.o
                0x00086704                PIOB_Handler
 .text.PIOC_Handler
                0x00086718       0x14 src/ASF/sam/drivers/pio/pio_handler.o
                0x00086718                PIOC_Handler
 .text.PIOD_Handler
                0x0008672c       0x14 src/ASF/sam/drivers/pio/pio_handler.o
                0x0008672c                PIOD_Handler
 .text.pmc_switch_mck_to_pllack
                0x00086740       0x64 src/ASF/sam/drivers/pmc/pmc.o
                0x00086740                pmc_switch_mck_to_pllack
 .text.pmc_switch_mainck_to_xtal
                0x000867a4       0x54 src/ASF/sam/drivers/pmc/pmc.o
                0x000867a4                pmc_switch_mainck_to_xtal
 .text.pmc_osc_is_ready_mainck
                0x000867f8       0x10 src/ASF/sam/drivers/pmc/pmc.o
                0x000867f8                pmc_osc_is_ready_mainck
 .text.pmc_disable_pllack
                0x00086808       0x10 src/ASF/sam/drivers/pmc/pmc.o
                0x00086808                pmc_disable_pllack
 .text.pmc_is_locked_pllack
                0x00086818       0x10 src/ASF/sam/drivers/pmc/pmc.o
                0x00086818                pmc_is_locked_pllack
 .text.pmc_enable_periph_clk
                0x00086828       0x20 src/ASF/sam/drivers/pmc/pmc.o
                0x00086828                pmc_enable_periph_clk
 .text.Dummy_Handler
                0x00086848        0x2 src/ASF/sam/utils/cmsis/sam3x/source/templates/exceptions.o
                0x00086848                DACC_Handler
                0x00086848                DebugMon_Handler
                0x00086848                DMAC_Handler
                0x00086848                TRNG_Handler
                0x00086848                HardFault_Handler
                0x00086848                TC2_Handler
                0x00086848                USART3_Handler
                0x00086848                NMI_Handler
                0x00086848                TC7_Handler
                0x00086848                ADC_Handler
                0x00086848                SMC_Handler
                0x00086848                USART0_Handler
                0x00086848                RTT_Handler
                0x00086848                EFC1_Handler
                0x00086848                RTC_Handler
                0x00086848                UsageFault_Handler
                0x00086848                TC6_Handler
                0x00086848                WDT_Handler
                0x00086848                CAN0_Handler
                0x00086848                TC4_Handler
                0x00086848                TC1_Handler
                0x00086848                HSMCI_Handler
                0x00086848                TC3_Handler
                0x00086848                Dummy_Handler
                0x00086848                USART1_Handler
                0x00086848                SSC_Handler
                0x00086848                EFC0_Handler
                0x00086848                PMC_Handler
                0x00086848                PWM_Handler
                0x00086848                CAN1_Handler
                0x00086848                MemManage_Handler
                0x00086848                SUPC_Handler
                0x00086848                TC8_Handler
                0x00086848                USART2_Handler
                0x00086848                EMAC_Handler
                0x00086848                BusFault_Handler
                0x00086848                RSTC_Handler
                0x00086848                TC0_Handler
                0x00086848                TC5_Handler
                0x00086848                UOTGHS_Handler
                0x00086848                SPI0_Handler
 *fill*         0x0008684a        0x2 
 .text.Reset_Handler
                0x0008684c       0x98 src/ASF/sam/utils/cmsis/sam3x/source/templates/gcc/startup_sam3x.o
                0x0008684c                Reset_Handler
 .text.SystemCoreClockUpdate
                0x000868e4      0x118 src/ASF/sam/utils/cmsis/sam3x/source/templates/system_sam3x.o
                0x000868e4                SystemCoreClockUpdate
 .text._sbrk    0x000869fc       0x38 src/ASF/sam/utils/syscalls/gcc/syscalls.o
                0x000869fc                _sbrk
 .text          0x00086a34      0x370 c:/program files (x86)/atmel/studio/7.0/toolchain/arm/arm-gnu-toolchain/bin/../lib/gcc/arm-none-eabi/6.3.1/thumb/v7-m\libgcc.a(_arm_addsubdf3.o)
                0x00086a34                __aeabi_drsub
                0x00086a3c                __aeabi_dsub
                0x00086a3c                __subdf3
                0x00086a40                __aeabi_dadd
                0x00086a40                __adddf3
                0x00086cb8                __floatunsidf
                0x00086cb8                __aeabi_ui2d
                0x00086cd8                __floatsidf
                0x00086cd8                __aeabi_i2d
                0x00086cfc                __aeabi_f2d
                0x00086cfc                __extendsfdf2
                0x00086d38                __floatundidf
                0x00086d38                __aeabi_ul2d
                0x00086d48                __floatdidf
                0x00086d48                __aeabi_l2d
 .text          0x00086da4      0x424 c:/program files (x86)/atmel/studio/7.0/toolchain/arm/arm-gnu-toolchain/bin/../lib/gcc/arm-none-eabi/6.3.1/thumb/v7-m\libgcc.a(_arm_muldivdf3.o)
                0x00086da4                __aeabi_dmul
                0x00086da4                __muldf3
                0x00086ff8                __divdf3
                0x00086ff8                __aeabi_ddiv
 .text          0x000871c8       0xa0 c:/program files (x86)/atmel/studio/7.0/toolchain/arm/arm-gnu-toolchain/bin/../lib/gcc/arm-none-eabi/6.3.1/thumb/v7-m\libgcc.a(_arm_truncdfsf2.o)
                0x000871c8                __truncdfsf2
                0x000871c8                __aeabi_d2f
 .text          0x00087268      0x21c c:/program files (x86)/atmel/studio/7.0/toolchain/arm/arm-gnu-toolchain/bin/../lib/gcc/arm-none-eabi/6.3.1/thumb/v7-m\libgcc.a(_arm_addsubsf3.o)
                0x00087268                __aeabi_frsub
                0x00087270                __subsf3
                0x00087270                __aeabi_fsub
                0x00087274                __aeabi_fadd
                0x00087274                __addsf3
                0x000873d4                __aeabi_ui2f
                0x000873d4                __floatunsisf
                0x000873dc                __aeabi_i2f
                0x000873dc                __floatsisf
                0x000873f8                __aeabi_ul2f
                0x000873f8                __floatundisf
                0x00087408                __aeabi_l2f
                0x00087408                __floatdisf
 .text          0x00087484      0x2a0 c:/program files (x86)/atmel/studio/7.0/toolchain/arm/arm-gnu-toolchain/bin/../lib/gcc/arm-none-eabi/6.3.1/thumb/v7-m\libgcc.a(_arm_muldivsf3.o)
                0x00087484                __mulsf3
                0x00087484                __aeabi_fmul
                0x000875ec                __aeabi_fdiv
                0x000875ec                __divsf3
 .text          0x00087724       0xec c:/program files (x86)/atmel/studio/7.0/toolchain/arm/arm-gnu-toolchain/bin/../lib/gcc/arm-none-eabi/6.3.1/thumb/v7-m\libgcc.a(_arm_cmpsf2.o)
                0x00087724                __gesf2
                0x00087724                __gtsf2
                0x0008772c                __lesf2
                0x0008772c                __ltsf2
                0x00087734                __nesf2
                0x00087734                __eqsf2
                0x00087734                __cmpsf2
                0x00087794                __aeabi_cfrcmple
                0x0008779c                __aeabi_cfcmpeq
                0x0008779c                __aeabi_cfcmple
                0x000877ac                __aeabi_fcmpeq
                0x000877c0                __aeabi_fcmplt
                0x000877d4                __aeabi_fcmple
                0x000877e8                __aeabi_fcmpge
                0x000877fc                __aeabi_fcmpgt
 .text          0x00087810       0x40 c:/program files (x86)/atmel/studio/7.0/toolchain/arm/arm-gnu-toolchain/bin/../lib/gcc/arm-none-eabi/6.3.1/thumb/v7-m\libgcc.a(_arm_fixunssfsi.o)
                0x00087810                __fixunssfsi
                0x00087810                __aeabi_f2uiz
 .text.__libc_init_array
                0x00087850       0x50 c:/program files (x86)/atmel/studio/7.0/toolchain/arm/arm-gnu-toolchain/bin/../lib/gcc/arm-none-eabi/6.3.1/../../../../arm-none-eabi/lib/thumb/v7-m\libc.a(lib_a-init.o)
                0x00087850                __libc_init_array
 .text.malloc   0x000878a0       0x10 c:/program files (x86)/atmel/studio/7.0/toolchain/arm/arm-gnu-toolchain/bin/../lib/gcc/arm-none-eabi/6.3.1/../../../../arm-none-eabi/lib/thumb/v7-m\libc.a(lib_a-malloc.o)
                0x000878a0                malloc
 .text._malloc_r
                0x000878b0      0x544 c:/program files (x86)/atmel/studio/7.0/toolchain/arm/arm-gnu-toolchain/bin/../lib/gcc/arm-none-eabi/6.3.1/../../../../arm-none-eabi/lib/thumb/v7-m\libc.a(lib_a-mallocr.o)
                0x000878b0                _malloc_r
 .text.memcmp   0x00087df4       0x60 c:/program files (x86)/atmel/studio/7.0/toolchain/arm/arm-gnu-toolchain/bin/../lib/gcc/arm-none-eabi/6.3.1/../../../../arm-none-eabi/lib/thumb/v7-m\libc.a(lib_a-memcmp.o)
                0x00087df4                memcmp
 .text          0x00087e54       0xec c:/program files (x86)/atmel/studio/7.0/toolchain/arm/arm-gnu-toolchain/bin/../lib/gcc/arm-none-eabi/6.3.1/../../../../arm-none-eabi/lib/thumb/v7-m\libc.a(lib_a-memcpy.o)
                0x00087e54                memcpy
 .text.memset   0x00087f40       0x9c c:/program files (x86)/atmel/studio/7.0/toolchain/arm/arm-gnu-toolchain/bin/../lib/gcc/arm-none-eabi/6.3.1/../../../../arm-none-eabi/lib/thumb/v7-m\libc.a(lib_a-memset.o)
                0x00087f40                memset
 .text.__malloc_lock
                0x00087fdc        0xc c:/program files (x86)/atmel/studio/7.0/toolchain/arm/arm-gnu-toolchain/bin/../lib/gcc/arm-none-eabi/6.3.1/../../../../arm-none-eabi/lib/thumb/v7-m\libc.a(lib_a-mlock.o)
                0x00087fdc                __malloc_lock
 .text.__malloc_unlock
                0x00087fe8        0xc c:/program files (x86)/atmel/studio/7.0/toolchain/arm/arm-gnu-toolchain/bin/../lib/gcc/arm-none-eabi/6.3.1/../../../../arm-none-eabi/lib/thumb/v7-m\libc.a(lib_a-mlock.o)
                0x00087fe8                __malloc_unlock
 .text._sbrk_r  0x00087ff4       0x24 c:/program files (x86)/atmel/studio/7.0/toolchain/arm/arm-gnu-toolchain/bin/../lib/gcc/arm-none-eabi/6.3.1/../../../../arm-none-eabi/lib/thumb/v7-m\libc.a(lib_a-sbrkr.o)
                0x00087ff4                _sbrk_r
 .text.sprintf  0x00088018       0x4c c:/program files (x86)/atmel/studio/7.0/toolchain/arm/arm-gnu-toolchain/bin/../lib/gcc/arm-none-eabi/6.3.1/../../../../arm-none-eabi/lib/thumb/v7-m\libc.a(lib_a-sprintf.o)
                0x00088018                sprintf
 .text.strcpy   0x00088064       0xbc c:/program files (x86)/atmel/studio/7.0/toolchain/arm/arm-gnu-toolchain/bin/../lib/gcc/arm-none-eabi/6.3.1/../../../../arm-none-eabi/lib/thumb/v7-m\libc.a(lib_a-strcpy.o)
                0x00088064                strcpy
 .text.strlen   0x00088120       0x5c c:/program files (x86)/atmel/studio/7.0/toolchain/arm/arm-gnu-toolchain/bin/../lib/gcc/arm-none-eabi/6.3.1/../../../../arm-none-eabi/lib/thumb/v7-m\libc.a(lib_a-strlen-stub.o)
                0x00088120                strlen
 .text.strncmp  0x0008817c       0xa0 c:/program files (x86)/atmel/studio/7.0/toolchain/arm/arm-gnu-toolchain/bin/../lib/gcc/arm-none-eabi/6.3.1/../../../../arm-none-eabi/lib/thumb/v7-m\libc.a(lib_a-strncmp.o)
                0x0008817c                strncmp
 .text.strncpy  0x0008821c       0x64 c:/program files (x86)/atmel/studio/7.0/toolchain/arm/arm-gnu-toolchain/bin/../lib/gcc/arm-none-eabi/6.3.1/../../../../arm-none-eabi/lib/thumb/v7-m\libc.a(lib_a-strncpy.o)
                0x0008821c                strncpy
 .text._svfprintf_r
                0x00088280     0x1500 c:/program files (x86)/atmel/studio/7.0/toolchain/arm/arm-gnu-toolchain/bin/../lib/gcc/arm-none-eabi/6.3.1/../../../../arm-none-eabi/lib/thumb/v7-m\libc.a(lib_a-svfprintf.o)
                0x00088280                _svfprintf_r
 .text._vsprintf_r
                0x00089780       0x34 c:/program files (x86)/atmel/studio/7.0/toolchain/arm/arm-gnu-toolchain/bin/../lib/gcc/arm-none-eabi/6.3.1/../../../../arm-none-eabi/lib/thumb/v7-m\libc.a(lib_a-vsprintf.o)
                0x00089780                _vsprintf_r
 .text.vsprintf
                0x000897b4       0x18 c:/program files (x86)/atmel/studio/7.0/toolchain/arm/arm-gnu-toolchain/bin/../lib/gcc/arm-none-eabi/6.3.1/../../../../arm-none-eabi/lib/thumb/v7-m\libc.a(lib_a-vsprintf.o)
                0x000897b4                vsprintf
 .text.startup.register_fini
                0x000897cc       0x14 c:/program files (x86)/atmel/studio/7.0/toolchain/arm/arm-gnu-toolchain/bin/../lib/gcc/arm-none-eabi/6.3.1/../../../../arm-none-eabi/lib/thumb/v7-m\libc.a(lib_a-__call_atexit.o)
 .text.atexit   0x000897e0        0xc c:/program files (x86)/atmel/studio/7.0/toolchain/arm/arm-gnu-toolchain/bin/../lib/gcc/arm-none-eabi/6.3.1/../../../../arm-none-eabi/lib/thumb/v7-m\libc.a(lib_a-atexit.o)
                0x000897e0                atexit
 .text.quorem   0x000897ec      0x128 c:/program files (x86)/atmel/studio/7.0/toolchain/arm/arm-gnu-toolchain/bin/../lib/gcc/arm-none-eabi/6.3.1/../../../../arm-none-eabi/lib/thumb/v7-m\libc.a(lib_a-dtoa.o)
 *fill*         0x00089914        0x4 
 .text._dtoa_r  0x00089918      0xe44 c:/program files (x86)/atmel/studio/7.0/toolchain/arm/arm-gnu-toolchain/bin/../lib/gcc/arm-none-eabi/6.3.1/../../../../arm-none-eabi/lib/thumb/v7-m\libc.a(lib_a-dtoa.o)
                0x00089918                _dtoa_r
 .text.__libc_fini_array
                0x0008a75c       0x34 c:/program files (x86)/atmel/studio/7.0/toolchain/arm/arm-gnu-toolchain/bin/../lib/gcc/arm-none-eabi/6.3.1/../../../../arm-none-eabi/lib/thumb/v7-m\libc.a(lib_a-fini.o)
                0x0008a75c                __libc_fini_array
 .text._malloc_trim_r
                0x0008a790       0xa0 c:/program files (x86)/atmel/studio/7.0/toolchain/arm/arm-gnu-toolchain/bin/../lib/gcc/arm-none-eabi/6.3.1/../../../../arm-none-eabi/lib/thumb/v7-m\libc.a(lib_a-freer.o)
                0x0008a790                _malloc_trim_r
 .text._free_r  0x0008a830      0x1cc c:/program files (x86)/atmel/studio/7.0/toolchain/arm/arm-gnu-toolchain/bin/../lib/gcc/arm-none-eabi/6.3.1/../../../../arm-none-eabi/lib/thumb/v7-m\libc.a(lib_a-freer.o)
                0x0008a830                _free_r
 .text._localeconv_r
                0x0008a9fc       0x1c c:/program files (x86)/atmel/studio/7.0/toolchain/arm/arm-gnu-toolchain/bin/../lib/gcc/arm-none-eabi/6.3.1/../../../../arm-none-eabi/lib/thumb/v7-m\libc.a(lib_a-localeconv.o)
                0x0008a9fc                _localeconv_r
 .text.__retarget_lock_acquire_recursive
                0x0008aa18        0x4 c:/program files (x86)/atmel/studio/7.0/toolchain/arm/arm-gnu-toolchain/bin/../lib/gcc/arm-none-eabi/6.3.1/../../../../arm-none-eabi/lib/thumb/v7-m\libc.a(lib_a-lock.o)
                0x0008aa18                __retarget_lock_acquire_recursive
 .text.__retarget_lock_release_recursive
                0x0008aa1c        0x4 c:/program files (x86)/atmel/studio/7.0/toolchain/arm/arm-gnu-toolchain/bin/../lib/gcc/arm-none-eabi/6.3.1/../../../../arm-none-eabi/lib/thumb/v7-m\libc.a(lib_a-lock.o)
                0x0008aa1c                __retarget_lock_release_recursive
 .text.__ascii_mbtowc
                0x0008aa20       0x2c c:/program files (x86)/atmel/studio/7.0/toolchain/arm/arm-gnu-toolchain/bin/../lib/gcc/arm-none-eabi/6.3.1/../../../../arm-none-eabi/lib/thumb/v7-m\libc.a(lib_a-mbtowc_r.o)
                0x0008aa20                __ascii_mbtowc
 .text.memchr   0x0008aa4c       0x8c c:/program files (x86)/atmel/studio/7.0/toolchain/arm/arm-gnu-toolchain/bin/../lib/gcc/arm-none-eabi/6.3.1/../../../../arm-none-eabi/lib/thumb/v7-m\libc.a(lib_a-memchr-stub.o)
                0x0008aa4c                memchr
 .text.memmove  0x0008aad8       0xc8 c:/program files (x86)/atmel/studio/7.0/toolchain/arm/arm-gnu-toolchain/bin/../lib/gcc/arm-none-eabi/6.3.1/../../../../arm-none-eabi/lib/thumb/v7-m\libc.a(lib_a-memmove.o)
                0x0008aad8                memmove
 .text._Balloc  0x0008aba0       0x4c c:/program files (x86)/atmel/studio/7.0/toolchain/arm/arm-gnu-toolchain/bin/../lib/gcc/arm-none-eabi/6.3.1/../../../../arm-none-eabi/lib/thumb/v7-m\libc.a(lib_a-mprec.o)
                0x0008aba0                _Balloc
 .text._Bfree   0x0008abec       0x14 c:/program files (x86)/atmel/studio/7.0/toolchain/arm/arm-gnu-toolchain/bin/../lib/gcc/arm-none-eabi/6.3.1/../../../../arm-none-eabi/lib/thumb/v7-m\libc.a(lib_a-mprec.o)
                0x0008abec                _Bfree
 .text.__multadd
                0x0008ac00       0x84 c:/program files (x86)/atmel/studio/7.0/toolchain/arm/arm-gnu-toolchain/bin/../lib/gcc/arm-none-eabi/6.3.1/../../../../arm-none-eabi/lib/thumb/v7-m\libc.a(lib_a-mprec.o)
                0x0008ac00                __multadd
 .text.__hi0bits
                0x0008ac84       0x40 c:/program files (x86)/atmel/studio/7.0/toolchain/arm/arm-gnu-toolchain/bin/../lib/gcc/arm-none-eabi/6.3.1/../../../../arm-none-eabi/lib/thumb/v7-m\libc.a(lib_a-mprec.o)
                0x0008ac84                __hi0bits
 .text.__lo0bits
                0x0008acc4       0x60 c:/program files (x86)/atmel/studio/7.0/toolchain/arm/arm-gnu-toolchain/bin/../lib/gcc/arm-none-eabi/6.3.1/../../../../arm-none-eabi/lib/thumb/v7-m\libc.a(lib_a-mprec.o)
                0x0008acc4                __lo0bits
 .text.__i2b    0x0008ad24       0x14 c:/program files (x86)/atmel/studio/7.0/toolchain/arm/arm-gnu-toolchain/bin/../lib/gcc/arm-none-eabi/6.3.1/../../../../arm-none-eabi/lib/thumb/v7-m\libc.a(lib_a-mprec.o)
                0x0008ad24                __i2b
 .text.__multiply
                0x0008ad38      0x124 c:/program files (x86)/atmel/studio/7.0/toolchain/arm/arm-gnu-toolchain/bin/../lib/gcc/arm-none-eabi/6.3.1/../../../../arm-none-eabi/lib/thumb/v7-m\libc.a(lib_a-mprec.o)
                0x0008ad38                __multiply
 .text.__pow5mult
                0x0008ae5c       0xa0 c:/program files (x86)/atmel/studio/7.0/toolchain/arm/arm-gnu-toolchain/bin/../lib/gcc/arm-none-eabi/6.3.1/../../../../arm-none-eabi/lib/thumb/v7-m\libc.a(lib_a-mprec.o)
                0x0008ae5c                __pow5mult
 .text.__lshift
                0x0008aefc       0xa0 c:/program files (x86)/atmel/studio/7.0/toolchain/arm/arm-gnu-toolchain/bin/../lib/gcc/arm-none-eabi/6.3.1/../../../../arm-none-eabi/lib/thumb/v7-m\libc.a(lib_a-mprec.o)
                0x0008aefc                __lshift
 .text.__mcmp   0x0008af9c       0x38 c:/program files (x86)/atmel/studio/7.0/toolchain/arm/arm-gnu-toolchain/bin/../lib/gcc/arm-none-eabi/6.3.1/../../../../arm-none-eabi/lib/thumb/v7-m\libc.a(lib_a-mprec.o)
                0x0008af9c                __mcmp
 .text.__mdiff  0x0008afd4      0x11c c:/program files (x86)/atmel/studio/7.0/toolchain/arm/arm-gnu-toolchain/bin/../lib/gcc/arm-none-eabi/6.3.1/../../../../arm-none-eabi/lib/thumb/v7-m\libc.a(lib_a-mprec.o)
                0x0008afd4                __mdiff
 .text.__d2b    0x0008b0f0       0xa8 c:/program files (x86)/atmel/studio/7.0/toolchain/arm/arm-gnu-toolchain/bin/../lib/gcc/arm-none-eabi/6.3.1/../../../../arm-none-eabi/lib/thumb/v7-m\libc.a(lib_a-mprec.o)
                0x0008b0f0                __d2b
 .text._realloc_r
                0x0008b198      0x36c c:/program files (x86)/atmel/studio/7.0/toolchain/arm/arm-gnu-toolchain/bin/../lib/gcc/arm-none-eabi/6.3.1/../../../../arm-none-eabi/lib/thumb/v7-m\libc.a(lib_a-reallocr.o)
                0x0008b198                _realloc_r
 .text.__ssprint_r
                0x0008b504       0xfc c:/program files (x86)/atmel/studio/7.0/toolchain/arm/arm-gnu-toolchain/bin/../lib/gcc/arm-none-eabi/6.3.1/../../../../arm-none-eabi/lib/thumb/v7-m\libc.a(lib_a-svfiprintf.o)
                0x0008b504                __ssprint_r
 .text.__ascii_wctomb
                0x0008b600       0x18 c:/program files (x86)/atmel/studio/7.0/toolchain/arm/arm-gnu-toolchain/bin/../lib/gcc/arm-none-eabi/6.3.1/../../../../arm-none-eabi/lib/thumb/v7-m\libc.a(lib_a-wctomb_r.o)
                0x0008b600                __ascii_wctomb
 .text.__register_exitproc
                0x0008b618       0xc4 c:/program files (x86)/atmel/studio/7.0/toolchain/arm/arm-gnu-toolchain/bin/../lib/gcc/arm-none-eabi/6.3.1/../../../../arm-none-eabi/lib/thumb/v7-m\libc.a(lib_a-__atexit.o)
                0x0008b618                __register_exitproc
 .text._calloc_r
                0x0008b6dc       0x60 c:/program files (x86)/atmel/studio/7.0/toolchain/arm/arm-gnu-toolchain/bin/../lib/gcc/arm-none-eabi/6.3.1/../../../../arm-none-eabi/lib/thumb/v7-m\libc.a(lib_a-callocr.o)
                0x0008b6dc                _calloc_r
 .text          0x0008b73c      0x110 c:/program files (x86)/atmel/studio/7.0/toolchain/arm/arm-gnu-toolchain/bin/../lib/gcc/arm-none-eabi/6.3.1/thumb/v7-m\libgcc.a(_arm_cmpdf2.o)
                0x0008b73c                __gtdf2
                0x0008b73c                __gedf2
                0x0008b744                __ltdf2
                0x0008b744                __ledf2
                0x0008b74c                __nedf2
                0x0008b74c                __eqdf2
                0x0008b74c                __cmpdf2
                0x0008b7c8                __aeabi_cdrcmple
                0x0008b7d8                __aeabi_cdcmpeq
                0x0008b7d8                __aeabi_cdcmple
                0x0008b7e8                __aeabi_dcmpeq
                0x0008b7fc                __aeabi_dcmplt
                0x0008b810                __aeabi_dcmple
                0x0008b824                __aeabi_dcmpge
                0x0008b838                __aeabi_dcmpgt
 .text          0x0008b84c       0x2c c:/program files (x86)/atmel/studio/7.0/toolchain/arm/arm-gnu-toolchain/bin/../lib/gcc/arm-none-eabi/6.3.1/thumb/v7-m\libgcc.a(_arm_unorddf2.o)
                0x0008b84c                __unorddf2
                0x0008b84c                __aeabi_dcmpun
 .text          0x0008b878       0x50 c:/program files (x86)/atmel/studio/7.0/toolchain/arm/arm-gnu-toolchain/bin/../lib/gcc/arm-none-eabi/6.3.1/thumb/v7-m\libgcc.a(_arm_fixdfsi.o)
                0x0008b878                __aeabi_d2iz
                0x0008b878                __fixdfsi
 .text          0x0008b8c8       0x30 c:/program files (x86)/atmel/studio/7.0/toolchain/arm/arm-gnu-toolchain/bin/../lib/gcc/arm-none-eabi/6.3.1/thumb/v7-m\libgcc.a(_aeabi_uldivmod.o)
                0x0008b8c8                __aeabi_uldivmod
 .text          0x0008b8f8      0x2dc c:/program files (x86)/atmel/studio/7.0/toolchain/arm/arm-gnu-toolchain/bin/../lib/gcc/arm-none-eabi/6.3.1/thumb/v7-m\libgcc.a(_udivmoddi4.o)
                0x0008b8f8                __udivmoddi4
 .text          0x0008bbd4        0x4 c:/program files (x86)/atmel/studio/7.0/toolchain/arm/arm-gnu-toolchain/bin/../lib/gcc/arm-none-eabi/6.3.1/thumb/v7-m\libgcc.a(_dvmd_tls.o)
                0x0008bbd4                __aeabi_idiv0
                0x0008bbd4                __aeabi_ldiv0
 *(.glue_7t)
 .glue_7t       0x0008bbd8        0x0 linker stubs
 *(.glue_7)
 .glue_7        0x0008bbd8        0x0 linker stubs
 *(.rodata .rodata* .gnu.linkonce.r.*)
 .rodata.StartApplicationTasks.str1.4
                0x0008bbd8       0x2a src/ApplicationTasks.o
 *fill*         0x0008bc02        0x2 
 .rodata.ControlTask.str1.4
                0x0008bc04      0x1ef src/ControlTask.o
 *fill*         0x0008bdf3        0x1 
 .rodata.ButtonHandlerTask.str1.4
                0x0008bdf4       0x7e src/ButtonHandlerTask.o
 *fill*         0x0008be72        0x2 
 .rodata.G_MotorDacChannel
                0x0008be74        0x3 src/MotorControl.o
 *fill*         0x0008be77        0x1 
 .rodata.G_MotorHomeLimitBit
                0x0008be78        0x3 src/MotorControl.o
 *fill*         0x0008be7b        0x1 
 .rodata.G_MotorQcChannel
                0x0008be7c        0x3 src/MotorControl.o
 *fill*         0x0008be7f        0x1 
 .rodata.Hold_uDac
                0x0008be80        0xc src/MotorControl.o
 .rodata.Home_uDac
                0x0008be8c        0xc src/MotorControl.o
 .rodata.homeAllMotors.str1.4
                0x0008be98       0x34 src/MotorControl.o
 .rodata.VisualisationTask.str1.4
                0x0008becc       0x1e src/VisualisationTask.o
 *fill*         0x0008beea        0x2 
 .rodata.MotorDacChannel
                0x0008beec        0x3 src/MotionEngine.o
 *fill*         0x0008beef        0x1 
 .rodata.MotorQcChannel
                0x0008bef0        0x3 src/MotionEngine.o
 *fill*         0x0008bef3        0x1 
 .rodata.Move_ToSetpoint.str1.4
                0x0008bef4       0x36 src/MotionEngine.o
 *fill*         0x0008bf2a        0x2 
 .rodata.G_DACSelectPins
                0x0008bf2c        0x4 src/RTSWLibrary/DAC4921Lib.o
 .rodata.G_LEDPins
                0x0008bf30        0x4 src/RTSWLibrary/LEDLib.o
 .rodata.G_InputPins
                0x0008bf34        0x8 src/RTSWLibrary/PortIOLib.o
 .rodata.G_OutputPins
                0x0008bf3c        0x8 src/RTSWLibrary/PortIOLib.o
 .rodata.G_QCSelectPins
                0x0008bf44        0x2 src/RTSWLibrary/QC7366Lib.o
 *fill*         0x0008bf46        0x2 
 .rodata.G_SwitchPins
                0x0008bf48        0x4 src/RTSWLibrary/SwitchLib.o
 .rodata.all_twi_definitions
                0x0008bf4c       0x20 src/ASF/common/services/freertos/sam/freertos_twi_master.o
 .rodata.null_dma_control
                0x0008bf6c        0x8 src/ASF/common/services/freertos/sam/freertos_twi_master.o
 .rodata.all_uart_definitions
                0x0008bf74       0x10 src/ASF/common/services/freertos/sam/freertos_uart_serial.o
 .rodata.vTaskGetRunTimeStats.str1.4
                0x0008bf84       0x18 src/ASF/thirdparty/freertos/freertos-10.4.6/source/tasks.o
 .rodata.vTaskList.str1.4
                0x0008bf9c        0xf src/ASF/thirdparty/freertos/freertos-10.4.6/source/tasks.o
 *fill*         0x0008bfab        0x1 
 .rodata.vTaskStartScheduler.str1.4
                0x0008bfac        0x9 src/ASF/thirdparty/freertos/freertos-10.4.6/source/tasks.o
 *fill*         0x0008bfb5        0x3 
 .rodata.prvCheckForValidListAndQueue.str1.4
                0x0008bfb8        0x5 src/ASF/thirdparty/freertos/freertos-10.4.6/source/timers.o
 *fill*         0x0008bfbd        0x3 
 .rodata.xTimerCreateTimerTask.str1.4
                0x0008bfc0        0xb src/ASF/thirdparty/freertos/freertos-10.4.6/source/timers.o
 *fill*         0x0008bfcb        0x1 
 .rodata.run_time_stats_command.str1.4
                0x0008bfcc       0x51 src/freertosCLI/CLI-commands.o
 *fill*         0x0008c01d        0x3 
 .rodata.run_time_stats_command_definition
                0x0008c020       0x10 src/freertosCLI/CLI-commands.o
 .rodata.str1.4
                0x0008c030       0xc4 src/freertosCLI/CLI-commands.o
 .rodata.task_stats_command.str1.4
                0x0008c0f4       0x5b src/freertosCLI/CLI-commands.o
 *fill*         0x0008c14f        0x1 
 .rodata.task_stats_command_definition
                0x0008c150       0x10 src/freertosCLI/CLI-commands.o
 .rodata.FreeRTOS_CLIProcessCommand.str1.4
                0x0008c160       0xa8 src/freertosCLI/FreeRTOS_CLI.o
 .rodata.str1.4
                0x0008c208       0x38 src/freertosCLI/FreeRTOS_CLI.o
 .rodata.xHelpCommand
                0x0008c240       0x10 src/freertosCLI/FreeRTOS_CLI.o
 .rodata.HartbeatTask.str1.4
                0x0008c250       0x37 src/main.o
 *fill*         0x0008c287        0x1 
 .rodata.StartHartbeatTask.str1.4
                0x0008c288        0xd src/main.o
 *fill*         0x0008c295        0x3 
 .rodata.CommandConsoleTask.str1.4
                0x0008c298       0xfc src/CommandConsole/CommandConsole.o
                                0x100 (size before relaxing)
 .rodata.StartCommandConsoleTask.str1.4
                0x0008c394       0x1f src/CommandConsole/CommandConsole.o
 *fill*         0x0008c3b3        0x1 
 .rodata._global_impure_ptr
                0x0008c3b4        0x4 c:/program files (x86)/atmel/studio/7.0/toolchain/arm/arm-gnu-toolchain/bin/../lib/gcc/arm-none-eabi/6.3.1/../../../../arm-none-eabi/lib/thumb/v7-m\libc.a(lib_a-impure.o)
                0x0008c3b4                _global_impure_ptr
 .rodata._svfprintf_r.str1.4
                0x0008c3b8       0x42 c:/program files (x86)/atmel/studio/7.0/toolchain/arm/arm-gnu-toolchain/bin/../lib/gcc/arm-none-eabi/6.3.1/../../../../arm-none-eabi/lib/thumb/v7-m\libc.a(lib_a-svfprintf.o)
 *fill*         0x0008c3fa        0x2 
 .rodata.blanks.7223
                0x0008c3fc       0x10 c:/program files (x86)/atmel/studio/7.0/toolchain/arm/arm-gnu-toolchain/bin/../lib/gcc/arm-none-eabi/6.3.1/../../../../arm-none-eabi/lib/thumb/v7-m\libc.a(lib_a-svfprintf.o)
 .rodata.zeroes.7224
                0x0008c40c       0x10 c:/program files (x86)/atmel/studio/7.0/toolchain/arm/arm-gnu-toolchain/bin/../lib/gcc/arm-none-eabi/6.3.1/../../../../arm-none-eabi/lib/thumb/v7-m\libc.a(lib_a-svfprintf.o)
 .rodata._dtoa_r.str1.4
                0x0008c41c       0x10 c:/program files (x86)/atmel/studio/7.0/toolchain/arm/arm-gnu-toolchain/bin/../lib/gcc/arm-none-eabi/6.3.1/../../../../arm-none-eabi/lib/thumb/v7-m\libc.a(lib_a-dtoa.o)
                                 0x12 (size before relaxing)
 .rodata._setlocale_r.str1.4
                0x0008c42c        0xa c:/program files (x86)/atmel/studio/7.0/toolchain/arm/arm-gnu-toolchain/bin/../lib/gcc/arm-none-eabi/6.3.1/../../../../arm-none-eabi/lib/thumb/v7-m\libc.a(lib_a-locale.o)
                                  0xd (size before relaxing)
 *fill*         0x0008c436        0x2 
 .rodata.str1.4
                0x0008c438        0x4 c:/program files (x86)/atmel/studio/7.0/toolchain/arm/arm-gnu-toolchain/bin/../lib/gcc/arm-none-eabi/6.3.1/../../../../arm-none-eabi/lib/thumb/v7-m\libc.a(lib_a-locale.o)
                                  0x2 (size before relaxing)
 *fill*         0x0008c43c        0x4 
 .rodata.__mprec_bigtens
                0x0008c440       0x28 c:/program files (x86)/atmel/studio/7.0/toolchain/arm/arm-gnu-toolchain/bin/../lib/gcc/arm-none-eabi/6.3.1/../../../../arm-none-eabi/lib/thumb/v7-m\libc.a(lib_a-mprec.o)
                0x0008c440                __mprec_bigtens
 .rodata.__mprec_tens
                0x0008c468       0xc8 c:/program files (x86)/atmel/studio/7.0/toolchain/arm/arm-gnu-toolchain/bin/../lib/gcc/arm-none-eabi/6.3.1/../../../../arm-none-eabi/lib/thumb/v7-m\libc.a(lib_a-mprec.o)
                0x0008c468                __mprec_tens
 .rodata.p05.6055
                0x0008c530        0xc c:/program files (x86)/atmel/studio/7.0/toolchain/arm/arm-gnu-toolchain/bin/../lib/gcc/arm-none-eabi/6.3.1/../../../../arm-none-eabi/lib/thumb/v7-m\libc.a(lib_a-mprec.o)
 .rodata._ctype_
                0x0008c53c      0x101 c:/program files (x86)/atmel/studio/7.0/toolchain/arm/arm-gnu-toolchain/bin/../lib/gcc/arm-none-eabi/6.3.1/../../../../arm-none-eabi/lib/thumb/v7-m\libc.a(lib_a-ctype_.o)
                0x0008c53c                _ctype_
 *(.ARM.extab* .gnu.linkonce.armextab.*)
                0x0008c640                . = ALIGN (0x4)
 *fill*         0x0008c63d        0x3 
 *(.init)
 .init          0x0008c640        0x4 c:/program files (x86)/atmel/studio/7.0/toolchain/arm/arm-gnu-toolchain/bin/../lib/gcc/arm-none-eabi/6.3.1/thumb/v7-m/crti.o
                0x0008c640                _init
 .init          0x0008c644        0x8 c:/program files (x86)/atmel/studio/7.0/toolchain/arm/arm-gnu-toolchain/bin/../lib/gcc/arm-none-eabi/6.3.1/thumb/v7-m/crtn.o
                0x0008c64c                . = ALIGN (0x4)
                0x0008c64c                __preinit_array_start = .
 *(.preinit_array)
                0x0008c64c                __preinit_array_end = .
                0x0008c64c                . = ALIGN (0x4)
                0x0008c64c                __init_array_start = .
 *(SORT(.init_array.*))
 .init_array.00000
                0x0008c64c        0x4 c:/program files (x86)/atmel/studio/7.0/toolchain/arm/arm-gnu-toolchain/bin/../lib/gcc/arm-none-eabi/6.3.1/../../../../arm-none-eabi/lib/thumb/v7-m\libc.a(lib_a-__call_atexit.o)
 *(.init_array)
 .init_array    0x0008c650        0x4 c:/program files (x86)/atmel/studio/7.0/toolchain/arm/arm-gnu-toolchain/bin/../lib/gcc/arm-none-eabi/6.3.1/thumb/v7-m/crtbegin.o
                0x0008c654                __init_array_end = .
                0x0008c654                . = ALIGN (0x4)
 *crtbegin.o(.ctors)
 *(EXCLUDE_FILE(*crtend.o) .ctors)
 *(SORT(.ctors.*))
 *crtend.o(.ctors)
                0x0008c654                . = ALIGN (0x4)
 *(.fini)
 .fini          0x0008c654        0x4 c:/program files (x86)/atmel/studio/7.0/toolchain/arm/arm-gnu-toolchain/bin/../lib/gcc/arm-none-eabi/6.3.1/thumb/v7-m/crti.o
                0x0008c654                _fini
 .fini          0x0008c658        0x8 c:/program files (x86)/atmel/studio/7.0/toolchain/arm/arm-gnu-toolchain/bin/../lib/gcc/arm-none-eabi/6.3.1/thumb/v7-m/crtn.o
                0x0008c660                . = ALIGN (0x4)
                0x0008c660                __fini_array_start = .
 *(.fini_array)
 .fini_array    0x0008c660        0x4 c:/program files (x86)/atmel/studio/7.0/toolchain/arm/arm-gnu-toolchain/bin/../lib/gcc/arm-none-eabi/6.3.1/thumb/v7-m/crtbegin.o
 *(SORT(.fini_array.*))
                0x0008c664                __fini_array_end = .
 *crtbegin.o(.dtors)
 *(EXCLUDE_FILE(*crtend.o) .dtors)
 *(SORT(.dtors.*))
 *crtend.o(.dtors)
                0x0008c664                . = ALIGN (0x4)
                0x0008c664                _efixed = .
                [!provide]                PROVIDE (__exidx_start, .)

.vfp11_veneer   0x0008c664        0x0
 .vfp11_veneer  0x0008c664        0x0 linker stubs

.v4_bx          0x0008c664        0x0
 .v4_bx         0x0008c664        0x0 linker stubs

.iplt           0x0008c664        0x0
 .iplt          0x0008c664        0x0 c:/program files (x86)/atmel/studio/7.0/toolchain/arm/arm-gnu-toolchain/bin/../lib/gcc/arm-none-eabi/6.3.1/thumb/v7-m/crtbegin.o

.ARM.exidx      0x0008c664        0x8
 *(.ARM.exidx* .gnu.linkonce.armexidx.*)
 .ARM.exidx     0x0008c664        0x8 c:/program files (x86)/atmel/studio/7.0/toolchain/arm/arm-gnu-toolchain/bin/../lib/gcc/arm-none-eabi/6.3.1/thumb/v7-m\libgcc.a(_udivmoddi4.o)
                [!provide]                PROVIDE (__exidx_end, .)

.eh_frame       0x0008c66c        0x0
 .eh_frame      0x0008c66c        0x0 c:/program files (x86)/atmel/studio/7.0/toolchain/arm/arm-gnu-toolchain/bin/../lib/gcc/arm-none-eabi/6.3.1/thumb/v7-m/crtbegin.o

.rel.dyn        0x0008c66c        0x0
 .rel.iplt      0x0008c66c        0x0 c:/program files (x86)/atmel/studio/7.0/toolchain/arm/arm-gnu-toolchain/bin/../lib/gcc/arm-none-eabi/6.3.1/thumb/v7-m/crtbegin.o

.jcr            0x0008c66c        0x0
 .jcr           0x0008c66c        0x0 c:/program files (x86)/atmel/studio/7.0/toolchain/arm/arm-gnu-toolchain/bin/../lib/gcc/arm-none-eabi/6.3.1/thumb/v7-m/crtbegin.o

.igot.plt       0x0008c66c        0x0
 .igot.plt      0x0008c66c        0x0 c:/program files (x86)/atmel/studio/7.0/toolchain/arm/arm-gnu-toolchain/bin/../lib/gcc/arm-none-eabi/6.3.1/thumb/v7-m/crtbegin.o
                0x0008c66c                . = ALIGN (0x4)
                0x0008c66c                _etext = .

.relocate       0x20070000      0xb10 load address 0x0008c66c
                0x20070000                . = ALIGN (0x4)
                0x20070000                _srelocate = .
 *(.ramfunc .ramfunc.*)
 .ramfunc       0x20070000        0xa src/ASF/common/services/delay/sam/cycle_counter.o
                0x20070000                portable_delay_cycles
 *fill*         0x2007000a        0x2 
 .ramfunc       0x2007000c      0x12c src/ASF/sam/utils/cmsis/sam3x/source/templates/system_sam3x.o
                0x2007000c                SystemInit
                0x200700b0                system_init_flash
 *(.data .data.*)
 .data.uxCriticalNesting
                0x20070138        0x4 src/ASF/thirdparty/freertos/freertos-10.4.6/source/portable/GCC/ARM_CM3/port.o
 .data.uxTopUsedPriority
                0x2007013c        0x4 src/ASF/thirdparty/freertos/freertos-10.4.6/source/tasks.o
                0x2007013c                uxTopUsedPriority
 .data.pxLastCommandInList.8060
                0x20070140        0x4 src/freertosCLI/FreeRTOS_CLI.o
 .data.xRegisteredCommands
                0x20070144        0x8 src/freertosCLI/FreeRTOS_CLI.o
 .data.uart_driver_parameters
                0x2007014c       0x10 src/CommandConsole/CommandConsole.o
                0x2007014c                uart_driver_parameters
 .data.SystemCoreClock
                0x2007015c        0x4 src/ASF/sam/utils/cmsis/sam3x/source/templates/system_sam3x.o
                0x2007015c                SystemCoreClock
 .data._impure_ptr
                0x20070160        0x4 c:/program files (x86)/atmel/studio/7.0/toolchain/arm/arm-gnu-toolchain/bin/../lib/gcc/arm-none-eabi/6.3.1/../../../../arm-none-eabi/lib/thumb/v7-m\libc.a(lib_a-impure.o)
                0x20070160                _impure_ptr
 *fill*         0x20070164        0x4 
 .data.impure_data
                0x20070168      0x428 c:/program files (x86)/atmel/studio/7.0/toolchain/arm/arm-gnu-toolchain/bin/../lib/gcc/arm-none-eabi/6.3.1/../../../../arm-none-eabi/lib/thumb/v7-m\libc.a(lib_a-impure.o)
 .data.__malloc_av_
                0x20070590      0x408 c:/program files (x86)/atmel/studio/7.0/toolchain/arm/arm-gnu-toolchain/bin/../lib/gcc/arm-none-eabi/6.3.1/../../../../arm-none-eabi/lib/thumb/v7-m\libc.a(lib_a-mallocr.o)
                0x20070590                __malloc_av_
 .data.__malloc_sbrk_base
                0x20070998        0x4 c:/program files (x86)/atmel/studio/7.0/toolchain/arm/arm-gnu-toolchain/bin/../lib/gcc/arm-none-eabi/6.3.1/../../../../arm-none-eabi/lib/thumb/v7-m\libc.a(lib_a-mallocr.o)
                0x20070998                __malloc_sbrk_base
 .data.__malloc_trim_threshold
                0x2007099c        0x4 c:/program files (x86)/atmel/studio/7.0/toolchain/arm/arm-gnu-toolchain/bin/../lib/gcc/arm-none-eabi/6.3.1/../../../../arm-none-eabi/lib/thumb/v7-m\libc.a(lib_a-mallocr.o)
                0x2007099c                __malloc_trim_threshold
 .data.__atexit_recursive_mutex
                0x200709a0        0x4 c:/program files (x86)/atmel/studio/7.0/toolchain/arm/arm-gnu-toolchain/bin/../lib/gcc/arm-none-eabi/6.3.1/../../../../arm-none-eabi/lib/thumb/v7-m\libc.a(lib_a-__call_atexit.o)
                0x200709a0                __atexit_recursive_mutex
 .data.__global_locale
                0x200709a4      0x16c c:/program files (x86)/atmel/studio/7.0/toolchain/arm/arm-gnu-toolchain/bin/../lib/gcc/arm-none-eabi/6.3.1/../../../../arm-none-eabi/lib/thumb/v7-m\libc.a(lib_a-locale.o)
                0x200709a4                __global_locale
                0x20070b10                . = ALIGN (0x4)
                0x20070b10                _erelocate = .

.bss            0x20070b10     0xb28c load address 0x0008d180
                0x20070b10                . = ALIGN (0x4)
                0x20070b10                _sbss = .
                0x20070b10                _szero = .
 *(.bss .bss.*)
 .bss           0x20070b10       0x1c c:/program files (x86)/atmel/studio/7.0/toolchain/arm/arm-gnu-toolchain/bin/../lib/gcc/arm-none-eabi/6.3.1/thumb/v7-m/crtbegin.o
 .bss.handle_ButtonEventGroup
                0x20070b2c        0x4 src/ApplicationTasks.o
                0x20070b2c                handle_ButtonEventGroup
 .bss.handle_ButtonHandlerTask
                0x20070b30        0x4 src/ApplicationTasks.o
 .bss.handle_ControlTask
                0x20070b34        0x4 src/ApplicationTasks.o
                0x20070b34                handle_ControlTask
 .bss.handle_EmergencySemaphore
                0x20070b38        0x4 src/ApplicationTasks.o
                0x20070b38                handle_EmergencySemaphore
 .bss.handle_StateQueue
                0x20070b3c        0x4 src/ApplicationTasks.o
                0x20070b3c                handle_StateQueue
 .bss.handle_ThreadEventGroup
                0x20070b40        0x4 src/ApplicationTasks.o
                0x20070b40                handle_ThreadEventGroup
 .bss.handle_VisualisationTask
                0x20070b44        0x4 src/ApplicationTasks.o
 .bss.state     0x20070b48        0x1 src/ControlTask.o
 *fill*         0x20070b49        0x3 
 .bss.integral  0x20070b4c        0x4 src/DeltaKinematics.o
 .bss.motorIndex
                0x20070b50        0x1 src/DeltaKinematics.o
 *fill*         0x20070b51        0x3 
 .bss.prevError
                0x20070b54        0x4 src/DeltaKinematics.o
 .bss.HomingStarted
                0x20070b58        0x1 src/MotorControl.o
 *fill*         0x20070b59        0x3 
 .bss.MotorHomed
                0x20070b5c        0x3 src/MotorControl.o
 *fill*         0x20070b5f        0x1 
 .bss.alphaMax  0x20070b60        0xc src/MotionEngine.o
 .bss.alphaRef  0x20070b6c        0xc src/MotionEngine.o
 .bss.dt        0x20070b78        0x4 src/MotionEngine.o
 .bss.g_time    0x20070b7c        0x4 src/MotionEngine.o
 .bss.hoekFout  0x20070b80        0xc src/MotionEngine.o
 .bss.holdTargetPos_Rad
                0x20070b8c        0xc src/MotionEngine.o
 .bss.holdTargetValid
                0x20070b98        0x1 src/MotionEngine.o
 .bss.mI        0x20070b99        0x1 src/MotionEngine.o
 *fill*         0x20070b9a        0x2 
 .bss.motorControlOutput
                0x20070b9c        0xc src/MotionEngine.o
 .bss.motorPos_Rad
                0x20070ba8        0xc src/MotionEngine.o
 .bss.motorTargetRad
                0x20070bb4        0xc src/MotionEngine.o
 .bss.sequenceDone
                0x20070bc0        0x1 src/MotionEngine.o
 .bss.setupMotionProfileDone
                0x20070bc1        0x1 src/MotionEngine.o
 *fill*         0x20070bc2        0x2 
 .bss.t0        0x20070bc4        0x4 src/MotionEngine.o
 .bss.t1        0x20070bc8        0x4 src/MotionEngine.o
 .bss.t2        0x20070bcc        0x4 src/MotionEngine.o
 .bss.tau       0x20070bd0        0x4 src/MotionEngine.o
 .bss.thetaMax_inc
                0x20070bd4        0xc src/MotionEngine.o
 .bss.thetaRef  0x20070be0        0xc src/MotionEngine.o
 .bss.thetaStart
                0x20070bec        0xc src/MotionEngine.o
 .bss.tickCount
                0x20070bf8        0x8 src/MotionEngine.o
 .bss.uDac      0x20070c00        0xc src/MotionEngine.o
 .bss.verplaatsingKlaar
                0x20070c0c        0x1 src/MotionEngine.o
 *fill*         0x20070c0d        0x3 
 .bss.G_dioPins
                0x20070c10      0x100 src/RTSWLibrary/DeviceIOLib.o
 .bss.G_I2CClockRepairCount
                0x20070d10        0x1 src/RTSWLibrary/I2CLib.o
 .bss.G_IsI2CInitialised
                0x20070d11        0x1 src/RTSWLibrary/I2CLib.o
 *fill*         0x20070d12        0x2 
 .bss.G_i2cChannelHandles
                0x20070d14       0x40 src/RTSWLibrary/I2CLib.o
 .bss.G_IsSPIInitialised
                0x20070d54        0x1 src/RTSWLibrary/SPILib.o
 *fill*         0x20070d55        0x3 
 .bss.spiDevice
                0x20070d58        0x4 src/RTSWLibrary/SPILib.o
 .bss.rx_dma_control
                0x20070d5c       0x10 src/ASF/common/services/freertos/sam/freertos_twi_master.o
 .bss.twis      0x20070d6c       0x10 src/ASF/common/services/freertos/sam/freertos_twi_master.o
 .bss.tx_dma_control
                0x20070d7c       0x10 src/ASF/common/services/freertos/sam/freertos_twi_master.o
 .bss.rx_buffer_definitions
                0x20070d8c       0x1c src/ASF/common/services/freertos/sam/freertos_uart_serial.o
 .bss.tx_dma_control
                0x20070da8        0x8 src/ASF/common/services/freertos/sam/freertos_uart_serial.o
 .bss.ucMaxSysCallPriority
                0x20070db0        0x1 src/ASF/thirdparty/freertos/freertos-10.4.6/source/portable/GCC/ARM_CM3/port.o
 *fill*         0x20070db1        0x3 
 .bss.ulMaxPRIGROUPValue
                0x20070db4        0x4 src/ASF/thirdparty/freertos/freertos-10.4.6/source/portable/GCC/ARM_CM3/port.o
 .bss.pxEnd     0x20070db8        0x4 src/ASF/thirdparty/freertos/freertos-10.4.6/source/portable/MemMang/heap_4.o
 .bss.ucHeap    0x20070dbc     0xa000 src/ASF/thirdparty/freertos/freertos-10.4.6/source/portable/MemMang/heap_4.o
 .bss.xBlockAllocatedBit
                0x2007adbc        0x4 src/ASF/thirdparty/freertos/freertos-10.4.6/source/portable/MemMang/heap_4.o
 .bss.xFreeBytesRemaining
                0x2007adc0        0x4 src/ASF/thirdparty/freertos/freertos-10.4.6/source/portable/MemMang/heap_4.o
 .bss.xMinimumEverFreeBytesRemaining
                0x2007adc4        0x4 src/ASF/thirdparty/freertos/freertos-10.4.6/source/portable/MemMang/heap_4.o
 .bss.xNumberOfSuccessfulAllocations
                0x2007adc8        0x4 src/ASF/thirdparty/freertos/freertos-10.4.6/source/portable/MemMang/heap_4.o
 .bss.xNumberOfSuccessfulFrees
                0x2007adcc        0x4 src/ASF/thirdparty/freertos/freertos-10.4.6/source/portable/MemMang/heap_4.o
 .bss.xStart    0x2007add0        0x8 src/ASF/thirdparty/freertos/freertos-10.4.6/source/portable/MemMang/heap_4.o
 .bss.pxCurrentTCB
                0x2007add8        0x4 src/ASF/thirdparty/freertos/freertos-10.4.6/source/tasks.o
                0x2007add8                pxCurrentTCB
 .bss.pxDelayedTaskList
                0x2007addc        0x4 src/ASF/thirdparty/freertos/freertos-10.4.6/source/tasks.o
 .bss.pxOverflowDelayedTaskList
                0x2007ade0        0x4 src/ASF/thirdparty/freertos/freertos-10.4.6/source/tasks.o
 .bss.pxReadyTasksLists
                0x2007ade4       0x64 src/ASF/thirdparty/freertos/freertos-10.4.6/source/tasks.o
 .bss.ulTaskSwitchedInTime
                0x2007ae48        0x4 src/ASF/thirdparty/freertos/freertos-10.4.6/source/tasks.o
 .bss.ulTotalRunTime
                0x2007ae4c        0x4 src/ASF/thirdparty/freertos/freertos-10.4.6/source/tasks.o
 .bss.uxCurrentNumberOfTasks
                0x2007ae50        0x4 src/ASF/thirdparty/freertos/freertos-10.4.6/source/tasks.o
 .bss.uxDeletedTasksWaitingCleanUp
                0x2007ae54        0x4 src/ASF/thirdparty/freertos/freertos-10.4.6/source/tasks.o
 .bss.uxSchedulerSuspended
                0x2007ae58        0x4 src/ASF/thirdparty/freertos/freertos-10.4.6/source/tasks.o
 .bss.uxTaskNumber
                0x2007ae5c        0x4 src/ASF/thirdparty/freertos/freertos-10.4.6/source/tasks.o
 .bss.uxTopReadyPriority
                0x2007ae60        0x4 src/ASF/thirdparty/freertos/freertos-10.4.6/source/tasks.o
 .bss.xDelayedTaskList1
                0x2007ae64       0x14 src/ASF/thirdparty/freertos/freertos-10.4.6/source/tasks.o
 .bss.xDelayedTaskList2
                0x2007ae78       0x14 src/ASF/thirdparty/freertos/freertos-10.4.6/source/tasks.o
 .bss.xIdleTaskHandle
                0x2007ae8c        0x4 src/ASF/thirdparty/freertos/freertos-10.4.6/source/tasks.o
 .bss.xNextTaskUnblockTime
                0x2007ae90        0x4 src/ASF/thirdparty/freertos/freertos-10.4.6/source/tasks.o
 .bss.xNumOfOverflows
                0x2007ae94        0x4 src/ASF/thirdparty/freertos/freertos-10.4.6/source/tasks.o
 .bss.xPendedTicks
                0x2007ae98        0x4 src/ASF/thirdparty/freertos/freertos-10.4.6/source/tasks.o
 .bss.xPendingReadyList
                0x2007ae9c       0x14 src/ASF/thirdparty/freertos/freertos-10.4.6/source/tasks.o
 .bss.xSchedulerRunning
                0x2007aeb0        0x4 src/ASF/thirdparty/freertos/freertos-10.4.6/source/tasks.o
 .bss.xSuspendedTaskList
                0x2007aeb4       0x14 src/ASF/thirdparty/freertos/freertos-10.4.6/source/tasks.o
 .bss.xTasksWaitingTermination
                0x2007aec8       0x14 src/ASF/thirdparty/freertos/freertos-10.4.6/source/tasks.o
 .bss.xTickCount
                0x2007aedc        0x4 src/ASF/thirdparty/freertos/freertos-10.4.6/source/tasks.o
 .bss.xYieldPending
                0x2007aee0        0x4 src/ASF/thirdparty/freertos/freertos-10.4.6/source/tasks.o
 .bss.pxCurrentTimerList
                0x2007aee4        0x4 src/ASF/thirdparty/freertos/freertos-10.4.6/source/timers.o
 .bss.pxOverflowTimerList
                0x2007aee8        0x4 src/ASF/thirdparty/freertos/freertos-10.4.6/source/timers.o
 .bss.xActiveTimerList1
                0x2007aeec       0x14 src/ASF/thirdparty/freertos/freertos-10.4.6/source/timers.o
 .bss.xActiveTimerList2
                0x2007af00       0x14 src/ASF/thirdparty/freertos/freertos-10.4.6/source/timers.o
 .bss.xLastTime.8182
                0x2007af14        0x4 src/ASF/thirdparty/freertos/freertos-10.4.6/source/timers.o
 .bss.xTimerQueue
                0x2007af18        0x4 src/ASF/thirdparty/freertos/freertos-10.4.6/source/timers.o
 .bss.xTimerTaskHandle
                0x2007af1c        0x4 src/ASF/thirdparty/freertos/freertos-10.4.6/source/timers.o
 .bss.cOutputBuffer
                0x2007af20      0x190 src/freertosCLI/FreeRTOS_CLI.o
 .bss.pxCommand.8070
                0x2007b0b0        0x4 src/freertosCLI/FreeRTOS_CLI.o
 .bss.pxCommand.8104
                0x2007b0b4        0x4 src/freertosCLI/FreeRTOS_CLI.o
 .bss.handle_HartbeatTask
                0x2007b0b8        0x4 src/main.o
 .bss.handle_CommandConsoleTask
                0x2007b0bc        0x4 src/CommandConsole/CommandConsole.o
                0x2007b0bc                handle_CommandConsoleTask
 .bss.handle_PrintfTask